Archive member included to satisfy reference by file (symbol)

d:/programfiles/gnu arm embedded toolchain/10 2021.10/bin/../lib/gcc/arm-none-eabi/10.3.1/../../../../arm-none-eabi/lib/thumb/v7e-m/nofp\libstdc++.a(atexit_arm.o)
                              CMakeFiles/car0.elf.dir/Bridge/Bridge.cpp.obj (__aeabi_atexit)
d:/programfiles/gnu arm embedded toolchain/10 2021.10/bin/../lib/gcc/arm-none-eabi/10.3.1/../../../../arm-none-eabi/lib/thumb/v7e-m/nofp\libstdc++.a(class_type_info.o)
                              CMakeFiles/car0.elf.dir/myLib/Base_Hardware/Src/BaseSerial.cpp.obj (vtable for __cxxabiv1::__class_type_info)
d:/programfiles/gnu arm embedded toolchain/10 2021.10/bin/../lib/gcc/arm-none-eabi/10.3.1/../../../../arm-none-eabi/lib/thumb/v7e-m/nofp\libstdc++.a(del_ops.o)
                              CMakeFiles/car0.elf.dir/myLib/Base_Hardware/Src/BaseGPIO.cpp.obj (operator delete(void*, unsigned int))
d:/programfiles/gnu arm embedded toolchain/10 2021.10/bin/../lib/gcc/arm-none-eabi/10.3.1/../../../../arm-none-eabi/lib/thumb/v7e-m/nofp\libstdc++.a(eh_arm.o)
                              CMakeFiles/car0.elf.dir/myLib/Base_Hardware/Src/BaseGPIO.cpp.obj (__cxa_end_cleanup)
d:/programfiles/gnu arm embedded toolchain/10 2021.10/bin/../lib/gcc/arm-none-eabi/10.3.1/../../../../arm-none-eabi/lib/thumb/v7e-m/nofp\libstdc++.a(eh_exception.o)
                              d:/programfiles/gnu arm embedded toolchain/10 2021.10/bin/../lib/gcc/arm-none-eabi/10.3.1/../../../../arm-none-eabi/lib/thumb/v7e-m/nofp\libstdc++.a(eh_arm.o) (typeinfo for __cxxabiv1::__forced_unwind)
d:/programfiles/gnu arm embedded toolchain/10 2021.10/bin/../lib/gcc/arm-none-eabi/10.3.1/../../../../arm-none-eabi/lib/thumb/v7e-m/nofp\libstdc++.a(eh_globals.o)
                              d:/programfiles/gnu arm embedded toolchain/10 2021.10/bin/../lib/gcc/arm-none-eabi/10.3.1/../../../../arm-none-eabi/lib/thumb/v7e-m/nofp\libstdc++.a(eh_arm.o) (__cxa_get_globals)
d:/programfiles/gnu arm embedded toolchain/10 2021.10/bin/../lib/gcc/arm-none-eabi/10.3.1/../../../../arm-none-eabi/lib/thumb/v7e-m/nofp\libstdc++.a(eh_personality.o)
                              CMakeFiles/car0.elf.dir/myLib/Base_Hardware/Src/BaseGPIO.cpp.obj (__gxx_personality_v0)
d:/programfiles/gnu arm embedded toolchain/10 2021.10/bin/../lib/gcc/arm-none-eabi/10.3.1/../../../../arm-none-eabi/lib/thumb/v7e-m/nofp\libstdc++.a(eh_terminate.o)
                              d:/programfiles/gnu arm embedded toolchain/10 2021.10/bin/../lib/gcc/arm-none-eabi/10.3.1/../../../../arm-none-eabi/lib/thumb/v7e-m/nofp\libstdc++.a(eh_arm.o) (std::terminate())
d:/programfiles/gnu arm embedded toolchain/10 2021.10/bin/../lib/gcc/arm-none-eabi/10.3.1/../../../../arm-none-eabi/lib/thumb/v7e-m/nofp\libstdc++.a(eh_unex_handler.o)
                              d:/programfiles/gnu arm embedded toolchain/10 2021.10/bin/../lib/gcc/arm-none-eabi/10.3.1/../../../../arm-none-eabi/lib/thumb/v7e-m/nofp\libstdc++.a(eh_terminate.o) (__cxxabiv1::__unexpected_handler)
d:/programfiles/gnu arm embedded toolchain/10 2021.10/bin/../lib/gcc/arm-none-eabi/10.3.1/../../../../arm-none-eabi/lib/thumb/v7e-m/nofp\libstdc++.a(new_op.o)
                              CMakeFiles/car0.elf.dir/myLib/Base_Hardware/Src/BaseGPIO.cpp.obj (operator new(unsigned int))
d:/programfiles/gnu arm embedded toolchain/10 2021.10/bin/../lib/gcc/arm-none-eabi/10.3.1/../../../../arm-none-eabi/lib/thumb/v7e-m/nofp\libstdc++.a(pure.o)
                              CMakeFiles/car0.elf.dir/myLib/Base_Hardware/Src/BaseSerial.cpp.obj (__cxa_pure_virtual)
d:/programfiles/gnu arm embedded toolchain/10 2021.10/bin/../lib/gcc/arm-none-eabi/10.3.1/../../../../arm-none-eabi/lib/thumb/v7e-m/nofp\libstdc++.a(si_class_type_info.o)
                              CMakeFiles/car0.elf.dir/myLib/Base_Hardware/Src/BaseTime.cpp.obj (vtable for __cxxabiv1::__si_class_type_info)
d:/programfiles/gnu arm embedded toolchain/10 2021.10/bin/../lib/gcc/arm-none-eabi/10.3.1/../../../../arm-none-eabi/lib/thumb/v7e-m/nofp\libstdc++.a(tinfo.o)
                              d:/programfiles/gnu arm embedded toolchain/10 2021.10/bin/../lib/gcc/arm-none-eabi/10.3.1/../../../../arm-none-eabi/lib/thumb/v7e-m/nofp\libstdc++.a(class_type_info.o) (std::type_info::~type_info())
d:/programfiles/gnu arm embedded toolchain/10 2021.10/bin/../lib/gcc/arm-none-eabi/10.3.1/../../../../arm-none-eabi/lib/thumb/v7e-m/nofp\libstdc++.a(vmi_class_type_info.o)
                              CMakeFiles/car0.elf.dir/myLib/Base_Hardware/Src/BaseSerial.cpp.obj (vtable for __cxxabiv1::__vmi_class_type_info)
d:/programfiles/gnu arm embedded toolchain/10 2021.10/bin/../lib/gcc/arm-none-eabi/10.3.1/../../../../arm-none-eabi/lib/thumb/v7e-m/nofp\libstdc++.a(vterminate.o)
                              d:/programfiles/gnu arm embedded toolchain/10 2021.10/bin/../lib/gcc/arm-none-eabi/10.3.1/../../../../arm-none-eabi/lib/thumb/v7e-m/nofp\libstdc++.a(eh_terminate.o) (__gnu_cxx::__verbose_terminate_handler())
[...]
Memory Configuration

Name             Origin             Length             Attributes
CCMRAM           0x10000000         0x00010000         xrw
RAM              0x20000000         0x00020000         xrw
FLASH            0x08000000         0x00100000         xr
*default*        0x00000000         0xffffffff

Linker script and memory map

LOAD d:/programfiles/gnu arm embedded toolchain/10 2021.10/bin/../lib/gcc/arm-none-eabi/10.3.1/thumb/v7e-m/nofp/crti.o
LOAD d:/programfiles/gnu arm embedded toolchain/10 2021.10/bin/../lib/gcc/arm-none-eabi/10.3.1/thumb/v7e-m/nofp/crtbegin.o
LOAD d:/programfiles/gnu arm embedded toolchain/10 2021.10/bin/../lib/gcc/arm-none-eabi/10.3.1/../../../../arm-none-eabi/lib/thumb/v7e-m/nofp/crt0.o
LOAD CMakeFiles/car0.elf.dir/Bridge/Bridge.cpp.obj
LOAD CMakeFiles/car0.elf.dir/Core/Src/gpio.c.obj
LOAD CMakeFiles/car0.elf.dir/Core/Src/main.c.obj
LOAD CMakeFiles/car0.elf.dir/Core/Src/stm32f4xx_hal_msp.c.obj
LOAD CMakeFiles/car0.elf.dir/Core/Src/stm32f4xx_it.c.obj
LOAD CMakeFiles/car0.elf.dir/Core/Src/syscalls.c.obj
LOAD CMakeFiles/car0.elf.dir/Core/Src/sysmem.c.obj
LOAD CMakeFiles/car0.elf.dir/Core/Src/system_stm32f4xx.c.obj
LOAD CMakeFiles/car0.elf.dir/Core/Src/usart.c.obj
LOAD CMakeFiles/car0.elf.dir/Core/Startup/startup_stm32f407zgtx.s.obj
LOAD CMakeFiles/car0.elf.dir/Drivers/STM32F4xx_HAL_Driver/Src/stm32f4xx_hal.c.obj
LOAD CMakeFiles/car0.elf.dir/Drivers/STM32F4xx_HAL_Driver/Src/stm32f4xx_hal_adc.c.obj
LOAD CMakeFiles/car0.elf.dir/Drivers/STM32F4xx_HAL_Driver/Src/stm32f4xx_hal_adc_ex.c.obj
LOAD CMakeFiles/car0.elf.dir/Drivers/STM32F4xx_HAL_Driver/Src/stm32f4xx_hal_can.c.obj
LOAD CMakeFiles/car0.elf.dir/Drivers/STM32F4xx_HAL_Driver/Src/stm32f4xx_hal_cec.c.obj
LOAD CMakeFiles/car0.elf.dir/Drivers/STM32F4xx_HAL_Driver/Src/stm32f4xx_hal_cortex.c.obj
LOAD CMakeFiles/car0.elf.dir/Drivers/STM32F4xx_HAL_Driver/Src/stm32f4xx_hal_crc.c.obj
LOAD CMakeFiles/car0.elf.dir/Drivers/STM32F4xx_HAL_Driver/Src/stm32f4xx_hal_cryp.c.obj
LOAD CMakeFiles/car0.elf.dir/Drivers/STM32F4xx_HAL_Driver/Src/stm32f4xx_hal_cryp_ex.c.obj
LOAD CMakeFiles/car0.elf.dir/Drivers/STM32F4xx_HAL_Driver/Src/stm32f4xx_hal_dac.c.obj
LOAD CMakeFiles/car0.elf.dir/Drivers/STM32F4xx_HAL_Driver/Src/stm32f4xx_hal_dac_ex.c.obj
LOAD CMakeFiles/car0.elf.dir/Drivers/STM32F4xx_HAL_Driver/Src/stm32f4xx_hal_dcmi.c.obj
LOAD CMakeFiles/car0.elf.dir/Drivers/STM32F4xx_HAL_Driver/Src/stm32f4xx_hal_dcmi_ex.c.obj
LOAD CMakeFiles/car0.elf.dir/Drivers/STM32F4xx_HAL_Driver/Src/stm32f4xx_hal_dfsdm.c.obj
LOAD CMakeFiles/car0.elf.dir/Drivers/STM32F4xx_HAL_Driver/Src/stm32f4xx_hal_dma.c.obj
LOAD CMakeFiles/car0.elf.dir/Drivers/STM32F4xx_HAL_Driver/Src/stm32f4xx_hal_dma2d.c.obj
LOAD CMakeFiles/car0.elf.dir/Drivers/STM32F4xx_HAL_Driver/Src/stm32f4xx_hal_dma_ex.c.obj
LOAD CMakeFiles/car0.elf.dir/Drivers/STM32F4xx_HAL_Driver/Src/stm32f4xx_hal_dsi.c.obj
LOAD CMakeFiles/car0.elf.dir/Drivers/STM32F4xx_HAL_Driver/Src/stm32f4xx_hal_eth.c.obj
LOAD CMakeFiles/car0.elf.dir/Drivers/STM32F4xx_HAL_Driver/Src/stm32f4xx_hal_exti.c.obj
LOAD CMakeFiles/car0.elf.dir/Drivers/STM32F4xx_HAL_Driver/Src/stm32f4xx_hal_flash.c.obj
LOAD CMakeFiles/car0.elf.dir/Drivers/STM32F4xx_HAL_Driver/Src/stm32f4xx_hal_flash_ex.c.obj
LOAD CMakeFiles/car0.elf.dir/Drivers/STM32F4xx_HAL_Driver/Src/stm32f4xx_hal_flash_ramfunc.c.obj
LOAD CMakeFiles/car0.elf.dir/Drivers/STM32F4xx_HAL_Driver/Src/stm32f4xx_hal_fmpi2c.c.obj
LOAD CMakeFiles/car0.elf.dir/Drivers/STM32F4xx_HAL_Driver/Src/stm32f4xx_hal_fmpi2c_ex.c.obj
LOAD CMakeFiles/car0.elf.dir/Drivers/STM32F4xx_HAL_Driver/Src/stm32f4xx_hal_fmpsmbus.c.obj
LOAD CMakeFiles/car0.elf.dir/Drivers/STM32F4xx_HAL_Driver/Src/stm32f4xx_hal_fmpsmbus_ex.c.obj
LOAD CMakeFiles/car0.elf.dir/Drivers/STM32F4xx_HAL_Driver/Src/stm32f4xx_hal_gpio.c.obj
LOAD CMakeFiles/car0.elf.dir/Drivers/STM32F4xx_HAL_Driver/Src/stm32f4xx_hal_hash.c.obj
LOAD CMakeFiles/car0.elf.dir/Drivers/STM32F4xx_HAL_Driver/Src/stm32f4xx_hal_hash_ex.c.obj
LOAD CMakeFiles/car0.elf.dir/Drivers/STM32F4xx_HAL_Driver/Src/stm32f4xx_hal_hcd.c.obj
LOAD CMakeFiles/car0.elf.dir/Drivers/STM32F4xx_HAL_Driver/Src/stm32f4xx_hal_i2c.c.obj
LOAD CMakeFiles/car0.elf.dir/Drivers/STM32F4xx_HAL_Driver/Src/stm32f4xx_hal_i2c_ex.c.obj
LOAD CMakeFiles/car0.elf.dir/Drivers/STM32F4xx_HAL_Driver/Src/stm32f4xx_hal_i2s.c.obj
LOAD CMakeFiles/car0.elf.dir/Drivers/STM32F4xx_HAL_Driver/Src/stm32f4xx_hal_i2s_ex.c.obj
LOAD CMakeFiles/car0.elf.dir/Drivers/STM32F4xx_HAL_Driver/Src/stm32f4xx_hal_irda.c.obj
LOAD CMakeFiles/car0.elf.dir/Drivers/STM32F4xx_HAL_Driver/Src/stm32f4xx_hal_iwdg.c.obj
LOAD CMakeFiles/car0.elf.dir/Drivers/STM32F4xx_HAL_Driver/Src/stm32f4xx_hal_lptim.c.obj
LOAD CMakeFiles/car0.elf.dir/Drivers/STM32F4xx_HAL_Driver/Src/stm32f4xx_hal_ltdc.c.obj
LOAD CMakeFiles/car0.elf.dir/Drivers/STM32F4xx_HAL_Driver/Src/stm32f4xx_hal_ltdc_ex.c.obj
LOAD CMakeFiles/car0.elf.dir/Drivers/STM32F4xx_HAL_Driver/Src/stm32f4xx_hal_mmc.c.obj
LOAD CMakeFiles/car0.elf.dir/Drivers/STM32F4xx_HAL_Driver/Src/stm32f4xx_hal_nand.c.obj
LOAD CMakeFiles/car0.elf.dir/Drivers/STM32F4xx_HAL_Driver/Src/stm32f4xx_hal_nor.c.obj
LOAD CMakeFiles/car0.elf.dir/Drivers/STM32F4xx_HAL_Driver/Src/stm32f4xx_hal_pccard.c.obj
LOAD CMakeFiles/car0.elf.dir/Drivers/STM32F4xx_HAL_Driver/Src/stm32f4xx_hal_pcd.c.obj
LOAD CMakeFiles/car0.elf.dir/Drivers/STM32F4xx_HAL_Driver/Src/stm32f4xx_hal_pcd_ex.c.obj
LOAD CMakeFiles/car0.elf.dir/Drivers/STM32F4xx_HAL_Driver/Src/stm32f4xx_hal_pwr.c.obj
LOAD CMakeFiles/car0.elf.dir/Drivers/STM32F4xx_HAL_Driver/Src/stm32f4xx_hal_pwr_ex.c.obj
LOAD CMakeFiles/car0.elf.dir/Drivers/STM32F4xx_HAL_Driver/Src/stm32f4xx_hal_qspi.c.obj
LOAD CMakeFiles/car0.elf.dir/Drivers/STM32F4xx_HAL_Driver/Src/stm32f4xx_hal_rcc.c.obj
LOAD CMakeFiles/car0.elf.dir/Drivers/STM32F4xx_HAL_Driver/Src/stm32f4xx_hal_rcc_ex.c.obj
LOAD CMakeFiles/car0.elf.dir/Drivers/STM32F4xx_HAL_Driver/Src/stm32f4xx_hal_rng.c.obj
LOAD CMakeFiles/car0.elf.dir/Drivers/STM32F4xx_HAL_Driver/Src/stm32f4xx_hal_rtc.c.obj
LOAD CMakeFiles/car0.elf.dir/Drivers/STM32F4xx_HAL_Driver/Src/stm32f4xx_hal_rtc_ex.c.obj
LOAD CMakeFiles/car0.elf.dir/Drivers/STM32F4xx_HAL_Driver/Src/stm32f4xx_hal_sai.c.obj
LOAD CMakeFiles/car0.elf.dir/Drivers/STM32F4xx_HAL_Driver/Src/stm32f4xx_hal_sai_ex.c.obj
LOAD CMakeFiles/car0.elf.dir/Drivers/STM32F4xx_HAL_Driver/Src/stm32f4xx_hal_sd.c.obj
LOAD CMakeFiles/car0.elf.dir/Drivers/STM32F4xx_HAL_Driver/Src/stm32f4xx_hal_sdram.c.obj
LOAD CMakeFiles/car0.elf.dir/Drivers/STM32F4xx_HAL_Driver/Src/stm32f4xx_hal_smartcard.c.obj
LOAD CMakeFiles/car0.elf.dir/Drivers/STM32F4xx_HAL_Driver/Src/stm32f4xx_hal_smbus.c.obj
LOAD CMakeFiles/car0.elf.dir/Drivers/STM32F4xx_HAL_Driver/Src/stm32f4xx_hal_spdifrx.c.obj
LOAD CMakeFiles/car0.elf.dir/Drivers/STM32F4xx_HAL_Driver/Src/stm32f4xx_hal_spi.c.obj
LOAD CMakeFiles/car0.elf.dir/Drivers/STM32F4xx_HAL_Driver/Src/stm32f4xx_hal_sram.c.obj
LOAD CMakeFiles/car0.elf.dir/Drivers/STM32F4xx_HAL_Driver/Src/stm32f4xx_hal_tim.c.obj
LOAD CMakeFiles/car0.elf.dir/Drivers/STM32F4xx_HAL_Driver/Src/stm32f4xx_hal_tim_ex.c.obj
LOAD CMakeFiles/car0.elf.dir/Drivers/STM32F4xx_HAL_Driver/Src/stm32f4xx_hal_uart.c.obj
LOAD CMakeFiles/car0.elf.dir/Drivers/STM32F4xx_HAL_Driver/Src/stm32f4xx_hal_usart.c.obj
LOAD CMakeFiles/car0.elf.dir/Drivers/STM32F4xx_HAL_Driver/Src/stm32f4xx_hal_wwdg.c.obj
LOAD CMakeFiles/car0.elf.dir/Drivers/STM32F4xx_HAL_Driver/Src/stm32f4xx_ll_adc.c.obj
LOAD CMakeFiles/car0.elf.dir/Drivers/STM32F4xx_HAL_Driver/Src/stm32f4xx_ll_crc.c.obj
LOAD CMakeFiles/car0.elf.dir/Drivers/STM32F4xx_HAL_Driver/Src/stm32f4xx_ll_dac.c.obj
LOAD CMakeFiles/car0.elf.dir/Drivers/STM32F4xx_HAL_Driver/Src/stm32f4xx_ll_dma.c.obj
LOAD CMakeFiles/car0.elf.dir/Drivers/STM32F4xx_HAL_Driver/Src/stm32f4xx_ll_dma2d.c.obj
LOAD CMakeFiles/car0.elf.dir/Drivers/STM32F4xx_HAL_Driver/Src/stm32f4xx_ll_exti.c.obj
LOAD CMakeFiles/car0.elf.dir/Drivers/STM32F4xx_HAL_Driver/Src/stm32f4xx_ll_fmc.c.obj
LOAD CMakeFiles/car0.elf.dir/Drivers/STM32F4xx_HAL_Driver/Src/stm32f4xx_ll_fmpi2c.c.obj
LOAD CMakeFiles/car0.elf.dir/Drivers/STM32F4xx_HAL_Driver/Src/stm32f4xx_ll_fsmc.c.obj
LOAD CMakeFiles/car0.elf.dir/Drivers/STM32F4xx_HAL_Driver/Src/stm32f4xx_ll_gpio.c.obj
LOAD CMakeFiles/car0.elf.dir/Drivers/STM32F4xx_HAL_Driver/Src/stm32f4xx_ll_i2c.c.obj
LOAD CMakeFiles/car0.elf.dir/Drivers/STM32F4xx_HAL_Driver/Src/stm32f4xx_ll_lptim.c.obj
LOAD CMakeFiles/car0.elf.dir/Drivers/STM32F4xx_HAL_Driver/Src/stm32f4xx_ll_pwr.c.obj
LOAD CMakeFiles/car0.elf.dir/Drivers/STM32F4xx_HAL_Driver/Src/stm32f4xx_ll_rcc.c.obj
LOAD CMakeFiles/car0.elf.dir/Drivers/STM32F4xx_HAL_Driver/Src/stm32f4xx_ll_rng.c.obj
LOAD CMakeFiles/car0.elf.dir/Drivers/STM32F4xx_HAL_Driver/Src/stm32f4xx_ll_rtc.c.obj
LOAD CMakeFiles/car0.elf.dir/Drivers/STM32F4xx_HAL_Driver/Src/stm32f4xx_ll_sdmmc.c.obj
LOAD CMakeFiles/car0.elf.dir/Drivers/STM32F4xx_HAL_Driver/Src/stm32f4xx_ll_spi.c.obj
LOAD CMakeFiles/car0.elf.dir/Drivers/STM32F4xx_HAL_Driver/Src/stm32f4xx_ll_tim.c.obj
LOAD CMakeFiles/car0.elf.dir/Drivers/STM32F4xx_HAL_Driver/Src/stm32f4xx_ll_usart.c.obj
LOAD CMakeFiles/car0.elf.dir/Drivers/STM32F4xx_HAL_Driver/Src/stm32f4xx_ll_usb.c.obj
LOAD CMakeFiles/car0.elf.dir/Drivers/STM32F4xx_HAL_Driver/Src/stm32f4xx_ll_utils.c.obj
LOAD CMakeFiles/car0.elf.dir/myLib/Base_Hardware/Src/BaseGPIO.cpp.obj
LOAD CMakeFiles/car0.elf.dir/myLib/Base_Hardware/Src/BaseSerial.cpp.obj
LOAD CMakeFiles/car0.elf.dir/myLib/Base_Hardware/Src/BaseSystic.cpp.obj
LOAD CMakeFiles/car0.elf.dir/myLib/Base_Hardware/Src/BaseTime.cpp.obj
LOAD CMakeFiles/car0.elf.dir/myLib/Base_Hardware/Src/BaseUniversalTimer.cpp.obj
LOAD CMakeFiles/car0.elf.dir/myLib/DataStream/inputStream.cpp.obj
LOAD CMakeFiles/car0.elf.dir/myLib/DataStream/outputStream.cpp.obj
LOAD CMakeFiles/car0.elf.dir/myLib/Factory/Src/Factory.cpp.obj
LOAD CMakeFiles/car0.elf.dir/myLib/MCU_Hardware/Src/MyAFIO.cpp.obj
LOAD CMakeFiles/car0.elf.dir/myLib/MCU_Hardware/Src/MyGPIO.cpp.obj
LOAD CMakeFiles/car0.elf.dir/myLib/MCU_Hardware/Src/MySystic.cpp.obj
LOAD CMakeFiles/car0.elf.dir/myLib/MCU_Hardware/Src/MyUsart.cpp.obj
LOAD CMakeFiles/car0.elf.dir/myLib/MCU_Hardware/Timer/Src/MyBaseTime.cpp.obj
LOAD CMakeFiles/car0.elf.dir/myLib/MCU_Hardware/Timer/Src/MyUniversalTimer.cpp.obj
LOAD CMakeFiles/car0.elf.dir/myLib/MCU_Hardware/Timer/Src/timeIT.cpp.obj
LOAD CMakeFiles/car0.elf.dir/myLib/Virtual_Hardware/Src/virAFIO.cpp.obj
LOAD CMakeFiles/car0.elf.dir/myLib/Virtual_Hardware/Src/virGPIO.cpp.obj
LOAD CMakeFiles/car0.elf.dir/myLib/Virtual_Hardware/Src/virSystic.cpp.obj
LOAD CMakeFiles/car0.elf.dir/myLib/Virtual_Hardware/Src/virTime.cpp.obj
LOAD CMakeFiles/car0.elf.dir/myLib/Virtual_Hardware/Src/virUsart.cpp.obj
LOAD CMakeFiles/car0.elf.dir/myLib/otherConfig/TimeAuxiliaryfunction.cpp.obj
LOAD CMakeFiles/car0.elf.dir/myLib/otherLib/WString.cpp.obj
LOAD CMakeFiles/car0.elf.dir/myLib/otherLib/bswap.c.obj
LOAD CMakeFiles/car0.elf.dir/myLib/otherLib/stdlib_noniso.c.obj
LOAD d:/programfiles/gnu arm embedded toolchain/10 2021.10/bin/../lib/gcc/arm-none-eabi/10.3.1/../../../../arm-none-eabi/lib/thumb/v7e-m/nofp\libstdc++.a
LOAD d:/programfiles/gnu arm embedded toolchain/10 2021.10/bin/../lib/gcc/arm-none-eabi/10.3.1/../../../../arm-none-eabi/lib/thumb/v7e-m/nofp\libm.a
START GROUP
LOAD d:/programfiles/gnu arm embedded toolchain/10 2021.10/bin/../lib/gcc/arm-none-eabi/10.3.1/thumb/v7e-m/nofp\libgcc.a
LOAD d:/programfiles/gnu arm embedded toolchain/10 2021.10/bin/../lib/gcc/arm-none-eabi/10.3.1/../../../../arm-none-eabi/lib/thumb/v7e-m/nofp\libg.a
LOAD d:/programfiles/gnu arm embedded toolchain/10 2021.10/bin/../lib/gcc/arm-none-eabi/10.3.1/../../../../arm-none-eabi/lib/thumb/v7e-m/nofp\libc.a
END GROUP
LOAD d:/programfiles/gnu arm embedded toolchain/10 2021.10/bin/../lib/gcc/arm-none-eabi/10.3.1/thumb/v7e-m/nofp/crtend.o
LOAD d:/programfiles/gnu arm embedded toolchain/10 2021.10/bin/../lib/gcc/arm-none-eabi/10.3.1/thumb/v7e-m/nofp/crtn.o
                0x20020000                _estack = (ORIGIN (RAM) + LENGTH (RAM))
                0x00000200                _Min_Heap_Size = 0x200
                0x00000400                _Min_Stack_Size = 0x400

.isr_vector     0x08000000      0x188
                0x08000000                . = ALIGN (0x4)
 *(.isr_vector)
 .isr_vector    0x08000000      0x188 CMakeFiles/car0.elf.dir/Core/Startup/startup_stm32f407zgtx.s.obj
                0x08000000                g_pfnVectors
                0x08000188                . = ALIGN (0x4)

.text           0x080001c0    0x12d18
                0x080001c0                . = ALIGN (0x4)
 *(.text)
 .text          0x080001c0       0x40 d:/programfiles/gnu arm embedded toolchain/10 2021.10/bin/../lib/gcc/arm-none-eabi/10.3.1/thumb/v7e-m/nofp/crtbegin.o
 .text          0x08000200     0x5fa4 d:/programfiles/gnu arm embedded toolchain/10 2021.10/bin/../lib/gcc/arm-none-eabi/10.3.1/../../../../arm-none-eabi/lib/thumb/v7e-m/nofp\libstdc++.a(cp-demangle.o)
                0x080060bc                __cxa_demangle
                0x08006180                __gcclibcxx_demangle_callback
 .text          0x080061a4      0x168 d:/programfiles/gnu arm embedded toolchain/10 2021.10/bin/../lib/gcc/arm-none-eabi/10.3.1/thumb/v7e-m/nofp\libgcc.a(_arm_mulsf3.o)
                0x080061a4                __aeabi_fmul
                0x080061a4                __mulsf3
 .text          0x0800630c      0x378 d:/programfiles/gnu arm embedded toolchain/10 2021.10/bin/../lib/gcc/arm-none-eabi/10.3.1/thumb/v7e-m/nofp\libgcc.a(_arm_addsubdf3.o)
                0x0800630c                __aeabi_drsub
                0x08006314                __aeabi_dsub
                0x08006314                __subdf3
                0x08006318                __aeabi_dadd
                0x08006318                __adddf3
                0x08006590                __floatunsidf
                0x08006590                __aeabi_ui2d
                0x080065b0                __floatsidf
                0x080065b0                __aeabi_i2d
                0x080065d4                __aeabi_f2d
                0x080065d4                __extendsfdf2
                0x08006618                __floatundidf
                0x08006618                __aeabi_ul2d
                0x08006628                __floatdidf
                0x08006628                __aeabi_l2d
 .text          0x08006684      0x424 d:/programfiles/gnu arm embedded toolchain/10 2021.10/bin/../lib/gcc/arm-none-eabi/10.3.1/thumb/v7e-m/nofp\libgcc.a(_arm_muldivdf3.o)
                0x08006684                __aeabi_dmul
                0x08006684                __muldf3
                0x080068d8                __divdf3
                0x080068d8                __aeabi_ddiv
 .text          0x08006aa8      0x110 d:/programfiles/gnu arm embedded toolchain/10 2021.10/bin/../lib/gcc/arm-none-eabi/10.3.1/thumb/v7e-m/nofp\libgcc.a(_arm_cmpdf2.o)
                0x08006aa8                __gtdf2
                0x08006aa8                __gedf2
                0x08006ab0                __ltdf2
                0x08006ab0                __ledf2
                0x08006ab8                __nedf2
                0x08006ab8                __eqdf2
                0x08006ab8                __cmpdf2
                0x08006b34                __aeabi_cdrcmple
                0x08006b44                __aeabi_cdcmpeq
                0x08006b44                __aeabi_cdcmple
                0x08006b54                __aeabi_dcmpeq
                0x08006b68                __aeabi_dcmplt
                0x08006b7c                __aeabi_dcmple
                0x08006b90                __aeabi_dcmpge
                0x08006ba4                __aeabi_dcmpgt
 .text          0x08006bb8       0x2c d:/programfiles/gnu arm embedded toolchain/10 2021.10/bin/../lib/gcc/arm-none-eabi/10.3.1/thumb/v7e-m/nofp\libgcc.a(_arm_unorddf2.o)
                0x08006bb8                __unorddf2
                0x08006bb8                __aeabi_dcmpun
 .text          0x08006be4       0x50 d:/programfiles/gnu arm embedded toolchain/10 2021.10/bin/../lib/gcc/arm-none-eabi/10.3.1/thumb/v7e-m/nofp\libgcc.a(_arm_fixdfsi.o)
                0x08006be4                __aeabi_d2iz
                0x08006be4                __fixdfsi
 .text          0x08006c34       0x40 d:/programfiles/gnu arm embedded toolchain/10 2021.10/bin/../lib/gcc/arm-none-eabi/10.3.1/thumb/v7e-m/nofp\libgcc.a(_arm_fixunssfsi.o)
                0x08006c34                __fixunssfsi
                0x08006c34                __aeabi_f2uiz
 .text          0x08006c74       0x30 d:/programfiles/gnu arm embedded toolchain/10 2021.10/bin/../lib/gcc/arm-none-eabi/10.3.1/thumb/v7e-m/nofp\libgcc.a(_aeabi_uldivmod.o)
                0x08006c74                __aeabi_uldivmod
 .text          0x08006ca4      0x2d0 d:/programfiles/gnu arm embedded toolchain/10 2021.10/bin/../lib/gcc/arm-none-eabi/10.3.1/thumb/v7e-m/nofp\libgcc.a(_udivmoddi4.o)
                0x08006ca4                __udivmoddi4
 .text          0x08006f74      0x9d8 d:/programfiles/gnu arm embedded toolchain/10 2021.10/bin/../lib/gcc/arm-none-eabi/10.3.1/thumb/v7e-m/nofp\libgcc.a(unwind-arm.o)
                0x0800721c                _Unwind_GetCFA
                0x08007220                __gnu_Unwind_RaiseException
                0x08007288                __gnu_Unwind_ForcedUnwind
                0x08007298                __gnu_Unwind_Resume
                0x080072dc                __gnu_Unwind_Resume_or_Rethrow
                0x080072ec                _Unwind_Complete
                0x080072f0                _Unwind_DeleteException
                0x080072fc                _Unwind_VRS_Get
                0x08007348                _Unwind_VRS_Set
                0x08007390                __gnu_Unwind_Backtrace
                0x080076bc                __aeabi_unwind_cpp_pr0
                0x080076c0                __aeabi_unwind_cpp_pr1
                0x080076c4                __aeabi_unwind_cpp_pr2
                0x080076c8                _Unwind_VRS_Pop
 .text          0x0800794c      0x1ac d:/programfiles/gnu arm embedded toolchain/10 2021.10/bin/../lib/gcc/arm-none-eabi/10.3.1/thumb/v7e-m/nofp\libgcc.a(libunwind.o)
                0x0800794c                __restore_core_regs
                0x0800794c                restore_core_regs
                0x08007964                __gnu_Unwind_Restore_VFP
                0x0800796c                __gnu_Unwind_Save_VFP
                0x08007974                __gnu_Unwind_Restore_VFP_D
                0x0800797c                __gnu_Unwind_Save_VFP_D
                0x08007984                __gnu_Unwind_Restore_VFP_D_16_to_31
                0x0800798c                __gnu_Unwind_Save_VFP_D_16_to_31
                0x08007994                __gnu_Unwind_Restore_WMMXD
                0x080079d8                __gnu_Unwind_Save_WMMXD
                0x08007a1c                __gnu_Unwind_Restore_WMMXC
                0x08007a30                __gnu_Unwind_Save_WMMXC
                0x08007a44                ___Unwind_RaiseException
                0x08007a44                _Unwind_RaiseException
                0x08007a68                _Unwind_Resume
                0x08007a68                ___Unwind_Resume
                0x08007a8c                _Unwind_Resume_or_Rethrow
                0x08007a8c                ___Unwind_Resume_or_Rethrow
                0x08007ab0                _Unwind_ForcedUnwind
                0x08007ab0                ___Unwind_ForcedUnwind
                0x08007ad4                ___Unwind_Backtrace
                0x08007ad4                _Unwind_Backtrace
 .text          0x08007af8      0x350 d:/programfiles/gnu arm embedded toolchain/10 2021.10/bin/../lib/gcc/arm-none-eabi/10.3.1/thumb/v7e-m/nofp\libgcc.a(pr-support.o)
                0x08007b50                __gnu_unwind_execute
                0x08007dfc                __gnu_unwind_frame
                0x08007e28                _Unwind_GetRegionStart
                0x08007e34                _Unwind_GetLanguageSpecificData
 .text          0x08007e48        0x4 d:/programfiles/gnu arm embedded toolchain/10 2021.10/bin/../lib/gcc/arm-none-eabi/10.3.1/thumb/v7e-m/nofp\libgcc.a(_dvmd_tls.o)
                0x08007e48                __aeabi_idiv0
                0x08007e48                __aeabi_ldiv0
 *fill*         0x08007e4c        0x4 
 .text          0x08007e50       0xa0 d:/programfiles/gnu arm embedded toolchain/10 2021.10/bin/../lib/gcc/arm-none-eabi/10.3.1/../../../../arm-none-eabi/lib/thumb/v7e-m/nofp\libg.a(lib_a-memchr.o)
                0x08007e50                memchr
 .text          0x08007ef0      0x134 d:/programfiles/gnu arm embedded toolchain/10 2021.10/bin/../lib/gcc/arm-none-eabi/10.3.1/../../../../arm-none-eabi/lib/thumb/v7e-m/nofp\libg.a(lib_a-memcpy.o)
                0x08007ef0                memcpy
 *fill*         0x08008024       0x1c 
 .text          0x08008040      0x2dc d:/programfiles/gnu arm embedded toolchain/10 2021.10/bin/../lib/gcc/arm-none-eabi/10.3.1/../../../../arm-none-eabi/lib/thumb/v7e-m/nofp\libg.a(lib_a-strcmp.o)
                0x08008048                strcmp
 *fill*         0x0800831c       0x24 
 .text          0x08008340       0xdc d:/programfiles/gnu arm embedded toolchain/10 2021.10/bin/../lib/gcc/arm-none-eabi/10.3.1/../../../../arm-none-eabi/lib/thumb/v7e-m/nofp\libg.a(lib_a-strlen.o)
                0x08008340                strlen
 *(.text*)
 .text._Z6time12v
                0x0800841c       0x2c CMakeFiles/car0.elf.dir/Bridge/Bridge.cpp.obj
                0x0800841c                time12()
 .text._Z41__static_initialization_and_destruction_0ii
                0x08008448       0x74 CMakeFiles/car0.elf.dir/Bridge/Bridge.cpp.obj
 .text._GLOBAL__sub_I_led
                0x080084bc        0xe CMakeFiles/car0.elf.dir/Bridge/Bridge.cpp.obj
 *fill*         0x080084ca        0x2 
 .text.MyMian   0x080084cc       0x60 CMakeFiles/car0.elf.dir/Bridge/Bridge.cpp.obj
                0x080084cc                MyMian
 .text.MX_GPIO_Init
                0x0800852c       0x4c CMakeFiles/car0.elf.dir/Core/Src/gpio.c.obj
                0x0800852c                MX_GPIO_Init
 .text.Error_Handler
                0x08008578        0x4 CMakeFiles/car0.elf.dir/Core/Src/main.c.obj
                0x08008578                Error_Handler
 .text.SystemClock_Config
                0x0800857c       0xa4 CMakeFiles/car0.elf.dir/Core/Src/main.c.obj
                0x0800857c                SystemClock_Config
 .text.main     0x08008620       0x14 CMakeFiles/car0.elf.dir/Core/Src/main.c.obj
                0x08008620                main
 .text.HAL_MspInit
                0x08008634       0x38 CMakeFiles/car0.elf.dir/Core/Src/stm32f4xx_hal_msp.c.obj
                0x08008634                HAL_MspInit
 .text.NMI_Handler
                0x0800866c        0x2 CMakeFiles/car0.elf.dir/Core/Src/stm32f4xx_it.c.obj
                0x0800866c                NMI_Handler
 .text.HardFault_Handler
                0x0800866e        0x2 CMakeFiles/car0.elf.dir/Core/Src/stm32f4xx_it.c.obj
                0x0800866e                HardFault_Handler
 .text.MemManage_Handler
                0x08008670        0x2 CMakeFiles/car0.elf.dir/Core/Src/stm32f4xx_it.c.obj
                0x08008670                MemManage_Handler
 .text.BusFault_Handler
                0x08008672        0x2 CMakeFiles/car0.elf.dir/Core/Src/stm32f4xx_it.c.obj
                0x08008672                BusFault_Handler
 .text.UsageFault_Handler
                0x08008674        0x2 CMakeFiles/car0.elf.dir/Core/Src/stm32f4xx_it.c.obj
                0x08008674                UsageFault_Handler
 .text.SVC_Handler
                0x08008676        0x2 CMakeFiles/car0.elf.dir/Core/Src/stm32f4xx_it.c.obj
                0x08008676                SVC_Handler
 .text.DebugMon_Handler
                0x08008678        0x2 CMakeFiles/car0.elf.dir/Core/Src/stm32f4xx_it.c.obj
                0x08008678                DebugMon_Handler
 .text.PendSV_Handler
                0x0800867a        0x2 CMakeFiles/car0.elf.dir/Core/Src/stm32f4xx_it.c.obj
                0x0800867a                PendSV_Handler
 .text.SysTick_Handler
                0x0800867c        0x8 CMakeFiles/car0.elf.dir/Core/Src/stm32f4xx_it.c.obj
                0x0800867c                SysTick_Handler
 .text._getpid  0x08008684        0x4 CMakeFiles/car0.elf.dir/Core/Src/syscalls.c.obj
                0x08008684                _getpid
 .text._kill    0x08008688       0x10 CMakeFiles/car0.elf.dir/Core/Src/syscalls.c.obj
                0x08008688                _kill
 .text._exit    0x08008698        0xc CMakeFiles/car0.elf.dir/Core/Src/syscalls.c.obj
                0x08008698                _exit
 .text._read    0x080086a4       0x20 CMakeFiles/car0.elf.dir/Core/Src/syscalls.c.obj
                0x080086a4                _read
 .text._write   0x080086c4       0x1c CMakeFiles/car0.elf.dir/Core/Src/syscalls.c.obj
                0x080086c4                _write
 .text._close   0x080086e0        0x6 CMakeFiles/car0.elf.dir/Core/Src/syscalls.c.obj
                0x080086e0                _close
 .text._fstat   0x080086e6        0xa CMakeFiles/car0.elf.dir/Core/Src/syscalls.c.obj
                0x080086e6                _fstat
 .text._isatty  0x080086f0        0x4 CMakeFiles/car0.elf.dir/Core/Src/syscalls.c.obj
                0x080086f0                _isatty
 .text._lseek   0x080086f4        0x4 CMakeFiles/car0.elf.dir/Core/Src/syscalls.c.obj
                0x080086f4                _lseek
 .text._sbrk    0x080086f8       0x48 CMakeFiles/car0.elf.dir/Core/Src/sysmem.c.obj
                0x080086f8                _sbrk
 .text.SystemInit
                0x08008740        0x2 CMakeFiles/car0.elf.dir/Core/Src/system_stm32f4xx.c.obj
                0x08008740                SystemInit
 .text.HAL_UART_MspInit
                0x08008742        0x2 CMakeFiles/car0.elf.dir/Core/Src/usart.c.obj
                0x08008742                HAL_UART_MspInit
 .text.HAL_UART_MspDeInit
                0x08008744       0x30 CMakeFiles/car0.elf.dir/Core/Src/usart.c.obj
                0x08008744                HAL_UART_MspDeInit
 .text.Reset_Handler
                0x08008774       0x50 CMakeFiles/car0.elf.dir/Core/Startup/startup_stm32f407zgtx.s.obj
                0x08008774                Reset_Handler
 .text.Default_Handler
                0x080087c4        0x2 CMakeFiles/car0.elf.dir/Core/Startup/startup_stm32f407zgtx.s.obj
                0x080087c4                RTC_Alarm_IRQHandler
                0x080087c4                HASH_RNG_IRQHandler
                0x080087c4                TIM8_CC_IRQHandler
                0x080087c4                TIM1_CC_IRQHandler
                0x080087c4                DMA2_Stream5_IRQHandler
                0x080087c4                DMA1_Stream5_IRQHandler
                0x080087c4                PVD_IRQHandler
                0x080087c4                SDIO_IRQHandler
                0x080087c4                TAMP_STAMP_IRQHandler
                0x080087c4                CAN2_RX1_IRQHandler
                0x080087c4                I2C3_ER_IRQHandler
                0x080087c4                I2C2_EV_IRQHandler
                0x080087c4                DMA1_Stream2_IRQHandler
                0x080087c4                CAN1_RX0_IRQHandler
                0x080087c4                FPU_IRQHandler
                0x080087c4                OTG_HS_WKUP_IRQHandler
                0x080087c4                CAN2_SCE_IRQHandler
                0x080087c4                DMA2_Stream2_IRQHandler
                0x080087c4                SPI1_IRQHandler
                0x080087c4                DCMI_IRQHandler
                0x080087c4                CAN2_RX0_IRQHandler
                0x080087c4                DMA2_Stream3_IRQHandler
                0x080087c4                CAN1_RX1_IRQHandler
                0x080087c4                DMA2_Stream0_IRQHandler
                0x080087c4                I2C1_EV_IRQHandler
                0x080087c4                DMA1_Stream6_IRQHandler
                0x080087c4                DMA1_Stream1_IRQHandler
                0x080087c4                RCC_IRQHandler
                0x080087c4                Default_Handler
                0x080087c4                ADC_IRQHandler
                0x080087c4                DMA1_Stream7_IRQHandler
                0x080087c4                CAN2_TX_IRQHandler
                0x080087c4                DMA2_Stream7_IRQHandler
                0x080087c4                I2C3_EV_IRQHandler
                0x080087c4                RTC_WKUP_IRQHandler
                0x080087c4                ETH_WKUP_IRQHandler
                0x080087c4                SPI2_IRQHandler
                0x080087c4                OTG_HS_EP1_IN_IRQHandler
                0x080087c4                DMA1_Stream0_IRQHandler
                0x080087c4                CAN1_TX_IRQHandler
                0x080087c4                FSMC_IRQHandler
                0x080087c4                ETH_IRQHandler
                0x080087c4                OTG_HS_EP1_OUT_IRQHandler
                0x080087c4                WWDG_IRQHandler
                0x080087c4                OTG_FS_WKUP_IRQHandler
                0x080087c4                OTG_HS_IRQHandler
                0x080087c4                I2C2_ER_IRQHandler
                0x080087c4                DMA2_Stream1_IRQHandler
                0x080087c4                CAN1_SCE_IRQHandler
                0x080087c4                FLASH_IRQHandler
                0x080087c4                DMA2_Stream4_IRQHandler
                0x080087c4                OTG_FS_IRQHandler
                0x080087c4                SPI3_IRQHandler
                0x080087c4                DMA1_Stream4_IRQHandler
                0x080087c4                I2C1_ER_IRQHandler
                0x080087c4                DMA2_Stream6_IRQHandler
                0x080087c4                DMA1_Stream3_IRQHandler
 *fill*         0x080087c6        0x2 
 .text.HAL_InitTick
                0x080087c8       0x4c CMakeFiles/car0.elf.dir/Drivers/STM32F4xx_HAL_Driver/Src/stm32f4xx_hal.c.obj
                0x080087c8                HAL_InitTick
 .text.HAL_Init
                0x08008814       0x34 CMakeFiles/car0.elf.dir/Drivers/STM32F4xx_HAL_Driver/Src/stm32f4xx_hal.c.obj
                0x08008814                HAL_Init
 .text.HAL_IncTick
                0x08008848       0x18 CMakeFiles/car0.elf.dir/Drivers/STM32F4xx_HAL_Driver/Src/stm32f4xx_hal.c.obj
                0x08008848                HAL_IncTick
 .text.HAL_GetTick
                0x08008860        0xc CMakeFiles/car0.elf.dir/Drivers/STM32F4xx_HAL_Driver/Src/stm32f4xx_hal.c.obj
                0x08008860                HAL_GetTick
 .text.HAL_NVIC_SetPriorityGrouping
                0x0800886c       0x24 CMakeFiles/car0.elf.dir/Drivers/STM32F4xx_HAL_Driver/Src/stm32f4xx_hal_cortex.c.obj
                0x0800886c                HAL_NVIC_SetPriorityGrouping
 .text.HAL_NVIC_SetPriority
                0x08008890       0x70 CMakeFiles/car0.elf.dir/Drivers/STM32F4xx_HAL_Driver/Src/stm32f4xx_hal_cortex.c.obj
                0x08008890                HAL_NVIC_SetPriority
 .text.HAL_NVIC_EnableIRQ
                0x08008900       0x1c CMakeFiles/car0.elf.dir/Drivers/STM32F4xx_HAL_Driver/Src/stm32f4xx_hal_cortex.c.obj
                0x08008900                HAL_NVIC_EnableIRQ
 .text.HAL_NVIC_DisableIRQ
                0x0800891c       0x24 CMakeFiles/car0.elf.dir/Drivers/STM32F4xx_HAL_Driver/Src/stm32f4xx_hal_cortex.c.obj
                0x0800891c                HAL_NVIC_DisableIRQ
 .text.HAL_SYSTICK_Config
                0x08008940       0x28 CMakeFiles/car0.elf.dir/Drivers/STM32F4xx_HAL_Driver/Src/stm32f4xx_hal_cortex.c.obj
                0x08008940                HAL_SYSTICK_Config
 .text.HAL_DMA_Abort
                0x08008968       0x94 CMakeFiles/car0.elf.dir/Drivers/STM32F4xx_HAL_Driver/Src/stm32f4xx_hal_dma.c.obj
                0x08008968                HAL_DMA_Abort
 .text.HAL_DMA_Abort_IT
                0x080089fc       0x26 CMakeFiles/car0.elf.dir/Drivers/STM32F4xx_HAL_Driver/Src/stm32f4xx_hal_dma.c.obj
                0x080089fc                HAL_DMA_Abort_IT
 *fill*         0x08008a22        0x2 
 .text.HAL_GPIO_Init
                0x08008a24      0x1e4 CMakeFiles/car0.elf.dir/Drivers/STM32F4xx_HAL_Driver/Src/stm32f4xx_hal_gpio.c.obj
                0x08008a24                HAL_GPIO_Init
 .text.HAL_GPIO_DeInit
                0x08008c08      0x134 CMakeFiles/car0.elf.dir/Drivers/STM32F4xx_HAL_Driver/Src/stm32f4xx_hal_gpio.c.obj
                0x08008c08                HAL_GPIO_DeInit
 .text.HAL_GPIO_ReadPin
                0x08008d3c        0xe CMakeFiles/car0.elf.dir/Drivers/STM32F4xx_HAL_Driver/Src/stm32f4xx_hal_gpio.c.obj
                0x08008d3c                HAL_GPIO_ReadPin
 .text.HAL_GPIO_WritePin
                0x08008d4a        0xc CMakeFiles/car0.elf.dir/Drivers/STM32F4xx_HAL_Driver/Src/stm32f4xx_hal_gpio.c.obj
                0x08008d4a                HAL_GPIO_WritePin
 .text.HAL_GPIO_TogglePin
                0x08008d56       0x12 CMakeFiles/car0.elf.dir/Drivers/STM32F4xx_HAL_Driver/Src/stm32f4xx_hal_gpio.c.obj
                0x08008d56                HAL_GPIO_TogglePin
 .text.HAL_RCC_OscConfig
                0x08008d68      0x3f8 CMakeFiles/car0.elf.dir/Drivers/STM32F4xx_HAL_Driver/Src/stm32f4xx_hal_rcc.c.obj
                0x08008d68                HAL_RCC_OscConfig
 .text.HAL_RCC_GetSysClockFreq
                0x08009160       0xd4 CMakeFiles/car0.elf.dir/Drivers/STM32F4xx_HAL_Driver/Src/stm32f4xx_hal_rcc.c.obj
                0x08009160                HAL_RCC_GetSysClockFreq
 .text.HAL_RCC_ClockConfig
                0x08009234      0x160 CMakeFiles/car0.elf.dir/Drivers/STM32F4xx_HAL_Driver/Src/stm32f4xx_hal_rcc.c.obj
                0x08009234                HAL_RCC_ClockConfig
 .text.HAL_RCC_GetHCLKFreq
                0x08009394        0xc CMakeFiles/car0.elf.dir/Drivers/STM32F4xx_HAL_Driver/Src/stm32f4xx_hal_rcc.c.obj
                0x08009394                HAL_RCC_GetHCLKFreq
 .text.HAL_RCC_GetPCLK1Freq
                0x080093a0       0x20 CMakeFiles/car0.elf.dir/Drivers/STM32F4xx_HAL_Driver/Src/stm32f4xx_hal_rcc.c.obj
                0x080093a0                HAL_RCC_GetPCLK1Freq
 .text.HAL_RCC_GetPCLK2Freq
                0x080093c0       0x20 CMakeFiles/car0.elf.dir/Drivers/STM32F4xx_HAL_Driver/Src/stm32f4xx_hal_rcc.c.obj
                0x080093c0                HAL_RCC_GetPCLK2Freq
 .text.HAL_TIM_Base_MspInit
                0x080093e0        0x2 CMakeFiles/car0.elf.dir/Drivers/STM32F4xx_HAL_Driver/Src/stm32f4xx_hal_tim.c.obj
                0x080093e0                HAL_TIM_Base_MspInit
 .text.HAL_TIM_Base_MspDeInit
                0x080093e2        0x2 CMakeFiles/car0.elf.dir/Drivers/STM32F4xx_HAL_Driver/Src/stm32f4xx_hal_tim.c.obj
                0x080093e2                HAL_TIM_Base_MspDeInit
 .text.HAL_TIM_Base_DeInit
                0x080093e4       0x5e CMakeFiles/car0.elf.dir/Drivers/STM32F4xx_HAL_Driver/Src/stm32f4xx_hal_tim.c.obj
                0x080093e4                HAL_TIM_Base_DeInit
 *fill*         0x08009442        0x2 
 .text.HAL_TIM_Base_Start_IT
                0x08009444       0x88 CMakeFiles/car0.elf.dir/Drivers/STM32F4xx_HAL_Driver/Src/stm32f4xx_hal_tim.c.obj
                0x08009444                HAL_TIM_Base_Start_IT
 .text.HAL_TIM_Base_Stop_IT
                0x080094cc       0x32 CMakeFiles/car0.elf.dir/Drivers/STM32F4xx_HAL_Driver/Src/stm32f4xx_hal_tim.c.obj
                0x080094cc                HAL_TIM_Base_Stop_IT
 .text.HAL_TIM_OC_DelayElapsedCallback
                0x080094fe        0x2 CMakeFiles/car0.elf.dir/Drivers/STM32F4xx_HAL_Driver/Src/stm32f4xx_hal_tim.c.obj
                0x080094fe                HAL_TIM_OC_DelayElapsedCallback
 .text.HAL_TIM_IC_CaptureCallback
                0x08009500        0x2 CMakeFiles/car0.elf.dir/Drivers/STM32F4xx_HAL_Driver/Src/stm32f4xx_hal_tim.c.obj
                0x08009500                HAL_TIM_IC_CaptureCallback
 .text.HAL_TIM_PWM_PulseFinishedCallback
                0x08009502        0x2 CMakeFiles/car0.elf.dir/Drivers/STM32F4xx_HAL_Driver/Src/stm32f4xx_hal_tim.c.obj
                0x08009502                HAL_TIM_PWM_PulseFinishedCallback
 .text.HAL_TIM_TriggerCallback
                0x08009504        0x2 CMakeFiles/car0.elf.dir/Drivers/STM32F4xx_HAL_Driver/Src/stm32f4xx_hal_tim.c.obj
                0x08009504                HAL_TIM_TriggerCallback
 .text.HAL_TIM_IRQHandler
                0x08009506      0x17a CMakeFiles/car0.elf.dir/Drivers/STM32F4xx_HAL_Driver/Src/stm32f4xx_hal_tim.c.obj
                0x08009506                HAL_TIM_IRQHandler
 .text.TIM_Base_SetConfig
                0x08009680       0xc8 CMakeFiles/car0.elf.dir/Drivers/STM32F4xx_HAL_Driver/Src/stm32f4xx_hal_tim.c.obj
                0x08009680                TIM_Base_SetConfig
 .text.HAL_TIM_Base_Init
                0x08009748       0x58 CMakeFiles/car0.elf.dir/Drivers/STM32F4xx_HAL_Driver/Src/stm32f4xx_hal_tim.c.obj
                0x08009748                HAL_TIM_Base_Init
 .text.HAL_TIMEx_CommutCallback
                0x080097a0        0x2 CMakeFiles/car0.elf.dir/Drivers/STM32F4xx_HAL_Driver/Src/stm32f4xx_hal_tim_ex.c.obj
                0x080097a0                HAL_TIMEx_CommutCallback
 .text.HAL_TIMEx_BreakCallback
                0x080097a2        0x2 CMakeFiles/car0.elf.dir/Drivers/STM32F4xx_HAL_Driver/Src/stm32f4xx_hal_tim_ex.c.obj
                0x080097a2                HAL_TIMEx_BreakCallback
 .text.UART_EndRxTransfer
                0x080097a4       0x5c CMakeFiles/car0.elf.dir/Drivers/STM32F4xx_HAL_Driver/Src/stm32f4xx_hal_uart.c.obj
 .text.UART_Transmit_IT
                0x08009800       0x60 CMakeFiles/car0.elf.dir/Drivers/STM32F4xx_HAL_Driver/Src/stm32f4xx_hal_uart.c.obj
 .text.UART_SetConfig
                0x08009860      0x110 CMakeFiles/car0.elf.dir/Drivers/STM32F4xx_HAL_Driver/Src/stm32f4xx_hal_uart.c.obj
 .text.UART_WaitOnFlagUntilTimeout
                0x08009970       0x88 CMakeFiles/car0.elf.dir/Drivers/STM32F4xx_HAL_Driver/Src/stm32f4xx_hal_uart.c.obj
 .text.HAL_UART_Init
                0x080099f8       0x5e CMakeFiles/car0.elf.dir/Drivers/STM32F4xx_HAL_Driver/Src/stm32f4xx_hal_uart.c.obj
                0x080099f8                HAL_UART_Init
 .text.HAL_UART_DeInit
                0x08009a56       0x32 CMakeFiles/car0.elf.dir/Drivers/STM32F4xx_HAL_Driver/Src/stm32f4xx_hal_uart.c.obj
                0x08009a56                HAL_UART_DeInit
 .text.HAL_UART_Transmit
                0x08009a88       0xd8 CMakeFiles/car0.elf.dir/Drivers/STM32F4xx_HAL_Driver/Src/stm32f4xx_hal_uart.c.obj
                0x08009a88                HAL_UART_Transmit
 .text.HAL_UART_TxCpltCallback
                0x08009b60        0x2 CMakeFiles/car0.elf.dir/Drivers/STM32F4xx_HAL_Driver/Src/stm32f4xx_hal_uart.c.obj
                0x08009b60                HAL_UART_TxCpltCallback
 .text.UART_EndTransmit_IT
                0x08009b62       0x1a CMakeFiles/car0.elf.dir/Drivers/STM32F4xx_HAL_Driver/Src/stm32f4xx_hal_uart.c.obj
 .text.HAL_UART_ErrorCallback
                0x08009b7c        0x2 CMakeFiles/car0.elf.dir/Drivers/STM32F4xx_HAL_Driver/Src/stm32f4xx_hal_uart.c.obj
                0x08009b7c                HAL_UART_ErrorCallback
 .text.UART_DMAAbortOnError
                0x08009b7e       0x10 CMakeFiles/car0.elf.dir/Drivers/STM32F4xx_HAL_Driver/Src/stm32f4xx_hal_uart.c.obj
 .text.HAL_UARTEx_RxEventCallback
                0x08009b8e        0x2 CMakeFiles/car0.elf.dir/Drivers/STM32F4xx_HAL_Driver/Src/stm32f4xx_hal_uart.c.obj
                0x08009b8e                HAL_UARTEx_RxEventCallback
 .text.UART_Receive_IT
                0x08009b90       0xe2 CMakeFiles/car0.elf.dir/Drivers/STM32F4xx_HAL_Driver/Src/stm32f4xx_hal_uart.c.obj
 *fill*         0x08009c72        0x2 
 .text.HAL_UART_IRQHandler
                0x08009c74      0x280 CMakeFiles/car0.elf.dir/Drivers/STM32F4xx_HAL_Driver/Src/stm32f4xx_hal_uart.c.obj
                0x08009c74                HAL_UART_IRQHandler
 .text.UART_Start_Receive_IT
                0x08009ef4       0x3a CMakeFiles/car0.elf.dir/Drivers/STM32F4xx_HAL_Driver/Src/stm32f4xx_hal_uart.c.obj
                0x08009ef4                UART_Start_Receive_IT
 .text.HAL_UART_Receive_IT
                0x08009f2e       0x38 CMakeFiles/car0.elf.dir/Drivers/STM32F4xx_HAL_Driver/Src/stm32f4xx_hal_uart.c.obj
                0x08009f2e                HAL_UART_Receive_IT
 *fill*         0x08009f66        0x2 
 .text._ZN8BaseGPIOC2Ev
                0x08009f68       0x30 CMakeFiles/car0.elf.dir/myLib/Base_Hardware/Src/BaseGPIO.cpp.obj
                0x08009f68                BaseGPIO::BaseGPIO()
                0x08009f68                BaseGPIO::BaseGPIO()
 .text._ZN8BaseGPIOC2E8Pin_enum
                0x08009f98       0x10 CMakeFiles/car0.elf.dir/myLib/Base_Hardware/Src/BaseGPIO.cpp.obj
                0x08009f98                BaseGPIO::BaseGPIO(Pin_enum)
                0x08009f98                BaseGPIO::BaseGPIO(Pin_enum)
 .text._ZN8BaseGPIO6toggleEv
                0x08009fa8       0x18 CMakeFiles/car0.elf.dir/myLib/Base_Hardware/Src/BaseGPIO.cpp.obj
                0x08009fa8                BaseGPIO::toggle()
 .text._ZN8BaseGPIOD2Ev
                0x08009fc0       0x20 CMakeFiles/car0.elf.dir/myLib/Base_Hardware/Src/BaseGPIO.cpp.obj
                0x08009fc0                BaseGPIO::~BaseGPIO()
                0x08009fc0                BaseGPIO::~BaseGPIO()
 .text._ZN8BaseGPIOC2E8Pin_enum8GpioMode
                0x08009fe0       0x30 CMakeFiles/car0.elf.dir/myLib/Base_Hardware/Src/BaseGPIO.cpp.obj
                0x08009fe0                BaseGPIO::BaseGPIO(Pin_enum, GpioMode)
                0x08009fe0                BaseGPIO::BaseGPIO(Pin_enum, GpioMode)
 .text._ZN10BaseSerial5writeEh
                0x0800a010       0x1c CMakeFiles/car0.elf.dir/myLib/Base_Hardware/Src/BaseSerial.cpp.obj
                0x0800a010                BaseSerial::write(unsigned char)
 .text._ZN10BaseSerial5writeEPKhj
                0x0800a02c       0x20 CMakeFiles/car0.elf.dir/myLib/Base_Hardware/Src/BaseSerial.cpp.obj
                0x0800a02c                BaseSerial::write(unsigned char const*, unsigned int)
 .text._ZN10BaseSerial11set_buf_ptrEv
                0x0800a04c       0x54 CMakeFiles/car0.elf.dir/myLib/Base_Hardware/Src/BaseSerial.cpp.obj
                0x0800a04c                BaseSerial::set_buf_ptr()
 .text._ZN10BaseSerialC2E9UART_enum
                0x0800a0a0       0x58 CMakeFiles/car0.elf.dir/myLib/Base_Hardware/Src/BaseSerial.cpp.obj
                0x0800a0a0                BaseSerial::BaseSerial(UART_enum)
                0x0800a0a0                BaseSerial::BaseSerial(UART_enum)
 .text._Z41__static_initialization_and_destruction_0ii
                0x0800a0f8       0x20 CMakeFiles/car0.elf.dir/myLib/Base_Hardware/Src/BaseSerial.cpp.obj
 .text._ZN10BaseSerial5beginEi
                0x0800a118       0x1c CMakeFiles/car0.elf.dir/myLib/Base_Hardware/Src/BaseSerial.cpp.obj
                0x0800a118                BaseSerial::begin(int)
 .text._GLOBAL__sub_I_virUsart
                0x0800a134        0xe CMakeFiles/car0.elf.dir/myLib/Base_Hardware/Src/BaseSerial.cpp.obj
 *fill*         0x0800a142        0x2 
 .text._ZN8BaseTimeC2E10Timer_enumhh
                0x0800a144       0x24 CMakeFiles/car0.elf.dir/myLib/Base_Hardware/Src/BaseTime.cpp.obj
                0x0800a144                BaseTime::BaseTime(Timer_enum, unsigned char, unsigned char)
                0x0800a144                BaseTime::BaseTime(Timer_enum, unsigned char, unsigned char)
 .text._ZN8BaseTimeD2Ev
                0x0800a168        0xc CMakeFiles/car0.elf.dir/myLib/Base_Hardware/Src/BaseTime.cpp.obj
                0x0800a168                BaseTime::~BaseTime()
                0x0800a168                BaseTime::~BaseTime()
 .text._ZN8BaseTime10_attach_msEmbPFvPvEm
                0x0800a174       0x68 CMakeFiles/car0.elf.dir/myLib/Base_Hardware/Src/BaseTime.cpp.obj
                0x0800a174                BaseTime::_attach_ms(unsigned long, bool, void (*)(void*), unsigned long)
 .text._ZN8BaseTime4onceEfPFvvE
                0x0800a1dc       0x2c CMakeFiles/car0.elf.dir/myLib/Base_Hardware/Src/BaseTime.cpp.obj
                0x0800a1dc                BaseTime::once(float, void (*)())
 .text._ZN11inputStream9availableEv
                0x0800a208        0xa CMakeFiles/car0.elf.dir/myLib/DataStream/inputStream.cpp.obj
                0x0800a208                inputStream::available()
 .text._ZN11inputStream4readEv
                0x0800a212       0x38 CMakeFiles/car0.elf.dir/myLib/DataStream/inputStream.cpp.obj
                0x0800a212                inputStream::read()
 .text._ZN11inputStream4peekEv
                0x0800a24a       0x1c CMakeFiles/car0.elf.dir/myLib/DataStream/inputStream.cpp.obj
                0x0800a24a                inputStream::peek()
 .text._ZN12outputStream5printEPKc
                0x0800a266       0x20 CMakeFiles/car0.elf.dir/myLib/DataStream/outputStream.cpp.obj
                0x0800a266                outputStream::print(char const*)
 *fill*         0x0800a286        0x2 
 .text._ZN6MyGPIO21gpio_interrupt_deinitE8Pin_enum
                0x0800a288       0x14 CMakeFiles/car0.elf.dir/myLib/MCU_Hardware/Src/MyGPIO.cpp.obj
                0x0800a288                MyGPIO::gpio_interrupt_deinit(Pin_enum)
 .text._ZN6MyGPIO11gpio_deinitE8Pin_enum
                0x0800a29c       0x1e CMakeFiles/car0.elf.dir/myLib/MCU_Hardware/Src/MyGPIO.cpp.obj
                0x0800a29c                MyGPIO::gpio_deinit(Pin_enum)
 .text._ZN6MyGPIO10gpio_writeE8Pin_enumh
                0x0800a2ba       0x1e CMakeFiles/car0.elf.dir/myLib/MCU_Hardware/Src/MyGPIO.cpp.obj
                0x0800a2ba                MyGPIO::gpio_write(Pin_enum, unsigned char)
 .text._ZN6MyGPIO9gpio_readE8Pin_enum
                0x0800a2d8       0x1e CMakeFiles/car0.elf.dir/myLib/MCU_Hardware/Src/MyGPIO.cpp.obj
                0x0800a2d8                MyGPIO::gpio_read(Pin_enum)
 .text._ZN6MyGPIO11gpio_toggleE8Pin_enum
                0x0800a2f6       0x1e CMakeFiles/car0.elf.dir/myLib/MCU_Hardware/Src/MyGPIO.cpp.obj
                0x0800a2f6                MyGPIO::gpio_toggle(Pin_enum)
 .text._ZN6MyGPIOD2Ev
                0x0800a314       0x14 CMakeFiles/car0.elf.dir/myLib/MCU_Hardware/Src/MyGPIO.cpp.obj
                0x0800a314                MyGPIO::~MyGPIO()
                0x0800a314                MyGPIO::~MyGPIO()
 .text._ZN6MyGPIOD0Ev
                0x0800a328       0x14 CMakeFiles/car0.elf.dir/myLib/MCU_Hardware/Src/MyGPIO.cpp.obj
                0x0800a328                MyGPIO::~MyGPIO()
 .text._Z17openCorrespondRCCP12GPIO_TypeDef
                0x0800a33c      0x14c CMakeFiles/car0.elf.dir/myLib/MCU_Hardware/Src/MyGPIO.cpp.obj
                0x0800a33c                openCorrespondRCC(GPIO_TypeDef*)
 .text._ZN6MyGPIO9gpio_initE8Pin_enum8GpioMode
                0x0800a488       0x48 CMakeFiles/car0.elf.dir/myLib/MCU_Hardware/Src/MyGPIO.cpp.obj
                0x0800a488                MyGPIO::gpio_init(Pin_enum, GpioMode)
 .text._ZN6MyGPIO9gpio_initE8Pin_enum8GpioModeh
                0x0800a4d0       0x4c CMakeFiles/car0.elf.dir/myLib/MCU_Hardware/Src/MyGPIO.cpp.obj
                0x0800a4d0                MyGPIO::gpio_init(Pin_enum, GpioMode, unsigned char)
 .text._ZN6MyGPIO9gpio_initE8Pin_enum8GpioMode8GpioPullh
                0x0800a51c       0x48 CMakeFiles/car0.elf.dir/myLib/MCU_Hardware/Src/MyGPIO.cpp.obj
                0x0800a51c                MyGPIO::gpio_init(Pin_enum, GpioMode, GpioPull, unsigned char)
 .text._ZN6MyGPIO19get_exit_irqchannelE8Pin_enum
                0x0800a564       0x20 CMakeFiles/car0.elf.dir/myLib/MCU_Hardware/Src/MyGPIO.cpp.obj
                0x0800a564                MyGPIO::get_exit_irqchannel(Pin_enum)
 .text._ZN6MyGPIO19gpio_interrupt_initE8Pin_enumPFvvE8GpioExithh
                0x0800a584       0x70 CMakeFiles/car0.elf.dir/myLib/MCU_Hardware/Src/MyGPIO.cpp.obj
                0x0800a584                MyGPIO::gpio_interrupt_init(Pin_enum, void (*)(), GpioExit, unsigned char, unsigned char)
 .text._ZN6MyGPIOC2Ev
                0x0800a5f4       0x14 CMakeFiles/car0.elf.dir/myLib/MCU_Hardware/Src/MyGPIO.cpp.obj
                0x0800a5f4                MyGPIO::MyGPIO()
                0x0800a5f4                MyGPIO::MyGPIO()
 .text.EXTI0_IRQHandler
                0x0800a608       0x2c CMakeFiles/car0.elf.dir/myLib/MCU_Hardware/Src/MyGPIO.cpp.obj
                0x0800a608                EXTI0_IRQHandler
 .text.EXTI1_IRQHandler
                0x0800a634       0x2c CMakeFiles/car0.elf.dir/myLib/MCU_Hardware/Src/MyGPIO.cpp.obj
                0x0800a634                EXTI1_IRQHandler
 .text.EXTI2_IRQHandler
                0x0800a660       0x2c CMakeFiles/car0.elf.dir/myLib/MCU_Hardware/Src/MyGPIO.cpp.obj
                0x0800a660                EXTI2_IRQHandler
 .text.EXTI3_IRQHandler
                0x0800a68c       0x2c CMakeFiles/car0.elf.dir/myLib/MCU_Hardware/Src/MyGPIO.cpp.obj
                0x0800a68c                EXTI3_IRQHandler
 .text.EXTI4_IRQHandler
                0x0800a6b8       0x2c CMakeFiles/car0.elf.dir/myLib/MCU_Hardware/Src/MyGPIO.cpp.obj
                0x0800a6b8                EXTI4_IRQHandler
 .text.EXTI9_5_IRQHandler
                0x0800a6e4       0xac CMakeFiles/car0.elf.dir/myLib/MCU_Hardware/Src/MyGPIO.cpp.obj
                0x0800a6e4                EXTI9_5_IRQHandler
 .text.EXTI15_10_IRQHandler
                0x0800a790       0xd8 CMakeFiles/car0.elf.dir/myLib/MCU_Hardware/Src/MyGPIO.cpp.obj
                0x0800a790                EXTI15_10_IRQHandler
 .text._ZN7MyUsart13uart_dma_initE9UART_enum
                0x0800a868        0x2 CMakeFiles/car0.elf.dir/myLib/MCU_Hardware/Src/MyUsart.cpp.obj
                0x0800a868                MyUsart::uart_dma_init(UART_enum)
 .text._ZN7MyUsart21uart_dma_write_bufferE9UART_enumPKhi
                0x0800a86a        0x2 CMakeFiles/car0.elf.dir/myLib/MCU_Hardware/Src/MyUsart.cpp.obj
                0x0800a86a                MyUsart::uart_dma_write_buffer(UART_enum, unsigned char const*, int)
 .text._ZN7MyUsart11uart_deinitE9UART_enum
                0x0800a86c       0x24 CMakeFiles/car0.elf.dir/myLib/MCU_Hardware/Src/MyUsart.cpp.obj
                0x0800a86c                MyUsart::uart_deinit(UART_enum)
 .text._ZN7MyUsart15uart_write_byteE9UART_enumh
                0x0800a890       0x28 CMakeFiles/car0.elf.dir/myLib/MCU_Hardware/Src/MyUsart.cpp.obj
                0x0800a890                MyUsart::uart_write_byte(UART_enum, unsigned char)
 .text._ZN7MyUsart17uart_write_bufferE9UART_enumPKhi
                0x0800a8b8       0x24 CMakeFiles/car0.elf.dir/myLib/MCU_Hardware/Src/MyUsart.cpp.obj
                0x0800a8b8                MyUsart::uart_write_buffer(UART_enum, unsigned char const*, int)
 .text._ZN7MyUsart17uart_write_stringE9UART_enumPKc
                0x0800a8dc       0x28 CMakeFiles/car0.elf.dir/myLib/MCU_Hardware/Src/MyUsart.cpp.obj
                0x0800a8dc                MyUsart::uart_write_string(UART_enum, char const*)
 .text._ZN7MyUsart10selectBuffE9UART_enum
                0x0800a904       0x44 CMakeFiles/car0.elf.dir/myLib/MCU_Hardware/Src/MyUsart.cpp.obj
                0x0800a904                MyUsart::selectBuff(UART_enum)
 .text._ZN7MyUsart13uart_rec_sizeE9UART_enum
                0x0800a948        0xe CMakeFiles/car0.elf.dir/myLib/MCU_Hardware/Src/MyUsart.cpp.obj
                0x0800a948                MyUsart::uart_rec_size(UART_enum)
 .text._ZN7MyUsart14uart_read_byteE9UART_enum
                0x0800a956       0x32 CMakeFiles/car0.elf.dir/myLib/MCU_Hardware/Src/MyUsart.cpp.obj
                0x0800a956                MyUsart::uart_read_byte(UART_enum)
 .text.USART1_IRQHandler
                0x0800a988       0x10 CMakeFiles/car0.elf.dir/myLib/MCU_Hardware/Src/MyUsart.cpp.obj
                0x0800a988                USART1_IRQHandler
 .text.USART2_IRQHandler
                0x0800a998       0x10 CMakeFiles/car0.elf.dir/myLib/MCU_Hardware/Src/MyUsart.cpp.obj
                0x0800a998                USART2_IRQHandler
 .text.USART3_IRQHandler
                0x0800a9a8       0x10 CMakeFiles/car0.elf.dir/myLib/MCU_Hardware/Src/MyUsart.cpp.obj
                0x0800a9a8                USART3_IRQHandler
 .text.UART4_IRQHandler
                0x0800a9b8       0x10 CMakeFiles/car0.elf.dir/myLib/MCU_Hardware/Src/MyUsart.cpp.obj
                0x0800a9b8                UART4_IRQHandler
 .text.UART5_IRQHandler
                0x0800a9c8       0x10 CMakeFiles/car0.elf.dir/myLib/MCU_Hardware/Src/MyUsart.cpp.obj
                0x0800a9c8                UART5_IRQHandler
 .text.USART6_IRQHandler
                0x0800a9d8       0x10 CMakeFiles/car0.elf.dir/myLib/MCU_Hardware/Src/MyUsart.cpp.obj
                0x0800a9d8                USART6_IRQHandler
 .text.HAL_UART_RxCpltCallback
                0x0800a9e8      0x208 CMakeFiles/car0.elf.dir/myLib/MCU_Hardware/Src/MyUsart.cpp.obj
                0x0800a9e8                HAL_UART_RxCpltCallback
 .text._ZN7MyUsart9uart_initE9UART_enumm
                0x0800abf0      0x234 CMakeFiles/car0.elf.dir/myLib/MCU_Hardware/Src/MyUsart.cpp.obj
                0x0800abf0                MyUsart::uart_init(UART_enum, unsigned long)
 .text._ZN10MyBaseTime13timerGreatPscE10Timer_enummhh
                0x0800ae24       0xa4 CMakeFiles/car0.elf.dir/myLib/MCU_Hardware/Timer/Src/MyBaseTime.cpp.obj
                0x0800ae24                MyBaseTime::timerGreatPsc(Timer_enum, unsigned long, unsigned char, unsigned char)
 .text._ZN10MyBaseTime9timerStopE10Timer_enum
                0x0800aec8       0x18 CMakeFiles/car0.elf.dir/myLib/MCU_Hardware/Timer/Src/MyBaseTime.cpp.obj
                0x0800aec8                MyBaseTime::timerStop(Timer_enum)
 .text._ZN10MyBaseTime11timerDeleteE10Timer_enum
                0x0800aee0       0x18 CMakeFiles/car0.elf.dir/myLib/MCU_Hardware/Timer/Src/MyBaseTime.cpp.obj
                0x0800aee0                MyBaseTime::timerDelete(Timer_enum)
 .text._ZN10MyBaseTime14timerStartOnceE10Timer_enum
                0x0800aef8       0x24 CMakeFiles/car0.elf.dir/myLib/MCU_Hardware/Timer/Src/MyBaseTime.cpp.obj
                0x0800aef8                MyBaseTime::timerStartOnce(Timer_enum)
 .text._ZN10MyBaseTime18timerStartPeriodicE10Timer_enum
                0x0800af1c       0x24 CMakeFiles/car0.elf.dir/myLib/MCU_Hardware/Timer/Src/MyBaseTime.cpp.obj
                0x0800af1c                MyBaseTime::timerStartPeriodic(Timer_enum)
 .text.TIM1_BRK_TIM9_IRQHandler
                0x0800af40       0x18 CMakeFiles/car0.elf.dir/myLib/MCU_Hardware/Timer/Src/timeIT.cpp.obj
                0x0800af40                TIM1_BRK_TIM9_IRQHandler
 .text.TIM1_UP_TIM10_IRQHandler
                0x0800af58       0x10 CMakeFiles/car0.elf.dir/myLib/MCU_Hardware/Timer/Src/timeIT.cpp.obj
                0x0800af58                TIM1_UP_TIM10_IRQHandler
 .text.TIM1_TRG_COM_TIM11_IRQHandler
                0x0800af68       0x10 CMakeFiles/car0.elf.dir/myLib/MCU_Hardware/Timer/Src/timeIT.cpp.obj
                0x0800af68                TIM1_TRG_COM_TIM11_IRQHandler
 .text.TIM2_IRQHandler
                0x0800af78       0x10 CMakeFiles/car0.elf.dir/myLib/MCU_Hardware/Timer/Src/timeIT.cpp.obj
                0x0800af78                TIM2_IRQHandler
 .text.TIM3_IRQHandler
                0x0800af88       0x10 CMakeFiles/car0.elf.dir/myLib/MCU_Hardware/Timer/Src/timeIT.cpp.obj
                0x0800af88                TIM3_IRQHandler
 .text.TIM4_IRQHandler
                0x0800af98       0x10 CMakeFiles/car0.elf.dir/myLib/MCU_Hardware/Timer/Src/timeIT.cpp.obj
                0x0800af98                TIM4_IRQHandler
 .text.TIM5_IRQHandler
                0x0800afa8       0x10 CMakeFiles/car0.elf.dir/myLib/MCU_Hardware/Timer/Src/timeIT.cpp.obj
                0x0800afa8                TIM5_IRQHandler
 .text.TIM6_DAC_IRQHandler
                0x0800afb8       0x10 CMakeFiles/car0.elf.dir/myLib/MCU_Hardware/Timer/Src/timeIT.cpp.obj
                0x0800afb8                TIM6_DAC_IRQHandler
 .text.TIM7_IRQHandler
                0x0800afc8       0x10 CMakeFiles/car0.elf.dir/myLib/MCU_Hardware/Timer/Src/timeIT.cpp.obj
                0x0800afc8                TIM7_IRQHandler
 .text.TIM8_BRK_TIM12_IRQHandler
                0x0800afd8       0x18 CMakeFiles/car0.elf.dir/myLib/MCU_Hardware/Timer/Src/timeIT.cpp.obj
                0x0800afd8                TIM8_BRK_TIM12_IRQHandler
 .text.TIM8_UP_TIM13_IRQHandler
                0x0800aff0       0x10 CMakeFiles/car0.elf.dir/myLib/MCU_Hardware/Timer/Src/timeIT.cpp.obj
                0x0800aff0                TIM8_UP_TIM13_IRQHandler
 .text.TIM8_TRG_COM_TIM14_IRQHandler
                0x0800b000       0x10 CMakeFiles/car0.elf.dir/myLib/MCU_Hardware/Timer/Src/timeIT.cpp.obj
                0x0800b000                TIM8_TRG_COM_TIM14_IRQHandler
 .text.HAL_TIM_PeriodElapsedCallback
                0x0800b010      0x27c CMakeFiles/car0.elf.dir/myLib/MCU_Hardware/Timer/Src/timeIT.cpp.obj
                0x0800b010                HAL_TIM_PeriodElapsedCallback
 .text._ZN7virGPIOC2Ev
                0x0800b28c        0xc CMakeFiles/car0.elf.dir/myLib/Virtual_Hardware/Src/virGPIO.cpp.obj
                0x0800b28c                virGPIO::virGPIO()
                0x0800b28c                virGPIO::virGPIO()
 .text._ZN7virGPIOD2Ev
                0x0800b298        0xc CMakeFiles/car0.elf.dir/myLib/Virtual_Hardware/Src/virGPIO.cpp.obj
                0x0800b298                virGPIO::~virGPIO()
                0x0800b298                virGPIO::~virGPIO()
 .text._Z11OpenRccTime10Timer_enum
                0x0800b2a4      0x198 CMakeFiles/car0.elf.dir/myLib/otherConfig/TimeAuxiliaryfunction.cpp.obj
                0x0800b2a4                OpenRccTime(Timer_enum)
 .text._Z13getTIMEx_IRQn10Timer_enum
                0x0800b43c       0x4e CMakeFiles/car0.elf.dir/myLib/otherConfig/TimeAuxiliaryfunction.cpp.obj
                0x0800b43c                getTIMEx_IRQn(Timer_enum)
 *fill*         0x0800b48a        0x2 
 .text._Z15getTimeInstance10Timer_enum
                0x0800b48c       0x88 CMakeFiles/car0.elf.dir/myLib/otherConfig/TimeAuxiliaryfunction.cpp.obj
                0x0800b48c                getTimeInstance(Timer_enum)
 .text.__aeabi_atexit
                0x0800b514        0xc d:/programfiles/gnu arm embedded toolchain/10 2021.10/bin/../lib/gcc/arm-none-eabi/10.3.1/../../../../arm-none-eabi/lib/thumb/v7e-m/nofp\libstdc++.a(atexit_arm.o)
                0x0800b514                __aeabi_atexit
 .text._ZNK10__cxxabiv117__class_type_info11__do_upcastEPKS0_PPv
                0x0800b520       0x34 d:/programfiles/gnu arm embedded toolchain/10 2021.10/bin/../lib/gcc/arm-none-eabi/10.3.1/../../../../arm-none-eabi/lib/thumb/v7e-m/nofp\libstdc++.a(class_type_info.o)
                0x0800b520                __cxxabiv1::__class_type_info::__do_upcast(__cxxabiv1::__class_type_info const*, void**) const
 .text._ZNK10__cxxabiv117__class_type_info20__do_find_public_srcEiPKvPKS0_S2_
                0x0800b554        0xc d:/programfiles/gnu arm embedded toolchain/10 2021.10/bin/../lib/gcc/arm-none-eabi/10.3.1/../../../../arm-none-eabi/lib/thumb/v7e-m/nofp\libstdc++.a(class_type_info.o)
                0x0800b554                __cxxabiv1::__class_type_info::__do_find_public_src(int, void const*, __cxxabiv1::__class_type_info const*, void const*) const
 .text._ZN10__cxxabiv117__class_type_infoD2Ev
                0x0800b560       0x14 d:/programfiles/gnu arm embedded toolchain/10 2021.10/bin/../lib/gcc/arm-none-eabi/10.3.1/../../../../arm-none-eabi/lib/thumb/v7e-m/nofp\libstdc++.a(class_type_info.o)
                0x0800b560                __cxxabiv1::__class_type_info::~__class_type_info()
                0x0800b560                __cxxabiv1::__class_type_info::~__class_type_info()
 .text._ZN10__cxxabiv117__class_type_infoD0Ev
                0x0800b574       0x1c d:/programfiles/gnu arm embedded toolchain/10 2021.10/bin/../lib/gcc/arm-none-eabi/10.3.1/../../../../arm-none-eabi/lib/thumb/v7e-m/nofp\libstdc++.a(class_type_info.o)
                0x0800b574                __cxxabiv1::__class_type_info::~__class_type_info()
 .text._ZNK10__cxxabiv117__class_type_info12__do_dyncastEiNS0_10__sub_kindEPKS0_PKvS3_S5_RNS0_16__dyncast_resultE
                0x0800b590       0x44 d:/programfiles/gnu arm embedded toolchain/10 2021.10/bin/../lib/gcc/arm-none-eabi/10.3.1/../../../../arm-none-eabi/lib/thumb/v7e-m/nofp\libstdc++.a(class_type_info.o)
                0x0800b590                __cxxabiv1::__class_type_info::__do_dyncast(int, __cxxabiv1::__class_type_info::__sub_kind, __cxxabiv1::__class_type_info const*, void const*, __cxxabiv1::__class_type_info const*, void const*, __cxxabiv1::__class_type_info::__dyncast_result&) const
 .text._ZNK10__cxxabiv117__class_type_info11__do_upcastEPKS0_PKvRNS0_15__upcast_resultE
                0x0800b5d4       0x1c d:/programfiles/gnu arm embedded toolchain/10 2021.10/bin/../lib/gcc/arm-none-eabi/10.3.1/../../../../arm-none-eabi/lib/thumb/v7e-m/nofp\libstdc++.a(class_type_info.o)
                0x0800b5d4                __cxxabiv1::__class_type_info::__do_upcast(__cxxabiv1::__class_type_info const*, void const*, __cxxabiv1::__class_type_info::__upcast_result&) const
 .text._ZNK10__cxxabiv117__class_type_info10__do_catchEPKSt9type_infoPPvj
                0x0800b5f0       0x2c d:/programfiles/gnu arm embedded toolchain/10 2021.10/bin/../lib/gcc/arm-none-eabi/10.3.1/../../../../arm-none-eabi/lib/thumb/v7e-m/nofp\libstdc++.a(class_type_info.o)
                0x0800b5f0                __cxxabiv1::__class_type_info::__do_catch(std::type_info const*, void**, unsigned int) const
 .text._ZdlPvj  0x0800b61c        0x4 d:/programfiles/gnu arm embedded toolchain/10 2021.10/bin/../lib/gcc/arm-none-eabi/10.3.1/../../../../arm-none-eabi/lib/thumb/v7e-m/nofp\libstdc++.a(del_ops.o)
                0x0800b61c                operator delete(void*, unsigned int)
 .text.__cxa_end_cleanup
                0x0800b620        0xc d:/programfiles/gnu arm embedded toolchain/10 2021.10/bin/../lib/gcc/arm-none-eabi/10.3.1/../../../../arm-none-eabi/lib/thumb/v7e-m/nofp\libstdc++.a(eh_arm.o)
                0x0800b620                __cxa_end_cleanup
 .text.__cxa_type_match
                0x0800b62c       0xb4 d:/programfiles/gnu arm embedded toolchain/10 2021.10/bin/../lib/gcc/arm-none-eabi/10.3.1/../../../../arm-none-eabi/lib/thumb/v7e-m/nofp\libstdc++.a(eh_arm.o)
                0x0800b62c                __cxa_type_match
 .text.__cxa_begin_cleanup
                0x0800b6e0       0x64 d:/programfiles/gnu arm embedded toolchain/10 2021.10/bin/../lib/gcc/arm-none-eabi/10.3.1/../../../../arm-none-eabi/lib/thumb/v7e-m/nofp\libstdc++.a(eh_arm.o)
                0x0800b6e0                __cxa_begin_cleanup
 .text.__gnu_end_cleanup
                0x0800b744       0x70 d:/programfiles/gnu arm embedded toolchain/10 2021.10/bin/../lib/gcc/arm-none-eabi/10.3.1/../../../../arm-none-eabi/lib/thumb/v7e-m/nofp\libstdc++.a(eh_arm.o)
                0x0800b744                __gnu_end_cleanup
 .text._ZNSt9exceptionD2Ev
                0x0800b7b4        0x4 d:/programfiles/gnu arm embedded toolchain/10 2021.10/bin/../lib/gcc/arm-none-eabi/10.3.1/../../../../arm-none-eabi/lib/thumb/v7e-m/nofp\libstdc++.a(eh_exception.o)
                0x0800b7b4                std::exception::~exception()
                0x0800b7b4                std::exception::~exception()
 .text._ZNSt13bad_exceptionD2Ev
                0x0800b7b8        0x4 d:/programfiles/gnu arm embedded toolchain/10 2021.10/bin/../lib/gcc/arm-none-eabi/10.3.1/../../../../arm-none-eabi/lib/thumb/v7e-m/nofp\libstdc++.a(eh_exception.o)
                0x0800b7b8                std::bad_exception::~bad_exception()
                0x0800b7b8                std::bad_exception::~bad_exception()
 .text._ZNKSt13bad_exception4whatEv
                0x0800b7bc        0x8 d:/programfiles/gnu arm embedded toolchain/10 2021.10/bin/../lib/gcc/arm-none-eabi/10.3.1/../../../../arm-none-eabi/lib/thumb/v7e-m/nofp\libstdc++.a(eh_exception.o)
                0x0800b7bc                std::bad_exception::what() const
                0x0800b7bc                transaction clone for std::bad_exception::what() const
 .text._ZNSt13bad_exceptionD0Ev
                0x0800b7c4       0x10 d:/programfiles/gnu arm embedded toolchain/10 2021.10/bin/../lib/gcc/arm-none-eabi/10.3.1/../../../../arm-none-eabi/lib/thumb/v7e-m/nofp\libstdc++.a(eh_exception.o)
                0x0800b7c4                std::bad_exception::~bad_exception()
 .text.__cxa_get_globals_fast
                0x0800b7d4        0x8 d:/programfiles/gnu arm embedded toolchain/10 2021.10/bin/../lib/gcc/arm-none-eabi/10.3.1/../../../../arm-none-eabi/lib/thumb/v7e-m/nofp\libstdc++.a(eh_globals.o)
                0x0800b7d4                __cxa_get_globals_fast
 .text.__cxa_get_globals
                0x0800b7dc        0x8 d:/programfiles/gnu arm embedded toolchain/10 2021.10/bin/../lib/gcc/arm-none-eabi/10.3.1/../../../../arm-none-eabi/lib/thumb/v7e-m/nofp\libstdc++.a(eh_globals.o)
                0x0800b7dc                __cxa_get_globals
 .text._ZL28read_encoded_value_with_basehjPKhPj
                0x0800b7e4       0xc0 d:/programfiles/gnu arm embedded toolchain/10 2021.10/bin/../lib/gcc/arm-none-eabi/10.3.1/../../../../arm-none-eabi/lib/thumb/v7e-m/nofp\libstdc++.a(eh_personality.o)
 .text._ZL21base_of_encoded_valuehP15_Unwind_Context
                0x0800b8a4       0x48 d:/programfiles/gnu arm embedded toolchain/10 2021.10/bin/../lib/gcc/arm-none-eabi/10.3.1/../../../../arm-none-eabi/lib/thumb/v7e-m/nofp\libstdc++.a(eh_personality.o)
 .text._ZL17parse_lsda_headerP15_Unwind_ContextPKhP16lsda_header_info
                0x0800b8ec       0x94 d:/programfiles/gnu arm embedded toolchain/10 2021.10/bin/../lib/gcc/arm-none-eabi/10.3.1/../../../../arm-none-eabi/lib/thumb/v7e-m/nofp\libstdc++.a(eh_personality.o)
 .text.__gxx_personality_v0
                0x0800b980      0x4a8 d:/programfiles/gnu arm embedded toolchain/10 2021.10/bin/../lib/gcc/arm-none-eabi/10.3.1/../../../../arm-none-eabi/lib/thumb/v7e-m/nofp\libstdc++.a(eh_personality.o)
                0x0800b980                __gxx_personality_v0
 .text._ZN10__cxxabiv111__terminateEPFvvE
                0x0800be28       0x28 d:/programfiles/gnu arm embedded toolchain/10 2021.10/bin/../lib/gcc/arm-none-eabi/10.3.1/../../../../arm-none-eabi/lib/thumb/v7e-m/nofp\libstdc++.a(eh_terminate.o)
                0x0800be28                __cxxabiv1::__terminate(void (*)())
 .text._ZSt9terminatev
                0x0800be50       0x14 d:/programfiles/gnu arm embedded toolchain/10 2021.10/bin/../lib/gcc/arm-none-eabi/10.3.1/../../../../arm-none-eabi/lib/thumb/v7e-m/nofp\libstdc++.a(eh_terminate.o)
                0x0800be50                std::terminate()
 .text._ZN10__cxxabiv112__unexpectedEPFvvE
                0x0800be64        0x8 d:/programfiles/gnu arm embedded toolchain/10 2021.10/bin/../lib/gcc/arm-none-eabi/10.3.1/../../../../arm-none-eabi/lib/thumb/v7e-m/nofp\libstdc++.a(eh_terminate.o)
                0x0800be64                __cxxabiv1::__unexpected(void (*)())
 .text._ZSt10unexpectedv
                0x0800be6c       0x14 d:/programfiles/gnu arm embedded toolchain/10 2021.10/bin/../lib/gcc/arm-none-eabi/10.3.1/../../../../arm-none-eabi/lib/thumb/v7e-m/nofp\libstdc++.a(eh_terminate.o)
                0x0800be6c                std::unexpected()
 .text._ZSt13get_terminatev
                0x0800be80       0x10 d:/programfiles/gnu arm embedded toolchain/10 2021.10/bin/../lib/gcc/arm-none-eabi/10.3.1/../../../../arm-none-eabi/lib/thumb/v7e-m/nofp\libstdc++.a(eh_terminate.o)
                0x0800be80                std::get_terminate()
 .text._ZSt14get_unexpectedv
                0x0800be90       0x10 d:/programfiles/gnu arm embedded toolchain/10 2021.10/bin/../lib/gcc/arm-none-eabi/10.3.1/../../../../arm-none-eabi/lib/thumb/v7e-m/nofp\libstdc++.a(eh_terminate.o)
                0x0800be90                std::get_unexpected()
 .text._Znwj    0x0800bea0       0x3c d:/programfiles/gnu arm embedded toolchain/10 2021.10/bin/../lib/gcc/arm-none-eabi/10.3.1/../../../../arm-none-eabi/lib/thumb/v7e-m/nofp\libstdc++.a(new_op.o)
                0x0800bea0                operator new(unsigned int)
 .text.__cxa_pure_virtual
                0x0800bedc       0x14 d:/programfiles/gnu arm embedded toolchain/10 2021.10/bin/../lib/gcc/arm-none-eabi/10.3.1/../../../../arm-none-eabi/lib/thumb/v7e-m/nofp\libstdc++.a(pure.o)
                0x0800bedc                __cxa_pure_virtual
 .text._ZN10__cxxabiv120__si_class_type_infoD2Ev
                0x0800bef0       0x14 d:/programfiles/gnu arm embedded toolchain/10 2021.10/bin/../lib/gcc/arm-none-eabi/10.3.1/../../../../arm-none-eabi/lib/thumb/v7e-m/nofp\libstdc++.a(si_class_type_info.o)
                0x0800bef0                __cxxabiv1::__si_class_type_info::~__si_class_type_info()
                0x0800bef0                __cxxabiv1::__si_class_type_info::~__si_class_type_info()
 .text._ZN10__cxxabiv120__si_class_type_infoD0Ev
                0x0800bf04       0x1c d:/programfiles/gnu arm embedded toolchain/10 2021.10/bin/../lib/gcc/arm-none-eabi/10.3.1/../../../../arm-none-eabi/lib/thumb/v7e-m/nofp\libstdc++.a(si_class_type_info.o)
                0x0800bf04                __cxxabiv1::__si_class_type_info::~__si_class_type_info()
 .text._ZNK10__cxxabiv120__si_class_type_info20__do_find_public_srcEiPKvPKNS_17__class_type_infoES2_
                0x0800bf20       0x3c d:/programfiles/gnu arm embedded toolchain/10 2021.10/bin/../lib/gcc/arm-none-eabi/10.3.1/../../../../arm-none-eabi/lib/thumb/v7e-m/nofp\libstdc++.a(si_class_type_info.o)
                0x0800bf20                __cxxabiv1::__si_class_type_info::__do_find_public_src(int, void const*, __cxxabiv1::__class_type_info const*, void const*) const
 .text._ZNK10__cxxabiv120__si_class_type_info12__do_dyncastEiNS_17__class_type_info10__sub_kindEPKS1_PKvS4_S6_RNS1_16__dyncast_resultE
                0x0800bf5c       0x84 d:/programfiles/gnu arm embedded toolchain/10 2021.10/bin/../lib/gcc/arm-none-eabi/10.3.1/../../../../arm-none-eabi/lib/thumb/v7e-m/nofp\libstdc++.a(si_class_type_info.o)
                0x0800bf5c                __cxxabiv1::__si_class_type_info::__do_dyncast(int, __cxxabiv1::__class_type_info::__sub_kind, __cxxabiv1::__class_type_info const*, void const*, __cxxabiv1::__class_type_info const*, void const*, __cxxabiv1::__class_type_info::__dyncast_result&) const
 .text._ZNK10__cxxabiv120__si_class_type_info11__do_upcastEPKNS_17__class_type_infoEPKvRNS1_15__upcast_resultE
                0x0800bfe0       0x2c d:/programfiles/gnu arm embedded toolchain/10 2021.10/bin/../lib/gcc/arm-none-eabi/10.3.1/../../../../arm-none-eabi/lib/thumb/v7e-m/nofp\libstdc++.a(si_class_type_info.o)
                0x0800bfe0                __cxxabiv1::__si_class_type_info::__do_upcast(__cxxabiv1::__class_type_info const*, void const*, __cxxabiv1::__class_type_info::__upcast_result&) const
 .text._ZNSt9type_infoD2Ev
                0x0800c00c        0x4 d:/programfiles/gnu arm embedded toolchain/10 2021.10/bin/../lib/gcc/arm-none-eabi/10.3.1/../../../../arm-none-eabi/lib/thumb/v7e-m/nofp\libstdc++.a(tinfo.o)
                0x0800c00c                std::type_info::~type_info()
                0x0800c00c                std::type_info::~type_info()
 .text._ZNKSt9type_info14__is_pointer_pEv
                0x0800c010        0x4 d:/programfiles/gnu arm embedded toolchain/10 2021.10/bin/../lib/gcc/arm-none-eabi/10.3.1/../../../../arm-none-eabi/lib/thumb/v7e-m/nofp\libstdc++.a(tinfo.o)
                0x0800c010                std::type_info::__is_pointer_p() const
                0x0800c010                std::type_info::__is_function_p() const
 .text._ZNKSt9type_infoeqERKS_
                0x0800c014       0x2c d:/programfiles/gnu arm embedded toolchain/10 2021.10/bin/../lib/gcc/arm-none-eabi/10.3.1/../../../../arm-none-eabi/lib/thumb/v7e-m/nofp\libstdc++.a(tinfo.o)
                0x0800c014                std::type_info::operator==(std::type_info const&) const
 .text._ZN10__cxxabiv121__vmi_class_type_infoD2Ev
                0x0800c040       0x14 d:/programfiles/gnu arm embedded toolchain/10 2021.10/bin/../lib/gcc/arm-none-eabi/10.3.1/../../../../arm-none-eabi/lib/thumb/v7e-m/nofp\libstdc++.a(vmi_class_type_info.o)
                0x0800c040                __cxxabiv1::__vmi_class_type_info::~__vmi_class_type_info()
                0x0800c040                __cxxabiv1::__vmi_class_type_info::~__vmi_class_type_info()
 .text._ZN10__cxxabiv121__vmi_class_type_infoD0Ev
                0x0800c054       0x1c d:/programfiles/gnu arm embedded toolchain/10 2021.10/bin/../lib/gcc/arm-none-eabi/10.3.1/../../../../arm-none-eabi/lib/thumb/v7e-m/nofp\libstdc++.a(vmi_class_type_info.o)
                0x0800c054                __cxxabiv1::__vmi_class_type_info::~__vmi_class_type_info()
 .text._ZNK10__cxxabiv121__vmi_class_type_info20__do_find_public_srcEiPKvPKNS_17__class_type_infoES2_
                0x0800c070       0x88 d:/programfiles/gnu arm embedded toolchain/10 2021.10/bin/../lib/gcc/arm-none-eabi/10.3.1/../../../../arm-none-eabi/lib/thumb/v7e-m/nofp\libstdc++.a(vmi_class_type_info.o)
                0x0800c070                __cxxabiv1::__vmi_class_type_info::__do_find_public_src(int, void const*, __cxxabiv1::__class_type_info const*, void const*) const
 .text._ZNK10__cxxabiv121__vmi_class_type_info12__do_dyncastEiNS_17__class_type_info10__sub_kindEPKS1_PKvS4_S6_RNS1_16__dyncast_resultE
                0x0800c0f8      0x3d4 d:/programfiles/gnu arm embedded toolchain/10 2021.10/bin/../lib/gcc/arm-none-eabi/10.3.1/../../../../arm-none-eabi/lib/thumb/v7e-m/nofp\libstdc++.a(vmi_class_type_info.o)
                0x0800c0f8                __cxxabiv1::__vmi_class_type_info::__do_dyncast(int, __cxxabiv1::__class_type_info::__sub_kind, __cxxabiv1::__class_type_info const*, void const*, __cxxabiv1::__class_type_info const*, void const*, __cxxabiv1::__class_type_info::__dyncast_result&) const
 .text._ZNK10__cxxabiv121__vmi_class_type_info11__do_upcastEPKNS_17__class_type_infoEPKvRNS1_15__upcast_resultE
                0x0800c4cc      0x14c d:/programfiles/gnu arm embedded toolchain/10 2021.10/bin/../lib/gcc/arm-none-eabi/10.3.1/../../../../arm-none-eabi/lib/thumb/v7e-m/nofp\libstdc++.a(vmi_class_type_info.o)
                0x0800c4cc                __cxxabiv1::__vmi_class_type_info::__do_upcast(__cxxabiv1::__class_type_info const*, void const*, __cxxabiv1::__class_type_info::__upcast_result&) const
 .text._ZN9__gnu_cxx27__verbose_terminate_handlerEv
                0x0800c618      0x10c d:/programfiles/gnu arm embedded toolchain/10 2021.10/bin/../lib/gcc/arm-none-eabi/10.3.1/../../../../arm-none-eabi/lib/thumb/v7e-m/nofp\libstdc++.a(vterminate.o)
                0x0800c618                __gnu_cxx::__verbose_terminate_handler()
 .text._ZNKSt9bad_alloc4whatEv
                0x0800c724        0x8 d:/programfiles/gnu arm embedded toolchain/10 2021.10/bin/../lib/gcc/arm-none-eabi/10.3.1/../../../../arm-none-eabi/lib/thumb/v7e-m/nofp\libstdc++.a(bad_alloc.o)
                0x0800c724                std::bad_alloc::what() const
 .text._ZNSt9bad_allocD2Ev
                0x0800c72c       0x14 d:/programfiles/gnu arm embedded toolchain/10 2021.10/bin/../lib/gcc/arm-none-eabi/10.3.1/../../../../arm-none-eabi/lib/thumb/v7e-m/nofp\libstdc++.a(bad_alloc.o)
                0x0800c72c                std::bad_alloc::~bad_alloc()
                0x0800c72c                std::bad_alloc::~bad_alloc()
 .text._ZNSt9bad_allocD0Ev
                0x0800c740       0x1c d:/programfiles/gnu arm embedded toolchain/10 2021.10/bin/../lib/gcc/arm-none-eabi/10.3.1/../../../../arm-none-eabi/lib/thumb/v7e-m/nofp\libstdc++.a(bad_alloc.o)
                0x0800c740                std::bad_alloc::~bad_alloc()
 .text._ZdlPv   0x0800c75c        0x4 d:/programfiles/gnu arm embedded toolchain/10 2021.10/bin/../lib/gcc/arm-none-eabi/10.3.1/../../../../arm-none-eabi/lib/thumb/v7e-m/nofp\libstdc++.a(del_op.o)
                0x0800c75c                operator delete(void*)
 .text._ZN12_GLOBAL__N_14pool4freeEPv.constprop.0
                0x0800c760       0x88 d:/programfiles/gnu arm embedded toolchain/10 2021.10/bin/../lib/gcc/arm-none-eabi/10.3.1/../../../../arm-none-eabi/lib/thumb/v7e-m/nofp\libstdc++.a(eh_alloc.o)
 .text._ZN12_GLOBAL__N_14pool8allocateEj.constprop.0
                0x0800c7e8       0x5c d:/programfiles/gnu arm embedded toolchain/10 2021.10/bin/../lib/gcc/arm-none-eabi/10.3.1/../../../../arm-none-eabi/lib/thumb/v7e-m/nofp\libstdc++.a(eh_alloc.o)
 .text.__cxa_allocate_exception
                0x0800c844       0x30 d:/programfiles/gnu arm embedded toolchain/10 2021.10/bin/../lib/gcc/arm-none-eabi/10.3.1/../../../../arm-none-eabi/lib/thumb/v7e-m/nofp\libstdc++.a(eh_alloc.o)
                0x0800c844                __cxa_allocate_exception
 .text.__cxa_free_exception
                0x0800c874       0x20 d:/programfiles/gnu arm embedded toolchain/10 2021.10/bin/../lib/gcc/arm-none-eabi/10.3.1/../../../../arm-none-eabi/lib/thumb/v7e-m/nofp\libstdc++.a(eh_alloc.o)
                0x0800c874                __cxa_free_exception
 .text.startup._GLOBAL__sub_I__ZN9__gnu_cxx9__freeresEv
                0x0800c894       0x28 d:/programfiles/gnu arm embedded toolchain/10 2021.10/bin/../lib/gcc/arm-none-eabi/10.3.1/../../../../arm-none-eabi/lib/thumb/v7e-m/nofp\libstdc++.a(eh_alloc.o)
 .text._ZN10__cxxabiv1L24__is_gxx_exception_classEPc
                0x0800c8bc       0x3c d:/programfiles/gnu arm embedded toolchain/10 2021.10/bin/../lib/gcc/arm-none-eabi/10.3.1/../../../../arm-none-eabi/lib/thumb/v7e-m/nofp\libstdc++.a(eh_call.o)
 .text.__cxa_call_terminate
                0x0800c8f8       0x20 d:/programfiles/gnu arm embedded toolchain/10 2021.10/bin/../lib/gcc/arm-none-eabi/10.3.1/../../../../arm-none-eabi/lib/thumb/v7e-m/nofp\libstdc++.a(eh_call.o)
                0x0800c8f8                __cxa_call_terminate
 .text.unlikely.__cxa_call_unexpected
                0x0800c918       0xe4 d:/programfiles/gnu arm embedded toolchain/10 2021.10/bin/../lib/gcc/arm-none-eabi/10.3.1/../../../../arm-none-eabi/lib/thumb/v7e-m/nofp\libstdc++.a(eh_call.o)
                0x0800c918                __cxa_call_unexpected
 .text.__cxa_begin_catch
                0x0800c9fc       0x7c d:/programfiles/gnu arm embedded toolchain/10 2021.10/bin/../lib/gcc/arm-none-eabi/10.3.1/../../../../arm-none-eabi/lib/thumb/v7e-m/nofp\libstdc++.a(eh_catch.o)
                0x0800c9fc                __cxa_begin_catch
 .text.__cxa_end_catch
                0x0800ca78       0x8c d:/programfiles/gnu arm embedded toolchain/10 2021.10/bin/../lib/gcc/arm-none-eabi/10.3.1/../../../../arm-none-eabi/lib/thumb/v7e-m/nofp\libstdc++.a(eh_catch.o)
                0x0800ca78                __cxa_end_catch
 .text._ZL23__gxx_exception_cleanup19_Unwind_Reason_CodeP21_Unwind_Control_Block
                0x0800cb04       0x44 d:/programfiles/gnu arm embedded toolchain/10 2021.10/bin/../lib/gcc/arm-none-eabi/10.3.1/../../../../arm-none-eabi/lib/thumb/v7e-m/nofp\libstdc++.a(eh_throw.o)
 .text.__cxa_init_primary_exception
                0x0800cb48       0x58 d:/programfiles/gnu arm embedded toolchain/10 2021.10/bin/../lib/gcc/arm-none-eabi/10.3.1/../../../../arm-none-eabi/lib/thumb/v7e-m/nofp\libstdc++.a(eh_throw.o)
                0x0800cb48                __cxa_init_primary_exception
 .text.__cxa_throw
                0x0800cba0       0x34 d:/programfiles/gnu arm embedded toolchain/10 2021.10/bin/../lib/gcc/arm-none-eabi/10.3.1/../../../../arm-none-eabi/lib/thumb/v7e-m/nofp\libstdc++.a(eh_throw.o)
                0x0800cba0                __cxa_throw
 .text.__cxa_rethrow
                0x0800cbd4       0x70 d:/programfiles/gnu arm embedded toolchain/10 2021.10/bin/../lib/gcc/arm-none-eabi/10.3.1/../../../../arm-none-eabi/lib/thumb/v7e-m/nofp\libstdc++.a(eh_throw.o)
                0x0800cbd4                __cxa_rethrow
 .text.__cxa_current_exception_type
                0x0800cc44       0x1c d:/programfiles/gnu arm embedded toolchain/10 2021.10/bin/../lib/gcc/arm-none-eabi/10.3.1/../../../../arm-none-eabi/lib/thumb/v7e-m/nofp\libstdc++.a(eh_type.o)
                0x0800cc44                __cxa_current_exception_type
 .text._ZSt15get_new_handlerv
                0x0800cc60       0x10 d:/programfiles/gnu arm embedded toolchain/10 2021.10/bin/../lib/gcc/arm-none-eabi/10.3.1/../../../../arm-none-eabi/lib/thumb/v7e-m/nofp\libstdc++.a(new_handler.o)
                0x0800cc60                std::get_new_handler()
 .text.unlikely
                0x0800cc70        0xc d:/programfiles/gnu arm embedded toolchain/10 2021.10/bin/../lib/gcc/arm-none-eabi/10.3.1/thumb/v7e-m/nofp\libgcc.a(pr-support.o)
                0x0800cc70                _Unwind_GetDataRelBase
                0x0800cc76                _Unwind_GetTextRelBase
 .text.abort    0x0800cc7c       0x10 d:/programfiles/gnu arm embedded toolchain/10 2021.10/bin/../lib/gcc/arm-none-eabi/10.3.1/../../../../arm-none-eabi/lib/thumb/v7e-m/nofp\libg.a(lib_a-abort.o)
                0x0800cc7c                abort
 .text.__cxa_atexit
                0x0800cc8c        0xc d:/programfiles/gnu arm embedded toolchain/10 2021.10/bin/../lib/gcc/arm-none-eabi/10.3.1/../../../../arm-none-eabi/lib/thumb/v7e-m/nofp\libg.a(lib_a-cxa_atexit.o)
                0x0800cc8c                __cxa_atexit
 .text.__errno  0x0800cc98        0xc d:/programfiles/gnu arm embedded toolchain/10 2021.10/bin/../lib/gcc/arm-none-eabi/10.3.1/../../../../arm-none-eabi/lib/thumb/v7e-m/nofp\libg.a(lib_a-errno.o)
                0x0800cc98                __errno
 .text.fputc    0x0800cca4       0x58 d:/programfiles/gnu arm embedded toolchain/10 2021.10/bin/../lib/gcc/arm-none-eabi/10.3.1/../../../../arm-none-eabi/lib/thumb/v7e-m/nofp\libg.a(lib_a-fputc.o)
                0x0800cca4                fputc
 .text._fputs_r
                0x0800ccfc       0x88 d:/programfiles/gnu arm embedded toolchain/10 2021.10/bin/../lib/gcc/arm-none-eabi/10.3.1/../../../../arm-none-eabi/lib/thumb/v7e-m/nofp\libg.a(lib_a-fputs.o)
                0x0800ccfc                _fputs_r
 .text.fputs    0x0800cd84       0x18 d:/programfiles/gnu arm embedded toolchain/10 2021.10/bin/../lib/gcc/arm-none-eabi/10.3.1/../../../../arm-none-eabi/lib/thumb/v7e-m/nofp\libg.a(lib_a-fputs.o)
                0x0800cd84                fputs
 .text.__sfvwrite_r
                0x0800cd9c      0x2e8 d:/programfiles/gnu arm embedded toolchain/10 2021.10/bin/../lib/gcc/arm-none-eabi/10.3.1/../../../../arm-none-eabi/lib/thumb/v7e-m/nofp\libg.a(lib_a-fvwrite.o)
                0x0800cd9c                __sfvwrite_r
 .text._fwrite_r
                0x0800d084       0xa8 d:/programfiles/gnu arm embedded toolchain/10 2021.10/bin/../lib/gcc/arm-none-eabi/10.3.1/../../../../arm-none-eabi/lib/thumb/v7e-m/nofp\libg.a(lib_a-fwrite.o)
                0x0800d084                _fwrite_r
 .text.fwrite   0x0800d12c       0x20 d:/programfiles/gnu arm embedded toolchain/10 2021.10/bin/../lib/gcc/arm-none-eabi/10.3.1/../../../../arm-none-eabi/lib/thumb/v7e-m/nofp\libg.a(lib_a-fwrite.o)
                0x0800d12c                fwrite
 .text.__libc_init_array
                0x0800d14c       0x48 d:/programfiles/gnu arm embedded toolchain/10 2021.10/bin/../lib/gcc/arm-none-eabi/10.3.1/../../../../arm-none-eabi/lib/thumb/v7e-m/nofp\libg.a(lib_a-init.o)
                0x0800d14c                __libc_init_array
 .text.__retarget_lock_init_recursive
                0x0800d194        0x4 d:/programfiles/gnu arm embedded toolchain/10 2021.10/bin/../lib/gcc/arm-none-eabi/10.3.1/../../../../arm-none-eabi/lib/thumb/v7e-m/nofp\libg.a(lib_a-lock.o)
                0x0800d194                __retarget_lock_init_recursive
 .text.__retarget_lock_close_recursive
                0x0800d198        0x4 d:/programfiles/gnu arm embedded toolchain/10 2021.10/bin/../lib/gcc/arm-none-eabi/10.3.1/../../../../arm-none-eabi/lib/thumb/v7e-m/nofp\libg.a(lib_a-lock.o)
                0x0800d198                __retarget_lock_close_recursive
 .text.__retarget_lock_acquire_recursive
                0x0800d19c        0x4 d:/programfiles/gnu arm embedded toolchain/10 2021.10/bin/../lib/gcc/arm-none-eabi/10.3.1/../../../../arm-none-eabi/lib/thumb/v7e-m/nofp\libg.a(lib_a-lock.o)
                0x0800d19c                __retarget_lock_acquire_recursive
 .text.__retarget_lock_release_recursive
                0x0800d1a0        0x4 d:/programfiles/gnu arm embedded toolchain/10 2021.10/bin/../lib/gcc/arm-none-eabi/10.3.1/../../../../arm-none-eabi/lib/thumb/v7e-m/nofp\libg.a(lib_a-lock.o)
                0x0800d1a0                __retarget_lock_release_recursive
 .text.malloc   0x0800d1a4       0x10 d:/programfiles/gnu arm embedded toolchain/10 2021.10/bin/../lib/gcc/arm-none-eabi/10.3.1/../../../../arm-none-eabi/lib/thumb/v7e-m/nofp\libg.a(lib_a-malloc.o)
                0x0800d1a4                malloc
 .text.free     0x0800d1b4       0x10 d:/programfiles/gnu arm embedded toolchain/10 2021.10/bin/../lib/gcc/arm-none-eabi/10.3.1/../../../../arm-none-eabi/lib/thumb/v7e-m/nofp\libg.a(lib_a-malloc.o)
                0x0800d1b4                free
 .text._malloc_r
                0x0800d1c4      0x560 d:/programfiles/gnu arm embedded toolchain/10 2021.10/bin/../lib/gcc/arm-none-eabi/10.3.1/../../../../arm-none-eabi/lib/thumb/v7e-m/nofp\libg.a(lib_a-mallocr.o)
                0x0800d1c4                _malloc_r
 .text.memcmp   0x0800d724       0x68 d:/programfiles/gnu arm embedded toolchain/10 2021.10/bin/../lib/gcc/arm-none-eabi/10.3.1/../../../../arm-none-eabi/lib/thumb/v7e-m/nofp\libg.a(lib_a-memcmp.o)
                0x0800d724                memcmp
 .text.memmove  0x0800d78c       0xf8 d:/programfiles/gnu arm embedded toolchain/10 2021.10/bin/../lib/gcc/arm-none-eabi/10.3.1/../../../../arm-none-eabi/lib/thumb/v7e-m/nofp\libg.a(lib_a-memmove.o)
                0x0800d78c                memmove
 .text.memset   0x0800d884       0xa4 d:/programfiles/gnu arm embedded toolchain/10 2021.10/bin/../lib/gcc/arm-none-eabi/10.3.1/../../../../arm-none-eabi/lib/thumb/v7e-m/nofp\libg.a(lib_a-memset.o)
                0x0800d884                memset
 .text.__malloc_lock
                0x0800d928        0xc d:/programfiles/gnu arm embedded toolchain/10 2021.10/bin/../lib/gcc/arm-none-eabi/10.3.1/../../../../arm-none-eabi/lib/thumb/v7e-m/nofp\libg.a(lib_a-mlock.o)
                0x0800d928                __malloc_lock
 .text.__malloc_unlock
                0x0800d934        0xc d:/programfiles/gnu arm embedded toolchain/10 2021.10/bin/../lib/gcc/arm-none-eabi/10.3.1/../../../../arm-none-eabi/lib/thumb/v7e-m/nofp\libg.a(lib_a-mlock.o)
                0x0800d934                __malloc_unlock
 .text._putc_r  0x0800d940       0x74 d:/programfiles/gnu arm embedded toolchain/10 2021.10/bin/../lib/gcc/arm-none-eabi/10.3.1/../../../../arm-none-eabi/lib/thumb/v7e-m/nofp\libg.a(lib_a-putc.o)
                0x0800d940                _putc_r
 .text.realloc  0x0800d9b4       0x18 d:/programfiles/gnu arm embedded toolchain/10 2021.10/bin/../lib/gcc/arm-none-eabi/10.3.1/../../../../arm-none-eabi/lib/thumb/v7e-m/nofp\libg.a(lib_a-realloc.o)
                0x0800d9b4                realloc
 .text._realloc_r
                0x0800d9cc      0x3d8 d:/programfiles/gnu arm embedded toolchain/10 2021.10/bin/../lib/gcc/arm-none-eabi/10.3.1/../../../../arm-none-eabi/lib/thumb/v7e-m/nofp\libg.a(lib_a-reallocr.o)
                0x0800d9cc                _realloc_r
 .text._sbrk_r  0x0800dda4       0x24 d:/programfiles/gnu arm embedded toolchain/10 2021.10/bin/../lib/gcc/arm-none-eabi/10.3.1/../../../../arm-none-eabi/lib/thumb/v7e-m/nofp\libg.a(lib_a-sbrkr.o)
                0x0800dda4                _sbrk_r
 .text.raise    0x0800ddc8       0x5c d:/programfiles/gnu arm embedded toolchain/10 2021.10/bin/../lib/gcc/arm-none-eabi/10.3.1/../../../../arm-none-eabi/lib/thumb/v7e-m/nofp\libg.a(lib_a-signal.o)
                0x0800ddc8                raise
 .text._kill_r  0x0800de24       0x2c d:/programfiles/gnu arm embedded toolchain/10 2021.10/bin/../lib/gcc/arm-none-eabi/10.3.1/../../../../arm-none-eabi/lib/thumb/v7e-m/nofp\libg.a(lib_a-signalr.o)
                0x0800de24                _kill_r
 .text._getpid_r
                0x0800de50        0x4 d:/programfiles/gnu arm embedded toolchain/10 2021.10/bin/../lib/gcc/arm-none-eabi/10.3.1/../../../../arm-none-eabi/lib/thumb/v7e-m/nofp\libg.a(lib_a-signalr.o)
                0x0800de50                _getpid_r
 .text.sprintf  0x0800de54       0x40 d:/programfiles/gnu arm embedded toolchain/10 2021.10/bin/../lib/gcc/arm-none-eabi/10.3.1/../../../../arm-none-eabi/lib/thumb/v7e-m/nofp\libg.a(lib_a-sprintf.o)
                0x0800de54                sprintf
 .text.strncmp  0x0800de94       0x80 d:/programfiles/gnu arm embedded toolchain/10 2021.10/bin/../lib/gcc/arm-none-eabi/10.3.1/../../../../arm-none-eabi/lib/thumb/v7e-m/nofp\libg.a(lib_a-strncmp.o)
                0x0800de94                strncmp
 .text.strncpy  0x0800df14       0x64 d:/programfiles/gnu arm embedded toolchain/10 2021.10/bin/../lib/gcc/arm-none-eabi/10.3.1/../../../../arm-none-eabi/lib/thumb/v7e-m/nofp\libg.a(lib_a-strncpy.o)
                0x0800df14                strncpy
 .text._svfprintf_r
                0x0800df78     0x1a3c d:/programfiles/gnu arm embedded toolchain/10 2021.10/bin/../lib/gcc/arm-none-eabi/10.3.1/../../../../arm-none-eabi/lib/thumb/v7e-m/nofp\libg.a(lib_a-svfprintf.o)
                0x0800df78                _svfprintf_r
 .text.write    0x0800f9b4       0x18 d:/programfiles/gnu arm embedded toolchain/10 2021.10/bin/../lib/gcc/arm-none-eabi/10.3.1/../../../../arm-none-eabi/lib/thumb/v7e-m/nofp\libg.a(lib_a-syswrite.o)
                0x0800f9b4                write
 .text.__swbuf_r
                0x0800f9cc       0xb0 d:/programfiles/gnu arm embedded toolchain/10 2021.10/bin/../lib/gcc/arm-none-eabi/10.3.1/../../../../arm-none-eabi/lib/thumb/v7e-m/nofp\libg.a(lib_a-wbuf.o)
                0x0800f9cc                __swbuf_r
 .text._write_r
                0x0800fa7c       0x2c d:/programfiles/gnu arm embedded toolchain/10 2021.10/bin/../lib/gcc/arm-none-eabi/10.3.1/../../../../arm-none-eabi/lib/thumb/v7e-m/nofp\libg.a(lib_a-writer.o)
                0x0800fa7c                _write_r
 .text.__swsetup_r
                0x0800faa8       0xd4 d:/programfiles/gnu arm embedded toolchain/10 2021.10/bin/../lib/gcc/arm-none-eabi/10.3.1/../../../../arm-none-eabi/lib/thumb/v7e-m/nofp\libg.a(lib_a-wsetup.o)
                0x0800faa8                __swsetup_r
 .text.__register_exitproc
                0x0800fb7c       0x8c d:/programfiles/gnu arm embedded toolchain/10 2021.10/bin/../lib/gcc/arm-none-eabi/10.3.1/../../../../arm-none-eabi/lib/thumb/v7e-m/nofp\libg.a(lib_a-__atexit.o)
                0x0800fb7c                __register_exitproc
 .text.startup.register_fini
                0x0800fc08       0x14 d:/programfiles/gnu arm embedded toolchain/10 2021.10/bin/../lib/gcc/arm-none-eabi/10.3.1/../../../../arm-none-eabi/lib/thumb/v7e-m/nofp\libg.a(lib_a-__call_atexit.o)
 .text.atexit   0x0800fc1c        0xc d:/programfiles/gnu arm embedded toolchain/10 2021.10/bin/../lib/gcc/arm-none-eabi/10.3.1/../../../../arm-none-eabi/lib/thumb/v7e-m/nofp\libg.a(lib_a-atexit.o)
                0x0800fc1c                atexit
 .text.quorem   0x0800fc28      0x124 d:/programfiles/gnu arm embedded toolchain/10 2021.10/bin/../lib/gcc/arm-none-eabi/10.3.1/../../../../arm-none-eabi/lib/thumb/v7e-m/nofp\libg.a(lib_a-dtoa.o)
 *fill*         0x0800fd4c        0x4 
 .text._dtoa_r  0x0800fd50      0xec4 d:/programfiles/gnu arm embedded toolchain/10 2021.10/bin/../lib/gcc/arm-none-eabi/10.3.1/../../../../arm-none-eabi/lib/thumb/v7e-m/nofp\libg.a(lib_a-dtoa.o)
                0x0800fd50                _dtoa_r
 .text.__sflush_r
                0x08010c14      0x120 d:/programfiles/gnu arm embedded toolchain/10 2021.10/bin/../lib/gcc/arm-none-eabi/10.3.1/../../../../arm-none-eabi/lib/thumb/v7e-m/nofp\libg.a(lib_a-fflush.o)
                0x08010c14                __sflush_r
 .text._fflush_r
                0x08010d34       0x5c d:/programfiles/gnu arm embedded toolchain/10 2021.10/bin/../lib/gcc/arm-none-eabi/10.3.1/../../../../arm-none-eabi/lib/thumb/v7e-m/nofp\libg.a(lib_a-fflush.o)
                0x08010d34                _fflush_r
 .text._cleanup_r
                0x08010d90        0xc d:/programfiles/gnu arm embedded toolchain/10 2021.10/bin/../lib/gcc/arm-none-eabi/10.3.1/../../../../arm-none-eabi/lib/thumb/v7e-m/nofp\libg.a(lib_a-findfp.o)
                0x08010d90                _cleanup_r
 .text.__sinit  0x08010d9c      0x10c d:/programfiles/gnu arm embedded toolchain/10 2021.10/bin/../lib/gcc/arm-none-eabi/10.3.1/../../../../arm-none-eabi/lib/thumb/v7e-m/nofp\libg.a(lib_a-findfp.o)
                0x08010d9c                __sinit
 .text.__sfp_lock_acquire
                0x08010ea8        0xc d:/programfiles/gnu arm embedded toolchain/10 2021.10/bin/../lib/gcc/arm-none-eabi/10.3.1/../../../../arm-none-eabi/lib/thumb/v7e-m/nofp\libg.a(lib_a-findfp.o)
                0x08010ea8                __sfp_lock_acquire
 .text.__sfp_lock_release
                0x08010eb4        0xc d:/programfiles/gnu arm embedded toolchain/10 2021.10/bin/../lib/gcc/arm-none-eabi/10.3.1/../../../../arm-none-eabi/lib/thumb/v7e-m/nofp\libg.a(lib_a-findfp.o)
                0x08010eb4                __sfp_lock_release
 .text.__libc_fini_array
                0x08010ec0       0x2c d:/programfiles/gnu arm embedded toolchain/10 2021.10/bin/../lib/gcc/arm-none-eabi/10.3.1/../../../../arm-none-eabi/lib/thumb/v7e-m/nofp\libg.a(lib_a-fini.o)
                0x08010ec0                __libc_fini_array
 .text._malloc_trim_r
                0x08010eec       0xa0 d:/programfiles/gnu arm embedded toolchain/10 2021.10/bin/../lib/gcc/arm-none-eabi/10.3.1/../../../../arm-none-eabi/lib/thumb/v7e-m/nofp\libg.a(lib_a-freer.o)
                0x08010eec                _malloc_trim_r
 .text._free_r  0x08010f8c      0x20c d:/programfiles/gnu arm embedded toolchain/10 2021.10/bin/../lib/gcc/arm-none-eabi/10.3.1/../../../../arm-none-eabi/lib/thumb/v7e-m/nofp\libg.a(lib_a-freer.o)
                0x08010f8c                _free_r
 .text._fwalk_reent
                0x08011198       0x48 d:/programfiles/gnu arm embedded toolchain/10 2021.10/bin/../lib/gcc/arm-none-eabi/10.3.1/../../../../arm-none-eabi/lib/thumb/v7e-m/nofp\libg.a(lib_a-fwalk.o)
                0x08011198                _fwalk_reent
 .text.__locale_mb_cur_max