Archive member included to satisfy reference by file (symbol)

d:/programfiles/gnu arm embedded toolchain/10 2021.10/bin/../lib/gcc/arm-none-eabi/10.3.1/../../../../arm-none-eabi/lib/thumb/v7e-m/nofp\libstdc++.a(class_type_info.o)
                              CMakeFiles/car0.elf.dir/myLib/Virtual_Hardware/Src/virGPIO.cpp.obj (vtable for __cxxabiv1::__class_type_info)
d:/programfiles/gnu arm embedded toolchain/10 2021.10/bin/../lib/gcc/arm-none-eabi/10.3.1/../../../../arm-none-eabi/lib/thumb/v7e-m/nofp\libstdc++.a(del_ops.o)
                              CMakeFiles/car0.elf.dir/myLib/Factory/Src/GPIOFactory.cpp.obj (operator delete(void*, unsigned int))
d:/programfiles/gnu arm embedded toolchain/10 2021.10/bin/../lib/gcc/arm-none-eabi/10.3.1/../../../../arm-none-eabi/lib/thumb/v7e-m/nofp\libstdc++.a(eh_arm.o)
                              CMakeFiles/car0.elf.dir/Bridge/Bridge.cpp.obj (__cxa_end_cleanup)
d:/programfiles/gnu arm embedded toolchain/10 2021.10/bin/../lib/gcc/arm-none-eabi/10.3.1/../../../../arm-none-eabi/lib/thumb/v7e-m/nofp\libstdc++.a(eh_exception.o)
                              d:/programfiles/gnu arm embedded toolchain/10 2021.10/bin/../lib/gcc/arm-none-eabi/10.3.1/../../../../arm-none-eabi/lib/thumb/v7e-m/nofp\libstdc++.a(eh_arm.o) (typeinfo for __cxxabiv1::__forced_unwind)
d:/programfiles/gnu arm embedded toolchain/10 2021.10/bin/../lib/gcc/arm-none-eabi/10.3.1/../../../../arm-none-eabi/lib/thumb/v7e-m/nofp\libstdc++.a(eh_globals.o)
                              d:/programfiles/gnu arm embedded toolchain/10 2021.10/bin/../lib/gcc/arm-none-eabi/10.3.1/../../../../arm-none-eabi/lib/thumb/v7e-m/nofp\libstdc++.a(eh_arm.o) (__cxa_get_globals)
d:/programfiles/gnu arm embedded toolchain/10 2021.10/bin/../lib/gcc/arm-none-eabi/10.3.1/../../../../arm-none-eabi/lib/thumb/v7e-m/nofp\libstdc++.a(eh_personality.o)
                              CMakeFiles/car0.elf.dir/Bridge/Bridge.cpp.obj (__gxx_personality_v0)
d:/programfiles/gnu arm embedded toolchain/10 2021.10/bin/../lib/gcc/arm-none-eabi/10.3.1/../../../../arm-none-eabi/lib/thumb/v7e-m/nofp\libstdc++.a(eh_terminate.o)
                              d:/programfiles/gnu arm embedded toolchain/10 2021.10/bin/../lib/gcc/arm-none-eabi/10.3.1/../../../../arm-none-eabi/lib/thumb/v7e-m/nofp\libstdc++.a(eh_arm.o) (std::terminate())
d:/programfiles/gnu arm embedded toolchain/10 2021.10/bin/../lib/gcc/arm-none-eabi/10.3.1/../../../../arm-none-eabi/lib/thumb/v7e-m/nofp\libstdc++.a(eh_unex_handler.o)
                              d:/programfiles/gnu arm embedded toolchain/10 2021.10/bin/../lib/gcc/arm-none-eabi/10.3.1/../../../../arm-none-eabi/lib/thumb/v7e-m/nofp\libstdc++.a(eh_terminate.o) (__cxxabiv1::__unexpected_handler)
d:/programfiles/gnu arm embedded toolchain/10 2021.10/bin/../lib/gcc/arm-none-eabi/10.3.1/../../../../arm-none-eabi/lib/thumb/v7e-m/nofp\libstdc++.a(new_op.o)
                              CMakeFiles/car0.elf.dir/myLib/Factory/Src/GPIOFactory.cpp.obj (operator new(unsigned int))
d:/programfiles/gnu arm embedded toolchain/10 2021.10/bin/../lib/gcc/arm-none-eabi/10.3.1/../../../../arm-none-eabi/lib/thumb/v7e-m/nofp\libstdc++.a(pure.o)
                              CMakeFiles/car0.elf.dir/myLib/Virtual_Hardware/Src/virGPIO.cpp.obj (__cxa_pure_virtual)
d:/programfiles/gnu arm embedded toolchain/10 2021.10/bin/../lib/gcc/arm-none-eabi/10.3.1/../../../../arm-none-eabi/lib/thumb/v7e-m/nofp\libstdc++.a(si_class_type_info.o)
                              CMakeFiles/car0.elf.dir/myLib/MCU_Hardware/Src/MyGPIO.cpp.obj (vtable for __cxxabiv1::__si_class_type_info)
d:/programfiles/gnu arm embedded toolchain/10 2021.10/bin/../lib/gcc/arm-none-eabi/10.3.1/../../../../arm-none-eabi/lib/thumb/v7e-m/nofp\libstdc++.a(tinfo.o)
                              d:/programfiles/gnu arm embedded toolchain/10 2021.10/bin/../lib/gcc/arm-none-eabi/10.3.1/../../../../arm-none-eabi/lib/thumb/v7e-m/nofp\libstdc++.a(class_type_info.o) (std::type_info::~type_info())
d:/programfiles/gnu arm embedded toolchain/10 2021.10/bin/../lib/gcc/arm-none-eabi/10.3.1/../../../../arm-none-eabi/lib/thumb/v7e-m/nofp\libstdc++.a(vterminate.o)
                              d:/programfiles/gnu arm embedded toolchain/10 2021.10/bin/../lib/gcc/arm-none-eabi/10.3.1/../../../../arm-none-eabi/lib/thumb/v7e-m/nofp\libstdc++.a(eh_terminate.o) (__gnu_cxx::__verbose_terminate_handler())
d:/programfiles/gnu arm embedded toolchain/10 2021.10/bin/../lib/gcc/arm-none-eabi/10.3.1/../../../../arm-none-eabi/lib/thumb/v7e-m/nofp\libstdc++.a(bad_alloc.o)
                              d:/programfiles/gnu arm embedded toolchain/10 2021.10/bin/../lib/gcc/arm-none-eabi/10.3.1/../../../../arm-none-eabi/lib/thumb/v7e-m/nofp\libstdc++.a(new_op.o) (std::bad_alloc::~bad_alloc())
d:/programfiles/gnu arm embedded toolchain/10 2021.10/bin/../lib/gcc/arm-none-eabi/10.3.1/../../../../arm-none-eabi/lib/thumb/v7e-m/nofp\libstdc++.a(cp-demangle.o)
[...]
Memory Configuration

Name             Origin             Length             Attributes
CCMRAM           0x10000000         0x00010000         xrw
RAM              0x20000000         0x00020000         xrw
FLASH            0x08000000         0x00100000         xr
*default*        0x00000000         0xffffffff

Linker script and memory map

LOAD d:/programfiles/gnu arm embedded toolchain/10 2021.10/bin/../lib/gcc/arm-none-eabi/10.3.1/thumb/v7e-m/nofp/crti.o
LOAD d:/programfiles/gnu arm embedded toolchain/10 2021.10/bin/../lib/gcc/arm-none-eabi/10.3.1/thumb/v7e-m/nofp/crtbegin.o
LOAD d:/programfiles/gnu arm embedded toolchain/10 2021.10/bin/../lib/gcc/arm-none-eabi/10.3.1/../../../../arm-none-eabi/lib/thumb/v7e-m/nofp/crt0.o
LOAD CMakeFiles/car0.elf.dir/Bridge/Bridge.cpp.obj
LOAD CMakeFiles/car0.elf.dir/Core/Src/gpio.c.obj
LOAD CMakeFiles/car0.elf.dir/Core/Src/main.c.obj
LOAD CMakeFiles/car0.elf.dir/Core/Src/stm32f4xx_hal_msp.c.obj
LOAD CMakeFiles/car0.elf.dir/Core/Src/stm32f4xx_it.c.obj
LOAD CMakeFiles/car0.elf.dir/Core/Src/syscalls.c.obj
LOAD CMakeFiles/car0.elf.dir/Core/Src/sysmem.c.obj
LOAD CMakeFiles/car0.elf.dir/Core/Src/system_stm32f4xx.c.obj
LOAD CMakeFiles/car0.elf.dir/Core/Src/usart.c.obj
LOAD CMakeFiles/car0.elf.dir/Core/Startup/startup_stm32f407zgtx.s.obj
LOAD CMakeFiles/car0.elf.dir/Drivers/STM32F4xx_HAL_Driver/Src/stm32f4xx_hal.c.obj
LOAD CMakeFiles/car0.elf.dir/Drivers/STM32F4xx_HAL_Driver/Src/stm32f4xx_hal_cortex.c.obj
LOAD CMakeFiles/car0.elf.dir/Drivers/STM32F4xx_HAL_Driver/Src/stm32f4xx_hal_dma.c.obj
LOAD CMakeFiles/car0.elf.dir/Drivers/STM32F4xx_HAL_Driver/Src/stm32f4xx_hal_dma_ex.c.obj
LOAD CMakeFiles/car0.elf.dir/Drivers/STM32F4xx_HAL_Driver/Src/stm32f4xx_hal_exti.c.obj
LOAD CMakeFiles/car0.elf.dir/Drivers/STM32F4xx_HAL_Driver/Src/stm32f4xx_hal_flash.c.obj
LOAD CMakeFiles/car0.elf.dir/Drivers/STM32F4xx_HAL_Driver/Src/stm32f4xx_hal_flash_ex.c.obj
LOAD CMakeFiles/car0.elf.dir/Drivers/STM32F4xx_HAL_Driver/Src/stm32f4xx_hal_flash_ramfunc.c.obj
LOAD CMakeFiles/car0.elf.dir/Drivers/STM32F4xx_HAL_Driver/Src/stm32f4xx_hal_gpio.c.obj
LOAD CMakeFiles/car0.elf.dir/Drivers/STM32F4xx_HAL_Driver/Src/stm32f4xx_hal_pwr.c.obj
LOAD CMakeFiles/car0.elf.dir/Drivers/STM32F4xx_HAL_Driver/Src/stm32f4xx_hal_pwr_ex.c.obj
LOAD CMakeFiles/car0.elf.dir/Drivers/STM32F4xx_HAL_Driver/Src/stm32f4xx_hal_rcc.c.obj
LOAD CMakeFiles/car0.elf.dir/Drivers/STM32F4xx_HAL_Driver/Src/stm32f4xx_hal_rcc_ex.c.obj
LOAD CMakeFiles/car0.elf.dir/Drivers/STM32F4xx_HAL_Driver/Src/stm32f4xx_hal_tim.c.obj
LOAD CMakeFiles/car0.elf.dir/Drivers/STM32F4xx_HAL_Driver/Src/stm32f4xx_hal_tim_ex.c.obj
LOAD CMakeFiles/car0.elf.dir/Drivers/STM32F4xx_HAL_Driver/Src/stm32f4xx_hal_uart.c.obj
LOAD CMakeFiles/car0.elf.dir/myLib/Base_Hardware/Src/BaseGPIO.cpp.obj
LOAD CMakeFiles/car0.elf.dir/myLib/Factory/Src/GPIOFactory.cpp.obj
LOAD CMakeFiles/car0.elf.dir/myLib/MCU_Hardware/Src/MyGPIO.cpp.obj
LOAD CMakeFiles/car0.elf.dir/myLib/Virtual_Hardware/Src/virGPIO.cpp.obj
LOAD d:/programfiles/gnu arm embedded toolchain/10 2021.10/bin/../lib/gcc/arm-none-eabi/10.3.1/../../../../arm-none-eabi/lib/thumb/v7e-m/nofp\libstdc++.a
LOAD d:/programfiles/gnu arm embedded toolchain/10 2021.10/bin/../lib/gcc/arm-none-eabi/10.3.1/../../../../arm-none-eabi/lib/thumb/v7e-m/nofp\libm.a
START GROUP
LOAD d:/programfiles/gnu arm embedded toolchain/10 2021.10/bin/../lib/gcc/arm-none-eabi/10.3.1/thumb/v7e-m/nofp\libgcc.a
LOAD d:/programfiles/gnu arm embedded toolchain/10 2021.10/bin/../lib/gcc/arm-none-eabi/10.3.1/../../../../arm-none-eabi/lib/thumb/v7e-m/nofp\libg.a
LOAD d:/programfiles/gnu arm embedded toolchain/10 2021.10/bin/../lib/gcc/arm-none-eabi/10.3.1/../../../../arm-none-eabi/lib/thumb/v7e-m/nofp\libc.a
END GROUP
LOAD d:/programfiles/gnu arm embedded toolchain/10 2021.10/bin/../lib/gcc/arm-none-eabi/10.3.1/thumb/v7e-m/nofp/crtend.o
LOAD d:/programfiles/gnu arm embedded toolchain/10 2021.10/bin/../lib/gcc/arm-none-eabi/10.3.1/thumb/v7e-m/nofp/crtn.o
                0x20020000                _estack = (ORIGIN (RAM) + LENGTH (RAM))
                0x00000200                _Min_Heap_Size = 0x200
                0x00000400                _Min_Stack_Size = 0x400

.isr_vector     0x08000000      0x188
                0x08000000                . = ALIGN (0x4)
 *(.isr_vector)
 .isr_vector    0x08000000      0x188 CMakeFiles/car0.elf.dir/Core/Startup/startup_stm32f407zgtx.s.obj
                0x08000000                g_pfnVectors
                0x08000188                . = ALIGN (0x4)

.text           0x080001c0    0x10a70
                0x080001c0                . = ALIGN (0x4)
 *(.text)
 .text          0x080001c0       0x40 d:/programfiles/gnu arm embedded toolchain/10 2021.10/bin/../lib/gcc/arm-none-eabi/10.3.1/thumb/v7e-m/nofp/crtbegin.o
 .text          0x08000200     0x5fa4 d:/programfiles/gnu arm embedded toolchain/10 2021.10/bin/../lib/gcc/arm-none-eabi/10.3.1/../../../../arm-none-eabi/lib/thumb/v7e-m/nofp\libstdc++.a(cp-demangle.o)
                0x080060bc                __cxa_demangle
                0x08006180                __gcclibcxx_demangle_callback
 .text          0x080061a4       0x30 d:/programfiles/gnu arm embedded toolchain/10 2021.10/bin/../lib/gcc/arm-none-eabi/10.3.1/thumb/v7e-m/nofp\libgcc.a(_aeabi_uldivmod.o)
                0x080061a4                __aeabi_uldivmod
 .text          0x080061d4      0x2d0 d:/programfiles/gnu arm embedded toolchain/10 2021.10/bin/../lib/gcc/arm-none-eabi/10.3.1/thumb/v7e-m/nofp\libgcc.a(_udivmoddi4.o)
                0x080061d4                __udivmoddi4
 .text          0x080064a4      0x9d8 d:/programfiles/gnu arm embedded toolchain/10 2021.10/bin/../lib/gcc/arm-none-eabi/10.3.1/thumb/v7e-m/nofp\libgcc.a(unwind-arm.o)
                0x0800674c                _Unwind_GetCFA
                0x08006750                __gnu_Unwind_RaiseException
                0x080067b8                __gnu_Unwind_ForcedUnwind
                0x080067c8                __gnu_Unwind_Resume
                0x0800680c                __gnu_Unwind_Resume_or_Rethrow
                0x0800681c                _Unwind_Complete
                0x08006820                _Unwind_DeleteException
                0x0800682c                _Unwind_VRS_Get
                0x08006878                _Unwind_VRS_Set
                0x080068c0                __gnu_Unwind_Backtrace
                0x08006bec                __aeabi_unwind_cpp_pr0
                0x08006bf0                __aeabi_unwind_cpp_pr1
                0x08006bf4                __aeabi_unwind_cpp_pr2
                0x08006bf8                _Unwind_VRS_Pop
 .text          0x08006e7c      0x1ac d:/programfiles/gnu arm embedded toolchain/10 2021.10/bin/../lib/gcc/arm-none-eabi/10.3.1/thumb/v7e-m/nofp\libgcc.a(libunwind.o)
                0x08006e7c                __restore_core_regs
                0x08006e7c                restore_core_regs
                0x08006e94                __gnu_Unwind_Restore_VFP
                0x08006e9c                __gnu_Unwind_Save_VFP
                0x08006ea4                __gnu_Unwind_Restore_VFP_D
                0x08006eac                __gnu_Unwind_Save_VFP_D
                0x08006eb4                __gnu_Unwind_Restore_VFP_D_16_to_31
                0x08006ebc                __gnu_Unwind_Save_VFP_D_16_to_31
                0x08006ec4                __gnu_Unwind_Restore_WMMXD
                0x08006f08                __gnu_Unwind_Save_WMMXD
                0x08006f4c                __gnu_Unwind_Restore_WMMXC
                0x08006f60                __gnu_Unwind_Save_WMMXC
                0x08006f74                ___Unwind_RaiseException
                0x08006f74                _Unwind_RaiseException
                0x08006f98                _Unwind_Resume
                0x08006f98                ___Unwind_Resume
                0x08006fbc                _Unwind_Resume_or_Rethrow
                0x08006fbc                ___Unwind_Resume_or_Rethrow
                0x08006fe0                _Unwind_ForcedUnwind
                0x08006fe0                ___Unwind_ForcedUnwind
                0x08007004                ___Unwind_Backtrace
                0x08007004                _Unwind_Backtrace
 .text          0x08007028      0x350 d:/programfiles/gnu arm embedded toolchain/10 2021.10/bin/../lib/gcc/arm-none-eabi/10.3.1/thumb/v7e-m/nofp\libgcc.a(pr-support.o)
                0x08007080                __gnu_unwind_execute
                0x0800732c                __gnu_unwind_frame
                0x08007358                _Unwind_GetRegionStart
                0x08007364                _Unwind_GetLanguageSpecificData
 .text          0x08007378        0x4 d:/programfiles/gnu arm embedded toolchain/10 2021.10/bin/../lib/gcc/arm-none-eabi/10.3.1/thumb/v7e-m/nofp\libgcc.a(_dvmd_tls.o)
                0x08007378                __aeabi_idiv0
                0x08007378                __aeabi_ldiv0
 *fill*         0x0800737c        0x4 
 .text          0x08007380       0xa0 d:/programfiles/gnu arm embedded toolchain/10 2021.10/bin/../lib/gcc/arm-none-eabi/10.3.1/../../../../arm-none-eabi/lib/thumb/v7e-m/nofp\libg.a(lib_a-memchr.o)
                0x08007380                memchr
 .text          0x08007420      0x134 d:/programfiles/gnu arm embedded toolchain/10 2021.10/bin/../lib/gcc/arm-none-eabi/10.3.1/../../../../arm-none-eabi/lib/thumb/v7e-m/nofp\libg.a(lib_a-memcpy.o)
                0x08007420                memcpy
 *fill*         0x08007554        0xc 
 .text          0x08007560      0x2dc d:/programfiles/gnu arm embedded toolchain/10 2021.10/bin/../lib/gcc/arm-none-eabi/10.3.1/../../../../arm-none-eabi/lib/thumb/v7e-m/nofp\libg.a(lib_a-strcmp.o)
                0x08007568                strcmp
 *fill*         0x0800783c        0x4 
 .text          0x08007840       0xdc d:/programfiles/gnu arm embedded toolchain/10 2021.10/bin/../lib/gcc/arm-none-eabi/10.3.1/../../../../arm-none-eabi/lib/thumb/v7e-m/nofp\libg.a(lib_a-strlen.o)
                0x08007840                strlen
 .text          0x0800791c      0x378 d:/programfiles/gnu arm embedded toolchain/10 2021.10/bin/../lib/gcc/arm-none-eabi/10.3.1/thumb/v7e-m/nofp\libgcc.a(_arm_addsubdf3.o)
                0x0800791c                __aeabi_drsub
                0x08007924                __aeabi_dsub
                0x08007924                __subdf3
                0x08007928                __aeabi_dadd
                0x08007928                __adddf3
                0x08007ba0                __floatunsidf
                0x08007ba0                __aeabi_ui2d
                0x08007bc0                __floatsidf
                0x08007bc0                __aeabi_i2d
                0x08007be4                __aeabi_f2d
                0x08007be4                __extendsfdf2
                0x08007c28                __floatundidf
                0x08007c28                __aeabi_ul2d
                0x08007c38                __floatdidf
                0x08007c38                __aeabi_l2d
 .text          0x08007c94      0x424 d:/programfiles/gnu arm embedded toolchain/10 2021.10/bin/../lib/gcc/arm-none-eabi/10.3.1/thumb/v7e-m/nofp\libgcc.a(_arm_muldivdf3.o)
                0x08007c94                __aeabi_dmul
                0x08007c94                __muldf3
                0x08007ee8                __divdf3
                0x08007ee8                __aeabi_ddiv
 .text          0x080080b8      0x110 d:/programfiles/gnu arm embedded toolchain/10 2021.10/bin/../lib/gcc/arm-none-eabi/10.3.1/thumb/v7e-m/nofp\libgcc.a(_arm_cmpdf2.o)
                0x080080b8                __gtdf2
                0x080080b8                __gedf2
                0x080080c0                __ltdf2
                0x080080c0                __ledf2
                0x080080c8                __nedf2
                0x080080c8                __eqdf2
                0x080080c8                __cmpdf2
                0x08008144                __aeabi_cdrcmple
                0x08008154                __aeabi_cdcmpeq
                0x08008154                __aeabi_cdcmple
                0x08008164                __aeabi_dcmpeq
                0x08008178                __aeabi_dcmplt
                0x0800818c                __aeabi_dcmple
                0x080081a0                __aeabi_dcmpge
                0x080081b4                __aeabi_dcmpgt
 .text          0x080081c8       0x2c d:/programfiles/gnu arm embedded toolchain/10 2021.10/bin/../lib/gcc/arm-none-eabi/10.3.1/thumb/v7e-m/nofp\libgcc.a(_arm_unorddf2.o)
                0x080081c8                __unorddf2
                0x080081c8                __aeabi_dcmpun
 .text          0x080081f4       0x50 d:/programfiles/gnu arm embedded toolchain/10 2021.10/bin/../lib/gcc/arm-none-eabi/10.3.1/thumb/v7e-m/nofp\libgcc.a(_arm_fixdfsi.o)
                0x080081f4                __aeabi_d2iz
                0x080081f4                __fixdfsi
 *(.text*)
 .text._Z7keycallv
                0x08008244       0x2c CMakeFiles/car0.elf.dir/Bridge/Bridge.cpp.obj
                0x08008244                keycall()
 .text.MyMian   0x08008270       0x4c CMakeFiles/car0.elf.dir/Bridge/Bridge.cpp.obj
                0x08008270                MyMian
 .text.MX_GPIO_Init
                0x080082bc       0x4c CMakeFiles/car0.elf.dir/Core/Src/gpio.c.obj
                0x080082bc                MX_GPIO_Init
 .text.Error_Handler
                0x08008308        0x4 CMakeFiles/car0.elf.dir/Core/Src/main.c.obj
                0x08008308                Error_Handler
 .text.SystemClock_Config
                0x0800830c       0xa4 CMakeFiles/car0.elf.dir/Core/Src/main.c.obj
                0x0800830c                SystemClock_Config
 .text.main     0x080083b0       0x18 CMakeFiles/car0.elf.dir/Core/Src/main.c.obj
                0x080083b0                main
 .text.HAL_MspInit
                0x080083c8       0x38 CMakeFiles/car0.elf.dir/Core/Src/stm32f4xx_hal_msp.c.obj
                0x080083c8                HAL_MspInit
 .text.NMI_Handler
                0x08008400        0x2 CMakeFiles/car0.elf.dir/Core/Src/stm32f4xx_it.c.obj
                0x08008400                NMI_Handler
 .text.HardFault_Handler
                0x08008402        0x2 CMakeFiles/car0.elf.dir/Core/Src/stm32f4xx_it.c.obj
                0x08008402                HardFault_Handler
 .text.MemManage_Handler
                0x08008404        0x2 CMakeFiles/car0.elf.dir/Core/Src/stm32f4xx_it.c.obj
                0x08008404                MemManage_Handler
 .text.BusFault_Handler
                0x08008406        0x2 CMakeFiles/car0.elf.dir/Core/Src/stm32f4xx_it.c.obj
                0x08008406                BusFault_Handler
 .text.UsageFault_Handler
                0x08008408        0x2 CMakeFiles/car0.elf.dir/Core/Src/stm32f4xx_it.c.obj
                0x08008408                UsageFault_Handler
 .text.SVC_Handler
                0x0800840a        0x2 CMakeFiles/car0.elf.dir/Core/Src/stm32f4xx_it.c.obj
                0x0800840a                SVC_Handler
 .text.DebugMon_Handler
                0x0800840c        0x2 CMakeFiles/car0.elf.dir/Core/Src/stm32f4xx_it.c.obj
                0x0800840c                DebugMon_Handler
 .text.PendSV_Handler
                0x0800840e        0x2 CMakeFiles/car0.elf.dir/Core/Src/stm32f4xx_it.c.obj
                0x0800840e                PendSV_Handler
 .text.SysTick_Handler
                0x08008410        0x8 CMakeFiles/car0.elf.dir/Core/Src/stm32f4xx_it.c.obj
                0x08008410                SysTick_Handler
 .text._getpid  0x08008418        0x4 CMakeFiles/car0.elf.dir/Core/Src/syscalls.c.obj
                0x08008418                _getpid
 .text._kill    0x0800841c       0x10 CMakeFiles/car0.elf.dir/Core/Src/syscalls.c.obj
                0x0800841c                _kill
 .text._exit    0x0800842c        0xc CMakeFiles/car0.elf.dir/Core/Src/syscalls.c.obj
                0x0800842c                _exit
 .text._read    0x08008438       0x20 CMakeFiles/car0.elf.dir/Core/Src/syscalls.c.obj
                0x08008438                _read
 .text._write   0x08008458       0x1c CMakeFiles/car0.elf.dir/Core/Src/syscalls.c.obj
                0x08008458                _write
 .text._close   0x08008474        0x6 CMakeFiles/car0.elf.dir/Core/Src/syscalls.c.obj
                0x08008474                _close
 .text._fstat   0x0800847a        0xa CMakeFiles/car0.elf.dir/Core/Src/syscalls.c.obj
                0x0800847a                _fstat
 .text._isatty  0x08008484        0x4 CMakeFiles/car0.elf.dir/Core/Src/syscalls.c.obj
                0x08008484                _isatty
 .text._lseek   0x08008488        0x4 CMakeFiles/car0.elf.dir/Core/Src/syscalls.c.obj
                0x08008488                _lseek
 .text._sbrk    0x0800848c       0x48 CMakeFiles/car0.elf.dir/Core/Src/sysmem.c.obj
                0x0800848c                _sbrk
 .text.SystemInit
                0x080084d4        0x2 CMakeFiles/car0.elf.dir/Core/Src/system_stm32f4xx.c.obj
                0x080084d4                SystemInit
 *fill*         0x080084d6        0x2 
 .text.MX_USART1_UART_Init
                0x080084d8       0x34 CMakeFiles/car0.elf.dir/Core/Src/usart.c.obj
                0x080084d8                MX_USART1_UART_Init
 .text.HAL_UART_MspInit
                0x0800850c       0x74 CMakeFiles/car0.elf.dir/Core/Src/usart.c.obj
                0x0800850c                HAL_UART_MspInit
 .text.Reset_Handler
                0x08008580       0x50 CMakeFiles/car0.elf.dir/Core/Startup/startup_stm32f407zgtx.s.obj
                0x08008580                Reset_Handler
 .text.Default_Handler
                0x080085d0        0x2 CMakeFiles/car0.elf.dir/Core/Startup/startup_stm32f407zgtx.s.obj
                0x080085d0                RTC_Alarm_IRQHandler
                0x080085d0                HASH_RNG_IRQHandler
                0x080085d0                TIM8_CC_IRQHandler
                0x080085d0                TIM1_CC_IRQHandler
                0x080085d0                DMA2_Stream5_IRQHandler
                0x080085d0                DMA1_Stream5_IRQHandler
                0x080085d0                PVD_IRQHandler
                0x080085d0                SDIO_IRQHandler
                0x080085d0                TAMP_STAMP_IRQHandler
                0x080085d0                CAN2_RX1_IRQHandler
                0x080085d0                TIM8_TRG_COM_TIM14_IRQHandler
                0x080085d0                TIM1_UP_TIM10_IRQHandler
                0x080085d0                TIM8_UP_TIM13_IRQHandler
                0x080085d0                I2C3_ER_IRQHandler
                0x080085d0                I2C2_EV_IRQHandler
                0x080085d0                DMA1_Stream2_IRQHandler
                0x080085d0                CAN1_RX0_IRQHandler
                0x080085d0                FPU_IRQHandler
                0x080085d0                OTG_HS_WKUP_IRQHandler
                0x080085d0                CAN2_SCE_IRQHandler
                0x080085d0                DMA2_Stream2_IRQHandler
                0x080085d0                SPI1_IRQHandler
                0x080085d0                TIM6_DAC_IRQHandler
                0x080085d0                TIM1_BRK_TIM9_IRQHandler
                0x080085d0                DCMI_IRQHandler
                0x080085d0                CAN2_RX0_IRQHandler
                0x080085d0                DMA2_Stream3_IRQHandler
                0x080085d0                USART6_IRQHandler
                0x080085d0                USART3_IRQHandler
                0x080085d0                CAN1_RX1_IRQHandler
                0x080085d0                UART5_IRQHandler
                0x080085d0                DMA2_Stream0_IRQHandler
                0x080085d0                TIM4_IRQHandler
                0x080085d0                I2C1_EV_IRQHandler
                0x080085d0                DMA1_Stream6_IRQHandler
                0x080085d0                DMA1_Stream1_IRQHandler
                0x080085d0                UART4_IRQHandler
                0x080085d0                TIM3_IRQHandler
                0x080085d0                RCC_IRQHandler
                0x080085d0                TIM8_BRK_TIM12_IRQHandler
                0x080085d0                Default_Handler
                0x080085d0                ADC_IRQHandler
                0x080085d0                DMA1_Stream7_IRQHandler
                0x080085d0                TIM7_IRQHandler
                0x080085d0                CAN2_TX_IRQHandler
                0x080085d0                TIM5_IRQHandler
                0x080085d0                DMA2_Stream7_IRQHandler
                0x080085d0                I2C3_EV_IRQHandler
                0x080085d0                RTC_WKUP_IRQHandler
                0x080085d0                ETH_WKUP_IRQHandler
                0x080085d0                SPI2_IRQHandler
                0x080085d0                OTG_HS_EP1_IN_IRQHandler
                0x080085d0                DMA1_Stream0_IRQHandler
                0x080085d0                CAN1_TX_IRQHandler
                0x080085d0                FSMC_IRQHandler
                0x080085d0                ETH_IRQHandler
                0x080085d0                OTG_HS_EP1_OUT_IRQHandler
                0x080085d0                WWDG_IRQHandler
                0x080085d0                TIM2_IRQHandler
                0x080085d0                OTG_FS_WKUP_IRQHandler
                0x080085d0                TIM1_TRG_COM_TIM11_IRQHandler
                0x080085d0                OTG_HS_IRQHandler
                0x080085d0                USART2_IRQHandler
                0x080085d0                I2C2_ER_IRQHandler
                0x080085d0                DMA2_Stream1_IRQHandler
                0x080085d0                CAN1_SCE_IRQHandler
                0x080085d0                FLASH_IRQHandler
                0x080085d0                DMA2_Stream4_IRQHandler
                0x080085d0                USART1_IRQHandler
                0x080085d0                OTG_FS_IRQHandler
                0x080085d0                SPI3_IRQHandler
                0x080085d0                DMA1_Stream4_IRQHandler
                0x080085d0                I2C1_ER_IRQHandler
                0x080085d0                DMA2_Stream6_IRQHandler
                0x080085d0                DMA1_Stream3_IRQHandler
 *fill*         0x080085d2        0x2 
 .text.HAL_InitTick
                0x080085d4       0x4c CMakeFiles/car0.elf.dir/Drivers/STM32F4xx_HAL_Driver/Src/stm32f4xx_hal.c.obj
                0x080085d4                HAL_InitTick
 .text.HAL_Init
                0x08008620       0x34 CMakeFiles/car0.elf.dir/Drivers/STM32F4xx_HAL_Driver/Src/stm32f4xx_hal.c.obj
                0x08008620                HAL_Init
 .text.HAL_IncTick
                0x08008654       0x18 CMakeFiles/car0.elf.dir/Drivers/STM32F4xx_HAL_Driver/Src/stm32f4xx_hal.c.obj
                0x08008654                HAL_IncTick
 .text.HAL_GetTick
                0x0800866c        0xc CMakeFiles/car0.elf.dir/Drivers/STM32F4xx_HAL_Driver/Src/stm32f4xx_hal.c.obj
                0x0800866c                HAL_GetTick
 .text.HAL_Delay
                0x08008678       0x28 CMakeFiles/car0.elf.dir/Drivers/STM32F4xx_HAL_Driver/Src/stm32f4xx_hal.c.obj
                0x08008678                HAL_Delay
 .text.HAL_NVIC_SetPriorityGrouping
                0x080086a0       0x24 CMakeFiles/car0.elf.dir/Drivers/STM32F4xx_HAL_Driver/Src/stm32f4xx_hal_cortex.c.obj
                0x080086a0                HAL_NVIC_SetPriorityGrouping
 .text.HAL_NVIC_SetPriority
                0x080086c4       0x70 CMakeFiles/car0.elf.dir/Drivers/STM32F4xx_HAL_Driver/Src/stm32f4xx_hal_cortex.c.obj
                0x080086c4                HAL_NVIC_SetPriority
 .text.HAL_NVIC_EnableIRQ
                0x08008734       0x1c CMakeFiles/car0.elf.dir/Drivers/STM32F4xx_HAL_Driver/Src/stm32f4xx_hal_cortex.c.obj
                0x08008734                HAL_NVIC_EnableIRQ
 .text.HAL_NVIC_DisableIRQ
                0x08008750       0x24 CMakeFiles/car0.elf.dir/Drivers/STM32F4xx_HAL_Driver/Src/stm32f4xx_hal_cortex.c.obj
                0x08008750                HAL_NVIC_DisableIRQ
 .text.HAL_SYSTICK_Config
                0x08008774       0x28 CMakeFiles/car0.elf.dir/Drivers/STM32F4xx_HAL_Driver/Src/stm32f4xx_hal_cortex.c.obj
                0x08008774                HAL_SYSTICK_Config
 .text.HAL_GPIO_Init
                0x0800879c      0x1e4 CMakeFiles/car0.elf.dir/Drivers/STM32F4xx_HAL_Driver/Src/stm32f4xx_hal_gpio.c.obj
                0x0800879c                HAL_GPIO_Init
 .text.HAL_GPIO_DeInit
                0x08008980      0x134 CMakeFiles/car0.elf.dir/Drivers/STM32F4xx_HAL_Driver/Src/stm32f4xx_hal_gpio.c.obj
                0x08008980                HAL_GPIO_DeInit
 .text.HAL_GPIO_ReadPin
                0x08008ab4        0xe CMakeFiles/car0.elf.dir/Drivers/STM32F4xx_HAL_Driver/Src/stm32f4xx_hal_gpio.c.obj
                0x08008ab4                HAL_GPIO_ReadPin
 .text.HAL_GPIO_WritePin
                0x08008ac2        0xc CMakeFiles/car0.elf.dir/Drivers/STM32F4xx_HAL_Driver/Src/stm32f4xx_hal_gpio.c.obj
                0x08008ac2                HAL_GPIO_WritePin
 .text.HAL_GPIO_TogglePin
                0x08008ace       0x12 CMakeFiles/car0.elf.dir/Drivers/STM32F4xx_HAL_Driver/Src/stm32f4xx_hal_gpio.c.obj
                0x08008ace                HAL_GPIO_TogglePin
 .text.HAL_RCC_OscConfig
                0x08008ae0      0x3f8 CMakeFiles/car0.elf.dir/Drivers/STM32F4xx_HAL_Driver/Src/stm32f4xx_hal_rcc.c.obj
                0x08008ae0                HAL_RCC_OscConfig
 .text.HAL_RCC_GetSysClockFreq
                0x08008ed8       0xd4 CMakeFiles/car0.elf.dir/Drivers/STM32F4xx_HAL_Driver/Src/stm32f4xx_hal_rcc.c.obj
                0x08008ed8                HAL_RCC_GetSysClockFreq
 .text.HAL_RCC_ClockConfig
                0x08008fac      0x160 CMakeFiles/car0.elf.dir/Drivers/STM32F4xx_HAL_Driver/Src/stm32f4xx_hal_rcc.c.obj
                0x08008fac                HAL_RCC_ClockConfig
 .text.HAL_RCC_GetHCLKFreq
                0x0800910c        0xc CMakeFiles/car0.elf.dir/Drivers/STM32F4xx_HAL_Driver/Src/stm32f4xx_hal_rcc.c.obj
                0x0800910c                HAL_RCC_GetHCLKFreq
 .text.HAL_RCC_GetPCLK1Freq
                0x08009118       0x20 CMakeFiles/car0.elf.dir/Drivers/STM32F4xx_HAL_Driver/Src/stm32f4xx_hal_rcc.c.obj
                0x08009118                HAL_RCC_GetPCLK1Freq
 .text.HAL_RCC_GetPCLK2Freq
                0x08009138       0x20 CMakeFiles/car0.elf.dir/Drivers/STM32F4xx_HAL_Driver/Src/stm32f4xx_hal_rcc.c.obj
                0x08009138                HAL_RCC_GetPCLK2Freq
 .text.UART_SetConfig
                0x08009158      0x110 CMakeFiles/car0.elf.dir/Drivers/STM32F4xx_HAL_Driver/Src/stm32f4xx_hal_uart.c.obj
 .text.HAL_UART_Init
                0x08009268       0x5e CMakeFiles/car0.elf.dir/Drivers/STM32F4xx_HAL_Driver/Src/stm32f4xx_hal_uart.c.obj
                0x08009268                HAL_UART_Init
 .text._ZN4GPIOC2Ev
                0x080092c6       0x10 CMakeFiles/car0.elf.dir/myLib/Base_Hardware/Src/BaseGPIO.cpp.obj
                0x080092c6                GPIO::GPIO()
                0x080092c6                GPIO::GPIO()
 .text._ZN4GPIOC2E8Pin_enum
                0x080092d6       0x10 CMakeFiles/car0.elf.dir/myLib/Base_Hardware/Src/BaseGPIO.cpp.obj
                0x080092d6                GPIO::GPIO(Pin_enum)
                0x080092d6                GPIO::GPIO(Pin_enum)
 .text._ZN4GPIO5writeEh
                0x080092e6       0x12 CMakeFiles/car0.elf.dir/myLib/Base_Hardware/Src/BaseGPIO.cpp.obj
                0x080092e6                GPIO::write(unsigned char)
 .text._ZN4GPIO6toggleEv
                0x080092f8       0x10 CMakeFiles/car0.elf.dir/myLib/Base_Hardware/Src/BaseGPIO.cpp.obj
                0x080092f8                GPIO::toggle()
 .text._ZN4GPIO15attachInterruptEPFvvE8GpioExit
                0x08009308       0x16 CMakeFiles/car0.elf.dir/myLib/Base_Hardware/Src/BaseGPIO.cpp.obj
                0x08009308                GPIO::attachInterrupt(void (*)(), GpioExit)
 .text._ZN4GPIOD2Ev
                0x0800931e       0x16 CMakeFiles/car0.elf.dir/myLib/Base_Hardware/Src/BaseGPIO.cpp.obj
                0x0800931e                GPIO::~GPIO()
                0x0800931e                GPIO::~GPIO()
 .text._ZN4GPIOC2E8Pin_enum8GpioMode
                0x08009334       0x28 CMakeFiles/car0.elf.dir/myLib/Base_Hardware/Src/BaseGPIO.cpp.obj
                0x08009334                GPIO::GPIO(Pin_enum, GpioMode)
                0x08009334                GPIO::GPIO(Pin_enum, GpioMode)
 .text._ZN11GPIOFactory11greatMyGPIOEv
                0x0800935c       0x20 CMakeFiles/car0.elf.dir/myLib/Factory/Src/GPIOFactory.cpp.obj
                0x0800935c                GPIOFactory::greatMyGPIO()
 .text._ZN6MyGPIO11gpio_deinitE8Pin_enum
                0x0800937c       0x1e CMakeFiles/car0.elf.dir/myLib/MCU_Hardware/Src/MyGPIO.cpp.obj
                0x0800937c                MyGPIO::gpio_deinit(Pin_enum)
 .text._ZN6MyGPIO10gpio_writeE8Pin_enumh
                0x0800939a       0x1e CMakeFiles/car0.elf.dir/myLib/MCU_Hardware/Src/MyGPIO.cpp.obj
                0x0800939a                MyGPIO::gpio_write(Pin_enum, unsigned char)
 .text._ZN6MyGPIO9gpio_readE8Pin_enum
                0x080093b8       0x1e CMakeFiles/car0.elf.dir/myLib/MCU_Hardware/Src/MyGPIO.cpp.obj
                0x080093b8                MyGPIO::gpio_read(Pin_enum)
 .text._ZN6MyGPIO11gpio_toggleE8Pin_enum
                0x080093d6       0x1e CMakeFiles/car0.elf.dir/myLib/MCU_Hardware/Src/MyGPIO.cpp.obj
                0x080093d6                MyGPIO::gpio_toggle(Pin_enum)
 .text._ZN6MyGPIOD2Ev
                0x080093f4       0x14 CMakeFiles/car0.elf.dir/myLib/MCU_Hardware/Src/MyGPIO.cpp.obj
                0x080093f4                MyGPIO::~MyGPIO()
                0x080093f4                MyGPIO::~MyGPIO()
 .text._ZN6MyGPIOD0Ev
                0x08009408       0x14 CMakeFiles/car0.elf.dir/myLib/MCU_Hardware/Src/MyGPIO.cpp.obj
                0x08009408                MyGPIO::~MyGPIO()
 .text._Z17openCorrespondRCCP12GPIO_TypeDef
                0x0800941c      0x150 CMakeFiles/car0.elf.dir/myLib/MCU_Hardware/Src/MyGPIO.cpp.obj
                0x0800941c                openCorrespondRCC(GPIO_TypeDef*)
 .text._ZN6MyGPIO9gpio_initE8Pin_enum8GpioMode
                0x0800956c       0x48 CMakeFiles/car0.elf.dir/myLib/MCU_Hardware/Src/MyGPIO.cpp.obj
                0x0800956c                MyGPIO::gpio_init(Pin_enum, GpioMode)
 .text._ZN6MyGPIO19get_exit_irqchannelE8Pin_enum
                0x080095b4       0x20 CMakeFiles/car0.elf.dir/myLib/MCU_Hardware/Src/MyGPIO.cpp.obj
                0x080095b4                MyGPIO::get_exit_irqchannel(Pin_enum)
 .text._ZN6MyGPIO19gpio_interrupt_initE8Pin_enumPFvvE8GpioExit
                0x080095d4       0x6c CMakeFiles/car0.elf.dir/myLib/MCU_Hardware/Src/MyGPIO.cpp.obj
                0x080095d4                MyGPIO::gpio_interrupt_init(Pin_enum, void (*)(), GpioExit)
 .text._ZN6MyGPIO21gpio_interrupt_deinitE8Pin_enum
                0x08009640        0xe CMakeFiles/car0.elf.dir/myLib/MCU_Hardware/Src/MyGPIO.cpp.obj
                0x08009640                MyGPIO::gpio_interrupt_deinit(Pin_enum)
 *fill*         0x0800964e        0x2 
 .text._ZN6MyGPIOC2Ev
                0x08009650       0x14 CMakeFiles/car0.elf.dir/myLib/MCU_Hardware/Src/MyGPIO.cpp.obj
                0x08009650                MyGPIO::MyGPIO()
                0x08009650                MyGPIO::MyGPIO()
 .text.EXTI0_IRQHandler
                0x08009664       0x24 CMakeFiles/car0.elf.dir/myLib/MCU_Hardware/Src/MyGPIO.cpp.obj
                0x08009664                EXTI0_IRQHandler
 .text.EXTI1_IRQHandler
                0x08009688       0x24 CMakeFiles/car0.elf.dir/myLib/MCU_Hardware/Src/MyGPIO.cpp.obj
                0x08009688                EXTI1_IRQHandler
 .text.EXTI2_IRQHandler
                0x080096ac       0x24 CMakeFiles/car0.elf.dir/myLib/MCU_Hardware/Src/MyGPIO.cpp.obj
                0x080096ac                EXTI2_IRQHandler
 .text.EXTI3_IRQHandler
                0x080096d0       0x24 CMakeFiles/car0.elf.dir/myLib/MCU_Hardware/Src/MyGPIO.cpp.obj
                0x080096d0                EXTI3_IRQHandler
 .text.EXTI4_IRQHandler
                0x080096f4       0x24 CMakeFiles/car0.elf.dir/myLib/MCU_Hardware/Src/MyGPIO.cpp.obj
                0x080096f4                EXTI4_IRQHandler
 .text.EXTI9_5_IRQHandler
                0x08009718       0x88 CMakeFiles/car0.elf.dir/myLib/MCU_Hardware/Src/MyGPIO.cpp.obj
                0x08009718                EXTI9_5_IRQHandler
 .text.EXTI15_10_IRQHandler
                0x080097a0       0xa8 CMakeFiles/car0.elf.dir/myLib/MCU_Hardware/Src/MyGPIO.cpp.obj
                0x080097a0                EXTI15_10_IRQHandler
 .text._ZN7virGPIOC2Ev
                0x08009848        0xc CMakeFiles/car0.elf.dir/myLib/Virtual_Hardware/Src/virGPIO.cpp.obj
                0x08009848                virGPIO::virGPIO()
                0x08009848                virGPIO::virGPIO()
 .text._ZN7virGPIOD2Ev
                0x08009854        0xc CMakeFiles/car0.elf.dir/myLib/Virtual_Hardware/Src/virGPIO.cpp.obj
                0x08009854                virGPIO::~virGPIO()
                0x08009854                virGPIO::~virGPIO()
 .text._ZNK10__cxxabiv117__class_type_info11__do_upcastEPKS0_PPv
                0x08009860       0x34 d:/programfiles/gnu arm embedded toolchain/10 2021.10/bin/../lib/gcc/arm-none-eabi/10.3.1/../../../../arm-none-eabi/lib/thumb/v7e-m/nofp\libstdc++.a(class_type_info.o)
                0x08009860                __cxxabiv1::__class_type_info::__do_upcast(__cxxabiv1::__class_type_info const*, void**) const
 .text._ZNK10__cxxabiv117__class_type_info20__do_find_public_srcEiPKvPKS0_S2_
                0x08009894        0xc d:/programfiles/gnu arm embedded toolchain/10 2021.10/bin/../lib/gcc/arm-none-eabi/10.3.1/../../../../arm-none-eabi/lib/thumb/v7e-m/nofp\libstdc++.a(class_type_info.o)
                0x08009894                __cxxabiv1::__class_type_info::__do_find_public_src(int, void const*, __cxxabiv1::__class_type_info const*, void const*) const
 .text._ZN10__cxxabiv117__class_type_infoD2Ev
                0x080098a0       0x14 d:/programfiles/gnu arm embedded toolchain/10 2021.10/bin/../lib/gcc/arm-none-eabi/10.3.1/../../../../arm-none-eabi/lib/thumb/v7e-m/nofp\libstdc++.a(class_type_info.o)
                0x080098a0                __cxxabiv1::__class_type_info::~__class_type_info()
                0x080098a0                __cxxabiv1::__class_type_info::~__class_type_info()
 .text._ZN10__cxxabiv117__class_type_infoD0Ev
                0x080098b4       0x1c d:/programfiles/gnu arm embedded toolchain/10 2021.10/bin/../lib/gcc/arm-none-eabi/10.3.1/../../../../arm-none-eabi/lib/thumb/v7e-m/nofp\libstdc++.a(class_type_info.o)
                0x080098b4                __cxxabiv1::__class_type_info::~__class_type_info()
 .text._ZNK10__cxxabiv117__class_type_info12__do_dyncastEiNS0_10__sub_kindEPKS0_PKvS3_S5_RNS0_16__dyncast_resultE
                0x080098d0       0x44 d:/programfiles/gnu arm embedded toolchain/10 2021.10/bin/../lib/gcc/arm-none-eabi/10.3.1/../../../../arm-none-eabi/lib/thumb/v7e-m/nofp\libstdc++.a(class_type_info.o)
                0x080098d0                __cxxabiv1::__class_type_info::__do_dyncast(int, __cxxabiv1::__class_type_info::__sub_kind, __cxxabiv1::__class_type_info const*, void const*, __cxxabiv1::__class_type_info const*, void const*, __cxxabiv1::__class_type_info::__dyncast_result&) const
 .text._ZNK10__cxxabiv117__class_type_info11__do_upcastEPKS0_PKvRNS0_15__upcast_resultE
                0x08009914       0x1c d:/programfiles/gnu arm embedded toolchain/10 2021.10/bin/../lib/gcc/arm-none-eabi/10.3.1/../../../../arm-none-eabi/lib/thumb/v7e-m/nofp\libstdc++.a(class_type_info.o)
                0x08009914                __cxxabiv1::__class_type_info::__do_upcast(__cxxabiv1::__class_type_info const*, void const*, __cxxabiv1::__class_type_info::__upcast_result&) const
 .text._ZNK10__cxxabiv117__class_type_info10__do_catchEPKSt9type_infoPPvj
                0x08009930       0x2c d:/programfiles/gnu arm embedded toolchain/10 2021.10/bin/../lib/gcc/arm-none-eabi/10.3.1/../../../../arm-none-eabi/lib/thumb/v7e-m/nofp\libstdc++.a(class_type_info.o)
                0x08009930                __cxxabiv1::__class_type_info::__do_catch(std::type_info const*, void**, unsigned int) const
 .text._ZdlPvj  0x0800995c        0x4 d:/programfiles/gnu arm embedded toolchain/10 2021.10/bin/../lib/gcc/arm-none-eabi/10.3.1/../../../../arm-none-eabi/lib/thumb/v7e-m/nofp\libstdc++.a(del_ops.o)
                0x0800995c                operator delete(void*, unsigned int)
 .text.__cxa_end_cleanup
                0x08009960        0xc d:/programfiles/gnu arm embedded toolchain/10 2021.10/bin/../lib/gcc/arm-none-eabi/10.3.1/../../../../arm-none-eabi/lib/thumb/v7e-m/nofp\libstdc++.a(eh_arm.o)
                0x08009960                __cxa_end_cleanup
 .text.__cxa_type_match
                0x0800996c       0xb4 d:/programfiles/gnu arm embedded toolchain/10 2021.10/bin/../lib/gcc/arm-none-eabi/10.3.1/../../../../arm-none-eabi/lib/thumb/v7e-m/nofp\libstdc++.a(eh_arm.o)
                0x0800996c                __cxa_type_match
 .text.__cxa_begin_cleanup
                0x08009a20       0x64 d:/programfiles/gnu arm embedded toolchain/10 2021.10/bin/../lib/gcc/arm-none-eabi/10.3.1/../../../../arm-none-eabi/lib/thumb/v7e-m/nofp\libstdc++.a(eh_arm.o)
                0x08009a20                __cxa_begin_cleanup
 .text.__gnu_end_cleanup
                0x08009a84       0x70 d:/programfiles/gnu arm embedded toolchain/10 2021.10/bin/../lib/gcc/arm-none-eabi/10.3.1/../../../../arm-none-eabi/lib/thumb/v7e-m/nofp\libstdc++.a(eh_arm.o)
                0x08009a84                __gnu_end_cleanup
 .text._ZNSt9exceptionD2Ev
                0x08009af4        0x4 d:/programfiles/gnu arm embedded toolchain/10 2021.10/bin/../lib/gcc/arm-none-eabi/10.3.1/../../../../arm-none-eabi/lib/thumb/v7e-m/nofp\libstdc++.a(eh_exception.o)
                0x08009af4                std::exception::~exception()
                0x08009af4                std::exception::~exception()
 .text._ZNSt13bad_exceptionD2Ev
                0x08009af8        0x4 d:/programfiles/gnu arm embedded toolchain/10 2021.10/bin/../lib/gcc/arm-none-eabi/10.3.1/../../../../arm-none-eabi/lib/thumb/v7e-m/nofp\libstdc++.a(eh_exception.o)
                0x08009af8                std::bad_exception::~bad_exception()
                0x08009af8                std::bad_exception::~bad_exception()
 .text._ZNKSt13bad_exception4whatEv
                0x08009afc        0x8 d:/programfiles/gnu arm embedded toolchain/10 2021.10/bin/../lib/gcc/arm-none-eabi/10.3.1/../../../../arm-none-eabi/lib/thumb/v7e-m/nofp\libstdc++.a(eh_exception.o)
                0x08009afc                std::bad_exception::what() const
                0x08009afc                transaction clone for std::bad_exception::what() const
 .text._ZNSt13bad_exceptionD0Ev
                0x08009b04       0x10 d:/programfiles/gnu arm embedded toolchain/10 2021.10/bin/../lib/gcc/arm-none-eabi/10.3.1/../../../../arm-none-eabi/lib/thumb/v7e-m/nofp\libstdc++.a(eh_exception.o)
                0x08009b04                std::bad_exception::~bad_exception()
 .text.__cxa_get_globals_fast
                0x08009b14        0x8 d:/programfiles/gnu arm embedded toolchain/10 2021.10/bin/../lib/gcc/arm-none-eabi/10.3.1/../../../../arm-none-eabi/lib/thumb/v7e-m/nofp\libstdc++.a(eh_globals.o)
                0x08009b14                __cxa_get_globals_fast
 .text.__cxa_get_globals
                0x08009b1c        0x8 d:/programfiles/gnu arm embedded toolchain/10 2021.10/bin/../lib/gcc/arm-none-eabi/10.3.1/../../../../arm-none-eabi/lib/thumb/v7e-m/nofp\libstdc++.a(eh_globals.o)
                0x08009b1c                __cxa_get_globals
 .text._ZL28read_encoded_value_with_basehjPKhPj
                0x08009b24       0xc0 d:/programfiles/gnu arm embedded toolchain/10 2021.10/bin/../lib/gcc/arm-none-eabi/10.3.1/../../../../arm-none-eabi/lib/thumb/v7e-m/nofp\libstdc++.a(eh_personality.o)
 .text._ZL21base_of_encoded_valuehP15_Unwind_Context
                0x08009be4       0x48 d:/programfiles/gnu arm embedded toolchain/10 2021.10/bin/../lib/gcc/arm-none-eabi/10.3.1/../../../../arm-none-eabi/lib/thumb/v7e-m/nofp\libstdc++.a(eh_personality.o)
 .text._ZL17parse_lsda_headerP15_Unwind_ContextPKhP16lsda_header_info
                0x08009c2c       0x94 d:/programfiles/gnu arm embedded toolchain/10 2021.10/bin/../lib/gcc/arm-none-eabi/10.3.1/../../../../arm-none-eabi/lib/thumb/v7e-m/nofp\libstdc++.a(eh_personality.o)
 .text.__gxx_personality_v0
                0x08009cc0      0x4a8 d:/programfiles/gnu arm embedded toolchain/10 2021.10/bin/../lib/gcc/arm-none-eabi/10.3.1/../../../../arm-none-eabi/lib/thumb/v7e-m/nofp\libstdc++.a(eh_personality.o)
                0x08009cc0                __gxx_personality_v0
 .text._ZN10__cxxabiv111__terminateEPFvvE
                0x0800a168       0x28 d:/programfiles/gnu arm embedded toolchain/10 2021.10/bin/../lib/gcc/arm-none-eabi/10.3.1/../../../../arm-none-eabi/lib/thumb/v7e-m/nofp\libstdc++.a(eh_terminate.o)
                0x0800a168                __cxxabiv1::__terminate(void (*)())
 .text._ZSt9terminatev
                0x0800a190       0x14 d:/programfiles/gnu arm embedded toolchain/10 2021.10/bin/../lib/gcc/arm-none-eabi/10.3.1/../../../../arm-none-eabi/lib/thumb/v7e-m/nofp\libstdc++.a(eh_terminate.o)
                0x0800a190                std::terminate()
 .text._ZN10__cxxabiv112__unexpectedEPFvvE
                0x0800a1a4        0x8 d:/programfiles/gnu arm embedded toolchain/10 2021.10/bin/../lib/gcc/arm-none-eabi/10.3.1/../../../../arm-none-eabi/lib/thumb/v7e-m/nofp\libstdc++.a(eh_terminate.o)
                0x0800a1a4                __cxxabiv1::__unexpected(void (*)())
 .text._ZSt10unexpectedv
                0x0800a1ac       0x14 d:/programfiles/gnu arm embedded toolchain/10 2021.10/bin/../lib/gcc/arm-none-eabi/10.3.1/../../../../arm-none-eabi/lib/thumb/v7e-m/nofp\libstdc++.a(eh_terminate.o)
                0x0800a1ac                std::unexpected()
 .text._ZSt13get_terminatev
                0x0800a1c0       0x10 d:/programfiles/gnu arm embedded toolchain/10 2021.10/bin/../lib/gcc/arm-none-eabi/10.3.1/../../../../arm-none-eabi/lib/thumb/v7e-m/nofp\libstdc++.a(eh_terminate.o)
                0x0800a1c0                std::get_terminate()
 .text._ZSt14get_unexpectedv
                0x0800a1d0       0x10 d:/programfiles/gnu arm embedded toolchain/10 2021.10/bin/../lib/gcc/arm-none-eabi/10.3.1/../../../../arm-none-eabi/lib/thumb/v7e-m/nofp\libstdc++.a(eh_terminate.o)
                0x0800a1d0                std::get_unexpected()
 .text._Znwj    0x0800a1e0       0x3c d:/programfiles/gnu arm embedded toolchain/10 2021.10/bin/../lib/gcc/arm-none-eabi/10.3.1/../../../../arm-none-eabi/lib/thumb/v7e-m/nofp\libstdc++.a(new_op.o)
                0x0800a1e0                operator new(unsigned int)
 .text.__cxa_pure_virtual
                0x0800a21c       0x14 d:/programfiles/gnu arm embedded toolchain/10 2021.10/bin/../lib/gcc/arm-none-eabi/10.3.1/../../../../arm-none-eabi/lib/thumb/v7e-m/nofp\libstdc++.a(pure.o)
                0x0800a21c                __cxa_pure_virtual
 .text._ZN10__cxxabiv120__si_class_type_infoD2Ev
                0x0800a230       0x14 d:/programfiles/gnu arm embedded toolchain/10 2021.10/bin/../lib/gcc/arm-none-eabi/10.3.1/../../../../arm-none-eabi/lib/thumb/v7e-m/nofp\libstdc++.a(si_class_type_info.o)
                0x0800a230                __cxxabiv1::__si_class_type_info::~__si_class_type_info()
                0x0800a230                __cxxabiv1::__si_class_type_info::~__si_class_type_info()
 .text._ZN10__cxxabiv120__si_class_type_infoD0Ev
                0x0800a244       0x1c d:/programfiles/gnu arm embedded toolchain/10 2021.10/bin/../lib/gcc/arm-none-eabi/10.3.1/../../../../arm-none-eabi/lib/thumb/v7e-m/nofp\libstdc++.a(si_class_type_info.o)
                0x0800a244                __cxxabiv1::__si_class_type_info::~__si_class_type_info()
 .text._ZNK10__cxxabiv120__si_class_type_info20__do_find_public_srcEiPKvPKNS_17__class_type_infoES2_
                0x0800a260       0x3c d:/programfiles/gnu arm embedded toolchain/10 2021.10/bin/../lib/gcc/arm-none-eabi/10.3.1/../../../../arm-none-eabi/lib/thumb/v7e-m/nofp\libstdc++.a(si_class_type_info.o)
                0x0800a260                __cxxabiv1::__si_class_type_info::__do_find_public_src(int, void const*, __cxxabiv1::__class_type_info const*, void const*) const
 .text._ZNK10__cxxabiv120__si_class_type_info12__do_dyncastEiNS_17__class_type_info10__sub_kindEPKS1_PKvS4_S6_RNS1_16__dyncast_resultE
                0x0800a29c       0x84 d:/programfiles/gnu arm embedded toolchain/10 2021.10/bin/../lib/gcc/arm-none-eabi/10.3.1/../../../../arm-none-eabi/lib/thumb/v7e-m/nofp\libstdc++.a(si_class_type_info.o)
                0x0800a29c                __cxxabiv1::__si_class_type_info::__do_dyncast(int, __cxxabiv1::__class_type_info::__sub_kind, __cxxabiv1::__class_type_info const*, void const*, __cxxabiv1::__class_type_info const*, void const*, __cxxabiv1::__class_type_info::__dyncast_result&) const
 .text._ZNK10__cxxabiv120__si_class_type_info11__do_upcastEPKNS_17__class_type_infoEPKvRNS1_15__upcast_resultE
                0x0800a320       0x2c d:/programfiles/gnu arm embedded toolchain/10 2021.10/bin/../lib/gcc/arm-none-eabi/10.3.1/../../../../arm-none-eabi/lib/thumb/v7e-m/nofp\libstdc++.a(si_class_type_info.o)
                0x0800a320                __cxxabiv1::__si_class_type_info::__do_upcast(__cxxabiv1::__class_type_info const*, void const*, __cxxabiv1::__class_type_info::__upcast_result&) const
 .text._ZNSt9type_infoD2Ev
                0x0800a34c        0x4 d:/programfiles/gnu arm embedded toolchain/10 2021.10/bin/../lib/gcc/arm-none-eabi/10.3.1/../../../../arm-none-eabi/lib/thumb/v7e-m/nofp\libstdc++.a(tinfo.o)
                0x0800a34c                std::type_info::~type_info()
                0x0800a34c                std::type_info::~type_info()
 .text._ZNKSt9type_info14__is_pointer_pEv
                0x0800a350        0x4 d:/programfiles/gnu arm embedded toolchain/10 2021.10/bin/../lib/gcc/arm-none-eabi/10.3.1/../../../../arm-none-eabi/lib/thumb/v7e-m/nofp\libstdc++.a(tinfo.o)
                0x0800a350                std::type_info::__is_pointer_p() const
                0x0800a350                std::type_info::__is_function_p() const
 .text._ZNKSt9type_infoeqERKS_
                0x0800a354       0x2c d:/programfiles/gnu arm embedded toolchain/10 2021.10/bin/../lib/gcc/arm-none-eabi/10.3.1/../../../../arm-none-eabi/lib/thumb/v7e-m/nofp\libstdc++.a(tinfo.o)
                0x0800a354                std::type_info::operator==(std::type_info const&) const
 .text._ZN9__gnu_cxx27__verbose_terminate_handlerEv
                0x0800a380      0x10c d:/programfiles/gnu arm embedded toolchain/10 2021.10/bin/../lib/gcc/arm-none-eabi/10.3.1/../../../../arm-none-eabi/lib/thumb/v7e-m/nofp\libstdc++.a(vterminate.o)
                0x0800a380                __gnu_cxx::__verbose_terminate_handler()
 .text._ZNKSt9bad_alloc4whatEv
                0x0800a48c        0x8 d:/programfiles/gnu arm embedded toolchain/10 2021.10/bin/../lib/gcc/arm-none-eabi/10.3.1/../../../../arm-none-eabi/lib/thumb/v7e-m/nofp\libstdc++.a(bad_alloc.o)
                0x0800a48c                std::bad_alloc::what() const
 .text._ZNSt9bad_allocD2Ev
                0x0800a494       0x14 d:/programfiles/gnu arm embedded toolchain/10 2021.10/bin/../lib/gcc/arm-none-eabi/10.3.1/../../../../arm-none-eabi/lib/thumb/v7e-m/nofp\libstdc++.a(bad_alloc.o)
                0x0800a494                std::bad_alloc::~bad_alloc()
                0x0800a494                std::bad_alloc::~bad_alloc()
 .text._ZNSt9bad_allocD0Ev
                0x0800a4a8       0x1c d:/programfiles/gnu arm embedded toolchain/10 2021.10/bin/../lib/gcc/arm-none-eabi/10.3.1/../../../../arm-none-eabi/lib/thumb/v7e-m/nofp\libstdc++.a(bad_alloc.o)
                0x0800a4a8                std::bad_alloc::~bad_alloc()
 .text._ZdlPv   0x0800a4c4        0x4 d:/programfiles/gnu arm embedded toolchain/10 2021.10/bin/../lib/gcc/arm-none-eabi/10.3.1/../../../../arm-none-eabi/lib/thumb/v7e-m/nofp\libstdc++.a(del_op.o)
                0x0800a4c4                operator delete(void*)
 .text._ZN12_GLOBAL__N_14pool4freeEPv.constprop.0
                0x0800a4c8       0x88 d:/programfiles/gnu arm embedded toolchain/10 2021.10/bin/../lib/gcc/arm-none-eabi/10.3.1/../../../../arm-none-eabi/lib/thumb/v7e-m/nofp\libstdc++.a(eh_alloc.o)
 .text._ZN12_GLOBAL__N_14pool8allocateEj.constprop.0
                0x0800a550       0x5c d:/programfiles/gnu arm embedded toolchain/10 2021.10/bin/../lib/gcc/arm-none-eabi/10.3.1/../../../../arm-none-eabi/lib/thumb/v7e-m/nofp\libstdc++.a(eh_alloc.o)
 .text.__cxa_allocate_exception
                0x0800a5ac       0x30 d:/programfiles/gnu arm embedded toolchain/10 2021.10/bin/../lib/gcc/arm-none-eabi/10.3.1/../../../../arm-none-eabi/lib/thumb/v7e-m/nofp\libstdc++.a(eh_alloc.o)
                0x0800a5ac                __cxa_allocate_exception
 .text.__cxa_free_exception
                0x0800a5dc       0x20 d:/programfiles/gnu arm embedded toolchain/10 2021.10/bin/../lib/gcc/arm-none-eabi/10.3.1/../../../../arm-none-eabi/lib/thumb/v7e-m/nofp\libstdc++.a(eh_alloc.o)
                0x0800a5dc                __cxa_free_exception
 .text.startup._GLOBAL__sub_I__ZN9__gnu_cxx9__freeresEv
                0x0800a5fc       0x28 d:/programfiles/gnu arm embedded toolchain/10 2021.10/bin/../lib/gcc/arm-none-eabi/10.3.1/../../../../arm-none-eabi/lib/thumb/v7e-m/nofp\libstdc++.a(eh_alloc.o)
 .text._ZN10__cxxabiv1L24__is_gxx_exception_classEPc
                0x0800a624       0x3c d:/programfiles/gnu arm embedded toolchain/10 2021.10/bin/../lib/gcc/arm-none-eabi/10.3.1/../../../../arm-none-eabi/lib/thumb/v7e-m/nofp\libstdc++.a(eh_call.o)
 .text.__cxa_call_terminate
                0x0800a660       0x20 d:/programfiles/gnu arm embedded toolchain/10 2021.10/bin/../lib/gcc/arm-none-eabi/10.3.1/../../../../arm-none-eabi/lib/thumb/v7e-m/nofp\libstdc++.a(eh_call.o)
                0x0800a660                __cxa_call_terminate
 .text.unlikely.__cxa_call_unexpected
                0x0800a680       0xe4 d:/programfiles/gnu arm embedded toolchain/10 2021.10/bin/../lib/gcc/arm-none-eabi/10.3.1/../../../../arm-none-eabi/lib/thumb/v7e-m/nofp\libstdc++.a(eh_call.o)
                0x0800a680                __cxa_call_unexpected
 .text.__cxa_begin_catch
                0x0800a764       0x7c d:/programfiles/gnu arm embedded toolchain/10 2021.10/bin/../lib/gcc/arm-none-eabi/10.3.1/../../../../arm-none-eabi/lib/thumb/v7e-m/nofp\libstdc++.a(eh_catch.o)
                0x0800a764                __cxa_begin_catch
 .text.__cxa_end_catch
                0x0800a7e0       0x8c d:/programfiles/gnu arm embedded toolchain/10 2021.10/bin/../lib/gcc/arm-none-eabi/10.3.1/../../../../arm-none-eabi/lib/thumb/v7e-m/nofp\libstdc++.a(eh_catch.o)
                0x0800a7e0                __cxa_end_catch
 .text._ZL23__gxx_exception_cleanup19_Unwind_Reason_CodeP21_Unwind_Control_Block
                0x0800a86c       0x44 d:/programfiles/gnu arm embedded toolchain/10 2021.10/bin/../lib/gcc/arm-none-eabi/10.3.1/../../../../arm-none-eabi/lib/thumb/v7e-m/nofp\libstdc++.a(eh_throw.o)
 .text.__cxa_init_primary_exception
                0x0800a8b0       0x58 d:/programfiles/gnu arm embedded toolchain/10 2021.10/bin/../lib/gcc/arm-none-eabi/10.3.1/../../../../arm-none-eabi/lib/thumb/v7e-m/nofp\libstdc++.a(eh_throw.o)
                0x0800a8b0                __cxa_init_primary_exception
 .text.__cxa_throw
                0x0800a908       0x34 d:/programfiles/gnu arm embedded toolchain/10 2021.10/bin/../lib/gcc/arm-none-eabi/10.3.1/../../../../arm-none-eabi/lib/thumb/v7e-m/nofp\libstdc++.a(eh_throw.o)
                0x0800a908                __cxa_throw
 .text.__cxa_rethrow
                0x0800a93c       0x70 d:/programfiles/gnu arm embedded toolchain/10 2021.10/bin/../lib/gcc/arm-none-eabi/10.3.1/../../../../arm-none-eabi/lib/thumb/v7e-m/nofp\libstdc++.a(eh_throw.o)
                0x0800a93c                __cxa_rethrow
 .text.__cxa_current_exception_type
                0x0800a9ac       0x1c d:/programfiles/gnu arm embedded toolchain/10 2021.10/bin/../lib/gcc/arm-none-eabi/10.3.1/../../../../arm-none-eabi/lib/thumb/v7e-m/nofp\libstdc++.a(eh_type.o)
                0x0800a9ac                __cxa_current_exception_type
 .text._ZSt15get_new_handlerv
                0x0800a9c8       0x10 d:/programfiles/gnu arm embedded toolchain/10 2021.10/bin/../lib/gcc/arm-none-eabi/10.3.1/../../../../arm-none-eabi/lib/thumb/v7e-m/nofp\libstdc++.a(new_handler.o)
                0x0800a9c8                std::get_new_handler()
 .text.unlikely
                0x0800a9d8        0xc d:/programfiles/gnu arm embedded toolchain/10 2021.10/bin/../lib/gcc/arm-none-eabi/10.3.1/thumb/v7e-m/nofp\libgcc.a(pr-support.o)
                0x0800a9d8                _Unwind_GetDataRelBase
                0x0800a9de                _Unwind_GetTextRelBase
 .text.abort    0x0800a9e4       0x10 d:/programfiles/gnu arm embedded toolchain/10 2021.10/bin/../lib/gcc/arm-none-eabi/10.3.1/../../../../arm-none-eabi/lib/thumb/v7e-m/nofp\libg.a(lib_a-abort.o)
                0x0800a9e4                abort
 .text.__errno  0x0800a9f4        0xc d:/programfiles/gnu arm embedded toolchain/10 2021.10/bin/../lib/gcc/arm-none-eabi/10.3.1/../../../../arm-none-eabi/lib/thumb/v7e-m/nofp\libg.a(lib_a-errno.o)
                0x0800a9f4                __errno
 .text.fputc    0x0800aa00       0x58 d:/programfiles/gnu arm embedded toolchain/10 2021.10/bin/../lib/gcc/arm-none-eabi/10.3.1/../../../../arm-none-eabi/lib/thumb/v7e-m/nofp\libg.a(lib_a-fputc.o)
                0x0800aa00                fputc
 .text._fputs_r
                0x0800aa58       0x88 d:/programfiles/gnu arm embedded toolchain/10 2021.10/bin/../lib/gcc/arm-none-eabi/10.3.1/../../../../arm-none-eabi/lib/thumb/v7e-m/nofp\libg.a(lib_a-fputs.o)
                0x0800aa58                _fputs_r
 .text.fputs    0x0800aae0       0x18 d:/programfiles/gnu arm embedded toolchain/10 2021.10/bin/../lib/gcc/arm-none-eabi/10.3.1/../../../../arm-none-eabi/lib/thumb/v7e-m/nofp\libg.a(lib_a-fputs.o)
                0x0800aae0                fputs
 .text.__sfvwrite_r
                0x0800aaf8      0x2e8 d:/programfiles/gnu arm embedded toolchain/10 2021.10/bin/../lib/gcc/arm-none-eabi/10.3.1/../../../../arm-none-eabi/lib/thumb/v7e-m/nofp\libg.a(lib_a-fvwrite.o)
                0x0800aaf8                __sfvwrite_r
 .text._fwrite_r
                0x0800ade0       0xa8 d:/programfiles/gnu arm embedded toolchain/10 2021.10/bin/../lib/gcc/arm-none-eabi/10.3.1/../../../../arm-none-eabi/lib/thumb/v7e-m/nofp\libg.a(lib_a-fwrite.o)
                0x0800ade0                _fwrite_r
 .text.fwrite   0x0800ae88       0x20 d:/programfiles/gnu arm embedded toolchain/10 2021.10/bin/../lib/gcc/arm-none-eabi/10.3.1/../../../../arm-none-eabi/lib/thumb/v7e-m/nofp\libg.a(lib_a-fwrite.o)
                0x0800ae88                fwrite
 .text.__libc_init_array
                0x0800aea8       0x48 d:/programfiles/gnu arm embedded toolchain/10 2021.10/bin/../lib/gcc/arm-none-eabi/10.3.1/../../../../arm-none-eabi/lib/thumb/v7e-m/nofp\libg.a(lib_a-init.o)
                0x0800aea8                __libc_init_array
 .text.__retarget_lock_init_recursive
                0x0800aef0        0x4 d:/programfiles/gnu arm embedded toolchain/10 2021.10/bin/../lib/gcc/arm-none-eabi/10.3.1/../../../../arm-none-eabi/lib/thumb/v7e-m/nofp\libg.a(lib_a-lock.o)
                0x0800aef0                __retarget_lock_init_recursive
 .text.__retarget_lock_close_recursive
                0x0800aef4        0x4 d:/programfiles/gnu arm embedded toolchain/10 2021.10/bin/../lib/gcc/arm-none-eabi/10.3.1/../../../../arm-none-eabi/lib/thumb/v7e-m/nofp\libg.a(lib_a-lock.o)
                0x0800aef4                __retarget_lock_close_recursive
 .text.__retarget_lock_acquire_recursive
                0x0800aef8        0x4 d:/programfiles/gnu arm embedded toolchain/10 2021.10/bin/../lib/gcc/arm-none-eabi/10.3.1/../../../../arm-none-eabi/lib/thumb/v7e-m/nofp\libg.a(lib_a-lock.o)
                0x0800aef8                __retarget_lock_acquire_recursive
 .text.__retarget_lock_release_recursive
                0x0800aefc        0x4 d:/programfiles/gnu arm embedded toolchain/10 2021.10/bin/../lib/gcc/arm-none-eabi/10.3.1/../../../../arm-none-eabi/lib/thumb/v7e-m/nofp\libg.a(lib_a-lock.o)
                0x0800aefc                __retarget_lock_release_recursive
 .text.malloc   0x0800af00       0x10 d:/programfiles/gnu arm embedded toolchain/10 2021.10/bin/../lib/gcc/arm-none-eabi/10.3.1/../../../../arm-none-eabi/lib/thumb/v7e-m/nofp\libg.a(lib_a-malloc.o)
                0x0800af00                malloc
 .text.free     0x0800af10       0x10 d:/programfiles/gnu arm embedded toolchain/10 2021.10/bin/../lib/gcc/arm-none-eabi/10.3.1/../../../../arm-none-eabi/lib/thumb/v7e-m/nofp\libg.a(lib_a-malloc.o)
                0x0800af10                free
 .text._malloc_r
                0x0800af20      0x560 d:/programfiles/gnu arm embedded toolchain/10 2021.10/bin/../lib/gcc/arm-none-eabi/10.3.1/../../../../arm-none-eabi/lib/thumb/v7e-m/nofp\libg.a(lib_a-mallocr.o)
                0x0800af20                _malloc_r
 .text.memcmp   0x0800b480       0x68 d:/programfiles/gnu arm embedded toolchain/10 2021.10/bin/../lib/gcc/arm-none-eabi/10.3.1/../../../../arm-none-eabi/lib/thumb/v7e-m/nofp\libg.a(lib_a-memcmp.o)
                0x0800b480                memcmp
 .text.memmove  0x0800b4e8       0xf8 d:/programfiles/gnu arm embedded toolchain/10 2021.10/bin/../lib/gcc/arm-none-eabi/10.3.1/../../../../arm-none-eabi/lib/thumb/v7e-m/nofp\libg.a(lib_a-memmove.o)
                0x0800b4e8                memmove
 .text.memset   0x0800b5e0       0xa4 d:/programfiles/gnu arm embedded toolchain/10 2021.10/bin/../lib/gcc/arm-none-eabi/10.3.1/../../../../arm-none-eabi/lib/thumb/v7e-m/nofp\libg.a(lib_a-memset.o)
                0x0800b5e0                memset
 .text.__malloc_lock
                0x0800b684        0xc d:/programfiles/gnu arm embedded toolchain/10 2021.10/bin/../lib/gcc/arm-none-eabi/10.3.1/../../../../arm-none-eabi/lib/thumb/v7e-m/nofp\libg.a(lib_a-mlock.o)
                0x0800b684                __malloc_lock
 .text.__malloc_unlock
                0x0800b690        0xc d:/programfiles/gnu arm embedded toolchain/10 2021.10/bin/../lib/gcc/arm-none-eabi/10.3.1/../../../../arm-none-eabi/lib/thumb/v7e-m/nofp\libg.a(lib_a-mlock.o)
                0x0800b690                __malloc_unlock
 .text._putc_r  0x0800b69c       0x74 d:/programfiles/gnu arm embedded toolchain/10 2021.10/bin/../lib/gcc/arm-none-eabi/10.3.1/../../../../arm-none-eabi/lib/thumb/v7e-m/nofp\libg.a(lib_a-putc.o)
                0x0800b69c                _putc_r
 .text.realloc  0x0800b710       0x18 d:/programfiles/gnu arm embedded toolchain/10 2021.10/bin/../lib/gcc/arm-none-eabi/10.3.1/../../../../arm-none-eabi/lib/thumb/v7e-m/nofp\libg.a(lib_a-realloc.o)
                0x0800b710                realloc
 .text._realloc_r
                0x0800b728      0x3d8 d:/programfiles/gnu arm embedded toolchain/10 2021.10/bin/../lib/gcc/arm-none-eabi/10.3.1/../../../../arm-none-eabi/lib/thumb/v7e-m/nofp\libg.a(lib_a-reallocr.o)
                0x0800b728                _realloc_r
 .text._sbrk_r  0x0800bb00       0x24 d:/programfiles/gnu arm embedded toolchain/10 2021.10/bin/../lib/gcc/arm-none-eabi/10.3.1/../../../../arm-none-eabi/lib/thumb/v7e-m/nofp\libg.a(lib_a-sbrkr.o)
                0x0800bb00                _sbrk_r
 .text.raise    0x0800bb24       0x5c d:/programfiles/gnu arm embedded toolchain/10 2021.10/bin/../lib/gcc/arm-none-eabi/10.3.1/../../../../arm-none-eabi/lib/thumb/v7e-m/nofp\libg.a(lib_a-signal.o)
                0x0800bb24                raise
 .text._kill_r  0x0800bb80       0x2c d:/programfiles/gnu arm embedded toolchain/10 2021.10/bin/../lib/gcc/arm-none-eabi/10.3.1/../../../../arm-none-eabi/lib/thumb/v7e-m/nofp\libg.a(lib_a-signalr.o)
                0x0800bb80                _kill_r
 .text._getpid_r
                0x0800bbac        0x4 d:/programfiles/gnu arm embedded toolchain/10 2021.10/bin/../lib/gcc/arm-none-eabi/10.3.1/../../../../arm-none-eabi/lib/thumb/v7e-m/nofp\libg.a(lib_a-signalr.o)
                0x0800bbac                _getpid_r
 .text.sprintf  0x0800bbb0       0x40 d:/programfiles/gnu arm embedded toolchain/10 2021.10/bin/../lib/gcc/arm-none-eabi/10.3.1/../../../../arm-none-eabi/lib/thumb/v7e-m/nofp\libg.a(lib_a-sprintf.o)
                0x0800bbb0                sprintf
 .text.strncmp  0x0800bbf0       0x80 d:/programfiles/gnu arm embedded toolchain/10 2021.10/bin/../lib/gcc/arm-none-eabi/10.3.1/../../../../arm-none-eabi/lib/thumb/v7e-m/nofp\libg.a(lib_a-strncmp.o)
                0x0800bbf0                strncmp
 .text._svfprintf_r
                0x0800bc70     0x1a3c d:/programfiles/gnu arm embedded toolchain/10 2021.10/bin/../lib/gcc/arm-none-eabi/10.3.1/../../../../arm-none-eabi/lib/thumb/v7e-m/nofp\libg.a(lib_a-svfprintf.o)
                0x0800bc70                _svfprintf_r
 .text.write    0x0800d6ac       0x18 d:/programfiles/gnu arm embedded toolchain/10 2021.10/bin/../lib/gcc/arm-none-eabi/10.3.1/../../../../arm-none-eabi/lib/thumb/v7e-m/nofp\libg.a(lib_a-syswrite.o)
                0x0800d6ac                write
 .text.__swbuf_r
                0x0800d6c4       0xb0 d:/programfiles/gnu arm embedded toolchain/10 2021.10/bin/../lib/gcc/arm-none-eabi/10.3.1/../../../../arm-none-eabi/lib/thumb/v7e-m/nofp\libg.a(lib_a-wbuf.o)
                0x0800d6c4                __swbuf_r
 .text._write_r
                0x0800d774       0x2c d:/programfiles/gnu arm embedded toolchain/10 2021.10/bin/../lib/gcc/arm-none-eabi/10.3.1/../../../../arm-none-eabi/lib/thumb/v7e-m/nofp\libg.a(lib_a-writer.o)
                0x0800d774                _write_r
 .text.__swsetup_r
                0x0800d7a0       0xd4 d:/programfiles/gnu arm embedded toolchain/10 2021.10/bin/../lib/gcc/arm-none-eabi/10.3.1/../../../../arm-none-eabi/lib/thumb/v7e-m/nofp\libg.a(lib_a-wsetup.o)
                0x0800d7a0                __swsetup_r
 .text.startup.register_fini
                0x0800d874       0x14 d:/programfiles/gnu arm embedded toolchain/10 2021.10/bin/../lib/gcc/arm-none-eabi/10.3.1/../../../../arm-none-eabi/lib/thumb/v7e-m/nofp\libg.a(lib_a-__call_atexit.o)
 .text.atexit   0x0800d888        0xc d:/programfiles/gnu arm embedded toolchain/10 2021.10/bin/../lib/gcc/arm-none-eabi/10.3.1/../../../../arm-none-eabi/lib/thumb/v7e-m/nofp\libg.a(lib_a-atexit.o)
                0x0800d888                atexit
 .text.quorem   0x0800d894      0x124 d:/programfiles/gnu arm embedded toolchain/10 2021.10/bin/../lib/gcc/arm-none-eabi/10.3.1/../../../../arm-none-eabi/lib/thumb/v7e-m/nofp\libg.a(lib_a-dtoa.o)
 .text._dtoa_r  0x0800d9b8      0xec4 d:/programfiles/gnu arm embedded toolchain/10 2021.10/bin/../lib/gcc/arm-none-eabi/10.3.1/../../../../arm-none-eabi/lib/thumb/v7e-m/nofp\libg.a(lib_a-dtoa.o)
                0x0800d9b8                _dtoa_r
 .text.__sflush_r
                0x0800e87c      0x120 d:/programfiles/gnu arm embedded toolchain/10 2021.10/bin/../lib/gcc/arm-none-eabi/10.3.1/../../../../arm-none-eabi/lib/thumb/v7e-m/nofp\libg.a(lib_a-fflush.o)
                0x0800e87c                __sflush_r
 .text._fflush_r
                0x0800e99c       0x5c d:/programfiles/gnu arm embedded toolchain/10 2021.10/bin/../lib/gcc/arm-none-eabi/10.3.1/../../../../arm-none-eabi/lib/thumb/v7e-m/nofp\libg.a(lib_a-fflush.o)
                0x0800e99c                _fflush_r
 .text._cleanup_r
                0x0800e9f8        0xc d:/programfiles/gnu arm embedded toolchain/10 2021.10/bin/../lib/gcc/arm-none-eabi/10.3.1/../../../../arm-none-eabi/lib/thumb/v7e-m/nofp\libg.a(lib_a-findfp.o)
                0x0800e9f8                _cleanup_r
 .text.__sinit  0x0800ea04      0x10c d:/programfiles/gnu arm embedded toolchain/10 2021.10/bin/../lib/gcc/arm-none-eabi/10.3.1/../../../../arm-none-eabi/lib/thumb/v7e-m/nofp\libg.a(lib_a-findfp.o)
                0x0800ea04                __sinit
 .text.__sfp_lock_acquire
                0x0800eb10        0xc d:/programfiles/gnu arm embedded toolchain/10 2021.10/bin/../lib/gcc/arm-none-eabi/10.3.1/../../../../arm-none-eabi/lib/thumb/v7e-m/nofp\libg.a(lib_a-findfp.o)
                0x0800eb10                __sfp_lock_acquire
 .text.__sfp_lock_release
                0x0800eb1c        0xc d:/programfiles/gnu arm embedded toolchain/10 2021.10/bin/../lib/gcc/arm-none-eabi/10.3.1/../../../../arm-none-eabi/lib/thumb/v7e-m/nofp\libg.a(lib_a-findfp.o)
                0x0800eb1c                __sfp_lock_release
 .text.__libc_fini_array
                0x0800eb28       0x2c d:/programfiles/gnu arm embedded toolchain/10 2021.10/bin/../lib/gcc/arm-none-eabi/10.3.1/../../../../arm-none-eabi/lib/thumb/v7e-m/nofp\libg.a(lib_a-fini.o)
                0x0800eb28                __libc_fini_array
 .text._malloc_trim_r
                0x0800eb54       0xa0 d:/programfiles/gnu arm embedded toolchain/10 2021.10/bin/../lib/gcc/arm-none-eabi/10.3.1/../../../../arm-none-eabi/lib/thumb/v7e-m/nofp\libg.a(lib_a-freer.o)
                0x0800eb54                _malloc_trim_r
 .text._free_r  0x0800ebf4      0x20c d:/programfiles/gnu arm embedded toolchain/10 2021.10/bin/../lib/gcc/arm-none-eabi/10.3.1/../../../../arm-none-eabi/lib/thumb/v7e-m/nofp\libg.a(lib_a-freer.o)
                0x0800ebf4                _free_r
 .text._fwalk_reent
                0x0800ee00       0x48 d:/programfiles/gnu arm embedded toolchain/10 2021.10/bin/../lib/gcc/arm-none-eabi/10.3.1/../../../../arm-none-eabi/lib/thumb/v7e-m/nofp\libg.a(lib_a-fwalk.o)
                0x0800ee00                _fwalk_reent
 .text._localeconv_r
                0x0800ee48        0x8 d:/programfiles/gnu arm embedded toolchain/10 2021.10/bin/../lib/gcc/arm-none-eabi/10.3.1/../../../../arm-none-eabi/lib/thumb/v7e-m/nofp\libg.a(lib_a-localeconv.o)
                0x0800ee48                _localeconv_r
 .text.__smakebuf_r
                0x0800ee50       0xe0 d:/programfiles/gnu arm embedded toolchain/10 2021.10/bin/../lib/gcc/arm-none-eabi/10.3.1/../../../../arm-none-eabi/lib/thumb/v7e-m/nofp\libg.a(lib_a-makebuf.o)
                0x0800ee50                __smakebuf_r
 .text._Balloc  0x0800ef30       0x4c d:/programfiles/gnu arm embedded toolchain/10 2021.10/bin/../lib/gcc/arm-none-eabi/10.3.1/../../../../arm-none-eabi/lib/thumb/v7e-m/nofp\libg.a(lib_a-mprec.o)
                0x0800ef30                _Balloc
 .text._Bfree   0x0800ef7c       0x14 d:/programfiles/gnu arm embedded toolchain/10 2021.10/bin/../lib/gcc/arm-none-eabi/10.3.1/../../../../arm-none-eabi/lib/thumb/v7e-m/nofp\libg.a(lib_a-mprec.o)
                0x0800ef7c                _Bfree
 .text.__multadd
                0x0800ef90       0xa0 d:/programfiles/gnu arm embedded toolchain/10 2021.10/bin/../lib/gcc/arm-none-eabi/10.3.1/../../../../arm-none-eabi/lib/thumb/v7e-m/nofp\libg.a(lib_a-mprec.o)
                0x0800ef90                __multadd
 .text.__hi0bits
                0x0800f030       0x40 d:/programfiles/gnu arm embedded toolchain/10 2021.10/bin/../lib/gcc/arm-none-eabi/10.3.1/../../../../arm-none-eabi/lib/thumb/v7e-m/nofp\libg.a(lib_a-mprec.o)
                0x0800f030                __hi0bits
 .text.__lo0bits
                0x0800f070       0x5c d:/programfiles/gnu arm embedded toolchain/10 2021.10/bin/../lib/gcc/arm-none-eabi/10.3.1/../../../../arm-none-eabi/lib/thumb/v7e-m/nofp\libg.a(lib_a-mprec.o)
                0x0800f070                __lo0bits
 .text.__i2b    0x0800f0cc       0x5c d:/programfiles/gnu arm embedded toolchain/10 2021.10/bin/../lib/gcc/arm-none-eabi/10.3.1/../../../../arm-none-eabi/lib/thumb/v7e-m/nofp\libg.a(lib_a-mprec.o)
                0x0800f0cc                __i2b
 .text.__multiply
                0x0800f128      0x15c d:/programfiles/gnu arm embedded toolchain/10 2021.10/bin/../lib/gcc/arm-none-eabi/10.3.1/../../../../arm-none-eabi/lib/thumb/v7e-m/nofp\libg.a(lib_a-mprec.o)
                0x0800f128                __multiply
 .text.__pow5mult
                0x0800f284       0xc0 d:/programfiles/gnu arm embedded toolchain/10 2021.10/bin/../lib/gcc/arm-none-eabi/10.3.1/../../../../arm-none-eabi/lib/thumb/v7e-m/nofp\libg.a(lib_a-mprec.o)
                0x0800f284                __pow5mult
 .text.__lshift
                0x0800f344       0xf0 d:/programfiles/gnu arm embedded toolchain/10 2021.10/bin/../lib/gcc/arm-none-eabi/10.3.1/../../../../arm-none-eabi/lib/thumb/v7e-m/nofp\libg.a(lib_a-mprec.o)
                0x0800f344                __lshift
 .text.__mcmp   0x0800f434       0x40 d:/programfiles/gnu arm embedded toolchain/10 2021.10/bin/../lib/gcc/arm-none-eabi/10.3.1/../../../../arm-none-eabi/lib/thumb/v7e-m/nofp\libg.a(lib_a-mprec.o)
                0x0800f434                __mcmp
 .text.__mdiff  0x0800f474      0x14c d:/programfiles/gnu arm embedded toolchain/10 2021.10/bin/../lib/gcc/arm-none-eabi/10.3.1/../../../../arm-none-eabi/lib/thumb/v7e-m/nofp\libg.a(lib_a-mprec.o)
                0x0800f474                __mdiff
 .text.__d2b    0x0800f5c0       0xc4 d:/programfiles/gnu arm embedded toolchain/10 2021.10/bin/../lib/gcc/arm-none-eabi/10.3.1/../../../../arm-none-eabi/lib/thumb/v7e-m/nofp\libg.a(lib_a-mprec.o)
                0x0800f5c0                __d2b
 .text.frexp    0x0800f684       0x70 d:/programfiles/gnu arm embedded toolchain/10 2021.10/bin/../lib/gcc/arm-none-eabi/10.3.1/../../../../arm-none-eabi/lib/thumb/v7e-m/nofp\libg.a(lib_a-s_frexp.o)
                0x0800f684                frexp
 .text.__sread  0x0800f6f4       0x24 d:/programfiles/gnu arm embedded toolchain/10 2021.10/bin/../lib/gcc/arm-none-eabi/10.3.1/../../../../arm-none-eabi/lib/thumb/v7e-m/nofp\libg.a(lib_a-stdio.o)
                0x0800f6f4                __sread
 .text.__swrite
                0x0800f718       0x40 d:/programfiles/gnu arm embedded toolchain/10 2021.10/bin/../lib/gcc/arm-none-eabi/10.3.1/../../../../arm-none-eabi/lib/thumb/v7e-m/nofp\libg.a(lib_a-stdio.o)
                0x0800f718                __swrite
 .text.__sseek  0x0800f758       0x20 d:/programfiles/gnu arm embedded toolchain/10 2021.10/bin/../lib/gcc/arm-none-eabi/10.3.1/../../../../arm-none-eabi/lib/thumb/v7e-m/nofp\libg.a(lib_a-stdio.o)
                0x0800f758                __sseek
 .text.__sclose
                0x0800f778        0x8 d:/programfiles/gnu arm embedded toolchain/10 2021.10/bin/../lib/gcc/arm-none-eabi/10.3.1/../../../../arm-none-eabi/lib/thumb/v7e-m/nofp\libg.a(lib_a-stdio.o)
                0x0800f778                __sclose
 .text.strncpy  0x0800f780       0x64 d:/programfiles/gnu arm embedded toolchain/10 2021.10/bin/../lib/gcc/arm-none-eabi/10.3.1/../../../../arm-none-eabi/lib/thumb/v7e-m/nofp\libg.a(lib_a-strncpy.o)
                0x0800f780                strncpy
 .text.__ssprint_r
                0x0800f7e4       0xf8 d:/programfiles/gnu arm embedded toolchain/10 2021.10/bin/../lib/gcc/arm-none-eabi/10.3.1/../../../../arm-none-eabi/lib/thumb/v7e-m/nofp\libg.a(lib_a-svfiprintf.o)
                0x0800f7e4                __ssprint_r
 .text.__register_exitproc
                0x0800f8dc       0x8c d:/programfiles/gnu arm embedded toolchain/10 2021.10/bin/../lib/gcc/arm-none-eabi/10.3.1/../../../../arm-none-eabi/lib/thumb/v7e-m/nofp\libg.a(lib_a-__atexit.o)
                0x0800f8dc                __register_exitproc
 .text.__assert_func
                0x0800f968       0x40 d:/programfiles/gnu arm embedded toolchain/10 2021.10/bin/../lib/gcc/arm-none-eabi/10.3.1/../../../../arm-none-eabi/lib/thumb/v7e-m/nofp\libg.a(lib_a-assert.o)
                0x0800f968                __assert_func
 .text._calloc_r
                0x0800f9a8       0x78 d:/programfiles/gnu arm embedded toolchain/10 2021.10/bin/../lib/gcc/arm-none-eabi/10.3.1/../../../../arm-none-eabi/lib/thumb/v7e-m/nofp\libg.a(lib_a-callocr.o)
                0x0800f9a8                _calloc_r
 .text._close_r
                0x0800fa20       0x24 d:/programfiles/gnu arm embedded toolchain/10 2021.10/bin/../lib/gcc/arm-none-eabi/10.3.1/../../../../arm-none-eabi/lib/thumb/v7e-m/nofp\libg.a(lib_a-closer.o)
                0x0800fa20                _close_r
 .text._fclose_r
                0x0800fa44       0xcc d:/programfiles/gnu arm embedded toolchain/10 2021.10/bin/../lib/gcc/arm-none-eabi/10.3.1/../../../../arm-none-eabi/lib/thumb/v7e-m/nofp\libg.a(lib_a-fclose.o)
                0x0800fa44                _fclose_r
 .text.fiprintf
                0x0800fb10       0x28 d:/programfiles/gnu arm embedded toolchain/10 2021.10/bin/../lib/gcc/arm-none-eabi/10.3.1/../../../../arm-none-eabi/lib/thumb/v7e-m/nofp\libg.a(lib_a-fiprintf.o)
                0x0800fb10                fiprintf
 .text._fstat_r
                0x0800fb38       0x2c d:/programfiles/gnu arm embedded toolchain/10 2021.10/bin/../lib/gcc/arm-none-eabi/10.3.1/../../../../arm-none-eabi/lib/thumb/v7e-m/nofp\libg.a(lib_a-fstatr.o)
                0x0800fb38                _fstat_r
 .text._isatty_r
                0x0800fb64       0x24 d:/programfiles/gnu arm embedded toolchain/10 2021.10/bin/../lib/gcc/arm-none-eabi/10.3.1/../../../../arm-none-eabi/lib/thumb/v7e-m/nofp\libg.a(lib_a-isattyr.o)
                0x0800fb64                _isatty_r
 .text.__locale_mb_cur_max
                0x0800fb88        0xc d:/programfiles/gnu arm embedded toolchain/10 2021.10/bin/../lib/gcc/arm-none-eabi/10.3.1/../../../../arm-none-eabi/lib/thumb/v7e-m/nofp\libg.a(lib_a-locale.o)
                0x0800fb88                __locale_mb_cur_max
 .text._lseek_r
                0x0800fb94       0x2c d:/programfiles/gnu arm embedded toolchain/10 2021.10/bin/../lib/gcc/arm-none-eabi/10.3.1/../../../../arm-none-eabi/lib/thumb/v7e-m/nofp\libg.a(lib_a-lseekr.o)
                0x0800fb94                _lseek_r
 .text.__ascii_mbtowc
                0x0800fbc0       0x2c d:/programfiles/gnu arm embedded toolchain/10 2021.10/bin/../lib/gcc/arm-none-eabi/10.3.1/../../../../arm-none-eabi/lib/thumb/v7e-m/nofp\libg.a(lib_a-mbtowc_r.o)
                0x0800fbc0                __ascii_mbtowc
 .text._read_r  0x0800fbec       0x2c d:/programfiles/gnu arm embedded toolchain/10 2021.10/bin/../lib/gcc/arm-none-eabi/10.3.1/../../../../arm-none-eabi/lib/thumb/v7e-m/nofp\libg.a(lib_a-readr.o)
                0x0800fbec                _read_r
 .text.__sprint_r.part.0
                0x0800fc18       0x78 d:/programfiles/gnu arm embedded toolchain/10 2021.10/bin/../lib/gcc/arm-none-eabi/10.3.1/../../../../arm-none-eabi/lib/thumb/v7e-m/nofp\libg.a(lib_a-vfiprintf.o)
 .text._vfiprintf_r
                0x0800fc90      0xda0 d:/programfiles/gnu arm embedded toolchain/10 2021.10/bin/../lib/gcc/arm-none-eabi/10.3.1/../../../../arm-none-eabi/lib/thumb/v7e-m/nofp\libg.a(lib_a-vfiprintf.o)
                0x0800fc90                _vfiprintf_r
 .text.__sbprintf
                0x08010a30       0x80 d:/programfiles/gnu arm embedded toolchain/10 2021.10/bin/../lib/gcc/arm-none-eabi/10.3.1/../../../../arm-none-eabi/lib/thumb/v7e-m/nofp\libg.a(lib_a-vfiprintf.o)
 .text.__ascii_wctomb
                0x08010ab0       0x1c d:/programfiles/gnu arm embedded toolchain/10 2021.10/bin/../lib/gcc/arm-none-eabi/10.3.1/../../../../arm-none-eabi/lib/thumb/v7e-m/nofp\libg.a(lib_a-wctomb_r.o)
                0x08010ab0                __ascii_wctomb
 .text.__fputwc
                0x08010acc       0xa8 d:/programfiles/gnu arm embedded toolchain/10 2021.10/bin/../lib/gcc/arm-none-eabi/10.3.1/../../../../arm-none-eabi/lib/thumb/v7e-m/nofp\libg.a(lib_a-fputwc.o)
                0x08010acc                __fputwc
 .text._fputwc_r
                0x08010b74       0x68 d:/programfiles/gnu arm embedded toolchain/10 2021.10/bin/../lib/gcc/arm-none-eabi/10.3.1/../../../../arm-none-eabi/lib/thumb/v7e-m/nofp\libg.a(lib_a-fputwc.o)
                0x08010b74                _fputwc_r
 .text._wcrtomb_r
                0x08010bdc       0x3c d:/programfiles/gnu arm embedded toolchain/10 2021.10/bin/../lib/gcc/arm-none-eabi/10.3.1/../../../../arm-none-eabi/lib/thumb/v7e-m/nofp\libg.a(lib_a-wcrtomb.o)
                0x08010bdc                _wcrtomb_r
 *(.glue_7)
 .glue_7        0x08010c18        0x0 linker stubs
 *(.glue_7t)
 .glue_7t       0x08010c18        0x0 linker stubs
 *(.eh_frame)
 .eh_frame      0x08010c18        0x0 d:/programfiles/gnu arm embedded toolchain/10 2021.10/bin/../lib/gcc/arm-none-eabi/10.3.1/thumb/v7e-m/nofp/crtbegin.o
 *(.init)
 .init          0x08010c18        0x4 d:/programfiles/gnu arm embedded toolchain/10 2021.10/bin/../lib/gcc/arm-none-eabi/10.3.1/thumb/v7e-m/nofp/crti.o
                0x08010c18                _init
 .init          0x08010c1c        0x8 d:/programfiles/gnu arm embedded toolchain/10 2021.10/bin/../lib/gcc/arm-none-eabi/10.3.1/thumb/v7e-m/nofp/crtn.o
 *(.fini)
 .fini          0x08010c24        0x4 d:/programfiles/gnu arm embedded toolchain/10 2021.10/bin/../lib/gcc/arm-none-eabi/10.3.1/thumb/v7e-m/nofp/crti.o
                0x08010c24                _fini
 .fini          0x08010c28        0x8 d:/programfiles/gnu arm embedded toolchain/10 2021.10/bin/../lib/gcc/arm-none-eabi/10.3.1/thumb/v7e-m/nofp/crtn.o
                0x08010c30                . = ALIGN (0x4)
                0x08010c30                _etext = .

.vfp11_veneer   0x08010c30        0x0
 .vfp11_veneer  0x08010c30        0x0 linker stubs

.v4_bx          0x08010c30        0x0
 .v4_bx         0x08010c30        0x0 linker stubs

.iplt           0x08010c30        0x0
 .iplt          0x08010c30        0x0 d:/programfiles/gnu arm embedded toolchain/10 2021.10/bin/../lib/gcc/arm-none-eabi/10.3.1/thumb/v7e-m/nofp/crtbegin.o

.rodata         0x08010c30     0x1774
                0x08010c30                . = ALIGN (0x4)
 *(.rodata)
 .rodata        0x08010c30      0x7cc d:/programfiles/gnu arm embedded toolchain/10 2021.10/bin/../lib/gcc/arm-none-eabi/10.3.1/../../../../arm-none-eabi/lib/thumb/v7e-m/nofp\libstdc++.a(cp-demangle.o)
 *(.rodata*)
 .rodata.AHBPrescTable
                0x080113fc       0x10 CMakeFiles/car0.elf.dir/Core/Src/system_stm32f4xx.c.obj
                0x080113fc                AHBPrescTable
 .rodata.APBPrescTable
                0x0801140c        0x8 CMakeFiles/car0.elf.dir/Core/Src/system_stm32f4xx.c.obj
                0x0801140c                APBPrescTable
 .rodata._ZTI6MyGPIO
                0x08011414        0xc CMakeFiles/car0.elf.dir/myLib/MCU_Hardware/Src/MyGPIO.cpp.obj
                0x08011414                typeinfo for MyGPIO
 .rodata._ZTS6MyGPIO
                0x08011420        0x8 CMakeFiles/car0.elf.dir/myLib/MCU_Hardware/Src/MyGPIO.cpp.obj
                0x08011420                typeinfo name for MyGPIO
 .rodata._ZTV6MyGPIO
                0x08011428       0x2c CMakeFiles/car0.elf.dir/myLib/MCU_Hardware/Src/MyGPIO.cpp.obj
                0x08011428                vtable for MyGPIO
 .rodata._ZTI7virGPIO
                0x08011454        0x8 CMakeFiles/car0.elf.dir/myLib/Virtual_Hardware/Src/virGPIO.cpp.obj
                0x08011454                typeinfo for virGPIO
 .rodata._ZTS7virGPIO
                0x0801145c        0x9 CMakeFiles/car0.elf.dir/myLib/Virtual_Hardware/Src/virGPIO.cpp.obj
                0x0801145c                typeinfo name for virGPIO
 *fill*         0x08011465        0x3 
 .rodata._ZTV7virGPIO
                0x08011468       0x2c CMakeFiles/car0.elf.dir/myLib/Virtual_Hardware/Src/virGPIO.cpp.obj
                0x08011468                vtable for virGPIO
 .rodata._ZTIN10__cxxabiv117__class_type_infoE
                0x08011494        0xc d:/programfiles/gnu arm embedded toolchain/10 2021.10/bin/../lib/gcc/arm-none-eabi/10.3.1/../../../../arm-none-eabi/lib/thumb/v7e-m/nofp\libstdc++.a(class_type_info.o)
                0x08011494                typeinfo for __cxxabiv1::__class_type_info
 .rodata._ZTSN10__cxxabiv117__class_type_infoE
                0x080114a0       0x22 d:/programfiles/gnu arm embedded toolchain/10 2021.10/bin/../lib/gcc/arm-none-eabi/10.3.1/../../../../arm-none-eabi/lib/thumb/v7e-m/nofp\libstdc++.a(class_type_info.o)
                0x080114a0                typeinfo name for __cxxabiv1::__class_type_info
 *fill*         0x080114c2        0x2 
 .rodata._ZTVN10__cxxabiv117__class_type_infoE
                0x080114c4       0x2c d:/programfiles/gnu arm embedded toolchain/10 2021.10/bin/../lib/gcc/arm-none-eabi/10.3.1/../../../../arm-none-eabi/lib/thumb/v7e-m/nofp\libstdc++.a(class_type_info.o)
                0x080114c4                vtable for __cxxabiv1::__class_type_info
 .rodata._ZNKSt13bad_exception4whatEv.str1.4
                0x080114f0       0x13 d:/programfiles/gnu arm embedded toolchain/10 2021.10/bin/../lib/gcc/arm-none-eabi/10.3.1/../../../../arm-none-eabi/lib/thumb/v7e-m/nofp\libstdc++.a(eh_exception.o)
 *fill*         0x08011503        0x1 
 .rodata._ZTIN10__cxxabiv115__forced_unwindE
                0x08011504        0x8 d:/programfiles/gnu arm embedded toolchain/10 2021.10/bin/../lib/gcc/arm-none-eabi/10.3.1/../../../../arm-none-eabi/lib/thumb/v7e-m/nofp\libstdc++.a(eh_exception.o)
                0x08011504                typeinfo for __cxxabiv1::__forced_unwind
 .rodata._ZTIN10__cxxabiv119__foreign_exceptionE
                0x0801150c        0x8 d:/programfiles/gnu arm embedded toolchain/10 2021.10/bin/../lib/gcc/arm-none-eabi/10.3.1/../../../../arm-none-eabi/lib/thumb/v7e-m/nofp\libstdc++.a(eh_exception.o)
                0x0801150c                typeinfo for __cxxabiv1::__foreign_exception
 .rodata._ZTISt13bad_exception
                0x08011514        0xc d:/programfiles/gnu arm embedded toolchain/10 2021.10/bin/../lib/gcc/arm-none-eabi/10.3.1/../../../../arm-none-eabi/lib/thumb/v7e-m/nofp\libstdc++.a(eh_exception.o)
                0x08011514                typeinfo for std::bad_exception
 .rodata._ZTISt9exception
                0x08011520        0x8 d:/programfiles/gnu arm embedded toolchain/10 2021.10/bin/../lib/gcc/arm-none-eabi/10.3.1/../../../../arm-none-eabi/lib/thumb/v7e-m/nofp\libstdc++.a(eh_exception.o)
                0x08011520                typeinfo for std::exception
 .rodata._ZTSN10__cxxabiv115__forced_unwindE
                0x08011528       0x20 d:/programfiles/gnu arm embedded toolchain/10 2021.10/bin/../lib/gcc/arm-none-eabi/10.3.1/../../../../arm-none-eabi/lib/thumb/v7e-m/nofp\libstdc++.a(eh_exception.o)
                0x08011528                typeinfo name for __cxxabiv1::__forced_unwind
 .rodata._ZTSN10__cxxabiv119__foreign_exceptionE
                0x08011548       0x24 d:/programfiles/gnu arm embedded toolchain/10 2021.10/bin/../lib/gcc/arm-none-eabi/10.3.1/../../../../arm-none-eabi/lib/thumb/v7e-m/nofp\libstdc++.a(eh_exception.o)
                0x08011548                typeinfo name for __cxxabiv1::__foreign_exception
 .rodata._ZTSSt13bad_exception
                0x0801156c       0x12 d:/programfiles/gnu arm embedded toolchain/10 2021.10/bin/../lib/gcc/arm-none-eabi/10.3.1/../../../../arm-none-eabi/lib/thumb/v7e-m/nofp\libstdc++.a(eh_exception.o)
                0x0801156c                typeinfo name for std::bad_exception
 *fill*         0x0801157e        0x2 
 .rodata._ZTSSt9exception
                0x08011580        0xd d:/programfiles/gnu arm embedded toolchain/10 2021.10/bin/../lib/gcc/arm-none-eabi/10.3.1/../../../../arm-none-eabi/lib/thumb/v7e-m/nofp\libstdc++.a(eh_exception.o)
                0x08011580                typeinfo name for std::exception
 *fill*         0x0801158d        0x3 
 .rodata._ZTVSt13bad_exception
                0x08011590       0x14 d:/programfiles/gnu arm embedded toolchain/10 2021.10/bin/../lib/gcc/arm-none-eabi/10.3.1/../../../../arm-none-eabi/lib/thumb/v7e-m/nofp\libstdc++.a(eh_exception.o)
                0x08011590                vtable for std::bad_exception
 .rodata.__cxa_pure_virtual.str1.4
                0x080115a4       0x1c d:/programfiles/gnu arm embedded toolchain/10 2021.10/bin/../lib/gcc/arm-none-eabi/10.3.1/../../../../arm-none-eabi/lib/thumb/v7e-m/nofp\libstdc++.a(pure.o)
 .rodata._ZTIN10__cxxabiv120__si_class_type_infoE
                0x080115c0        0xc d:/programfiles/gnu arm embedded toolchain/10 2021.10/bin/../lib/gcc/arm-none-eabi/10.3.1/../../../../arm-none-eabi/lib/thumb/v7e-m/nofp\libstdc++.a(si_class_type_info.o)
                0x080115c0                typeinfo for __cxxabiv1::__si_class_type_info
 .rodata._ZTSN10__cxxabiv120__si_class_type_infoE
                0x080115cc       0x25 d:/programfiles/gnu arm embedded toolchain/10 2021.10/bin/../lib/gcc/arm-none-eabi/10.3.1/../../../../arm-none-eabi/lib/thumb/v7e-m/nofp\libstdc++.a(si_class_type_info.o)
                0x080115cc                typeinfo name for __cxxabiv1::__si_class_type_info
 *fill*         0x080115f1        0x3 
 .rodata._ZTVN10__cxxabiv120__si_class_type_infoE
                0x080115f4       0x2c d:/programfiles/gnu arm embedded toolchain/10 2021.10/bin/../lib/gcc/arm-none-eabi/10.3.1/../../../../arm-none-eabi/lib/thumb/v7e-m/nofp\libstdc++.a(si_class_type_info.o)
                0x080115f4                vtable for __cxxabiv1::__si_class_type_info
 .rodata._ZTISt9type_info
                0x08011620        0x8 d:/programfiles/gnu arm embedded toolchain/10 2021.10/bin/../lib/gcc/arm-none-eabi/10.3.1/../../../../arm-none-eabi/lib/thumb/v7e-m/nofp\libstdc++.a(tinfo.o)
                0x08011620                typeinfo for std::type_info
 .rodata._ZTSSt9type_info
                0x08011628        0xd d:/programfiles/gnu arm embedded toolchain/10 2021.10/bin/../lib/gcc/arm-none-eabi/10.3.1/../../../../arm-none-eabi/lib/thumb/v7e-m/nofp\libstdc++.a(tinfo.o)
                0x08011628                typeinfo name for std::type_info
 *fill*         0x08011635        0x3 
 .rodata._ZN9__gnu_cxx27__verbose_terminate_handlerEv.str1.4
                0x08011638       0x94 d:/programfiles/gnu arm embedded toolchain/10 2021.10/bin/../lib/gcc/arm-none-eabi/10.3.1/../../../../arm-none-eabi/lib/thumb/v7e-m/nofp\libstdc++.a(vterminate.o)
 .rodata._ZNKSt9bad_alloc4whatEv.str1.4
                0x080116cc        0xf d:/programfiles/gnu arm embedded toolchain/10 2021.10/bin/../lib/gcc/arm-none-eabi/10.3.1/../../../../arm-none-eabi/lib/thumb/v7e-m/nofp\libstdc++.a(bad_alloc.o)
 *fill*         0x080116db        0x1 
 .rodata._ZTISt9bad_alloc
                0x080116dc        0xc d:/programfiles/gnu arm embedded toolchain/10 2021.10/bin/../lib/gcc/arm-none-eabi/10.3.1/../../../../arm-none-eabi/lib/thumb/v7e-m/nofp\libstdc++.a(bad_alloc.o)
                0x080116dc                typeinfo for std::bad_alloc
 .rodata._ZTSSt9bad_alloc
                0x080116e8        0xd d:/programfiles/gnu arm embedded toolchain/10 2021.10/bin/../lib/gcc/arm-none-eabi/10.3.1/../../../../arm-none-eabi/lib/thumb/v7e-m/nofp\libstdc++.a(bad_alloc.o)
                0x080116e8                typeinfo name for std::bad_alloc
 *fill*         0x080116f5        0x3 
 .rodata._ZTVSt9bad_alloc
                0x080116f8       0x14 d:/programfiles/gnu arm embedded toolchain/10 2021.10/bin/../lib/gcc/arm-none-eabi/10.3.1/../../../../arm-none-eabi/lib/thumb/v7e-m/nofp\libstdc++.a(bad_alloc.o)
                0x080116f8                vtable for std::bad_alloc
 .rodata.str1.4
                0x0801170c      0x899 d:/programfiles/gnu arm embedded toolchain/10 2021.10/bin/../lib/gcc/arm-none-eabi/10.3.1/../../../../arm-none-eabi/lib/thumb/v7e-m/nofp\libstdc++.a(cp-demangle.o)
                                0x8e9 (size before relaxing)
 *fill*         0x08011fa5        0x3 
 .rodata._global_impure_ptr
                0x08011fa8        0x4 d:/programfiles/gnu arm embedded toolchain/10 2021.10/bin/../lib/gcc/arm-none-eabi/10.3.1/../../../../arm-none-eabi/lib/thumb/v7e-m/nofp\libg.a(lib_a-impure.o)
                0x08011fa8                _global_impure_ptr
 .rodata._svfprintf_r.str1.4
                0x08011fac       0x42 d:/programfiles/gnu arm embedded toolchain/10 2021.10/bin/../lib/gcc/arm-none-eabi/10.3.1/../../../../arm-none-eabi/lib/thumb/v7e-m/nofp\libg.a(lib_a-svfprintf.o)
 *fill*         0x08011fee        0x2 
 .rodata.blanks.1
                0x08011ff0       0x10 d:/programfiles/gnu arm embedded toolchain/10 2021.10/bin/../lib/gcc/arm-none-eabi/10.3.1/../../../../arm-none-eabi/lib/thumb/v7e-m/nofp\libg.a(lib_a-svfprintf.o)
 .rodata.zeroes.0
                0x08012000       0x10 d:/programfiles/gnu arm embedded toolchain/10 2021.10/bin/../lib/gcc/arm-none-eabi/10.3.1/../../../../arm-none-eabi/lib/thumb/v7e-m/nofp\libg.a(lib_a-svfprintf.o)
 .rodata._dtoa_r.str1.4
                0x08012010       0xa2 d:/programfiles/gnu arm embedded toolchain/10 2021.10/bin/../lib/gcc/arm-none-eabi/10.3.1/../../../../arm-none-eabi/lib/thumb/v7e-m/nofp\libg.a(lib_a-dtoa.o)
                                 0xa6 (size before relaxing)
 *fill*         0x080120b2        0x2 
 .rodata.__multadd.str1.4
                0x080120b4       0x7f d:/programfiles/gnu arm embedded toolchain/10 2021.10/bin/../lib/gcc/arm-none-eabi/10.3.1/../../../../arm-none-eabi/lib/thumb/v7e-m/nofp\libg.a(lib_a-mprec.o)
                                 0x93 (size before relaxing)
 *fill*         0x08012133        0x5 
 .rodata.__mprec_bigtens
                0x08012138       0x28 d:/programfiles/gnu arm embedded toolchain/10 2021.10/bin/../lib/gcc/arm-none-eabi/10.3.1/../../../../arm-none-eabi/lib/thumb/v7e-m/nofp\libg.a(lib_a-mprec.o)
                0x08012138                __mprec_bigtens
 .rodata.__mprec_tens
                0x08012160       0xc8 d:/programfiles/gnu arm embedded toolchain/10 2021.10/bin/../lib/gcc/arm-none-eabi/10.3.1/../../../../arm-none-eabi/lib/thumb/v7e-m/nofp\libg.a(lib_a-mprec.o)
                0x08012160                __mprec_tens
 .rodata.p05.0  0x08012228        0xc d:/programfiles/gnu arm embedded toolchain/10 2021.10/bin/../lib/gcc/arm-none-eabi/10.3.1/../../../../arm-none-eabi/lib/thumb/v7e-m/nofp\libg.a(lib_a-mprec.o)
 .rodata.__assert_func.str1.4
                0x08012234       0x3f d:/programfiles/gnu arm embedded toolchain/10 2021.10/bin/../lib/gcc/arm-none-eabi/10.3.1/../../../../arm-none-eabi/lib/thumb/v7e-m/nofp\libg.a(lib_a-assert.o)
                                 0x43 (size before relaxing)
 *fill*         0x08012273        0x1 
 .rodata._setlocale_r.str1.4
                0x08012274        0xa d:/programfiles/gnu arm embedded toolchain/10 2021.10/bin/../lib/gcc/arm-none-eabi/10.3.1/../../../../arm-none-eabi/lib/thumb/v7e-m/nofp\libg.a(lib_a-locale.o)
                                  0xd (size before relaxing)
 .rodata.str1.4
                0x0801227e        0x2 d:/programfiles/gnu arm embedded toolchain/10 2021.10/bin/../lib/gcc/arm-none-eabi/10.3.1/../../../../arm-none-eabi/lib/thumb/v7e-m/nofp\libg.a(lib_a-locale.o)
 .rodata._vfiprintf_r.str1.4
                0x0801227e       0x2f d:/programfiles/gnu arm embedded toolchain/10 2021.10/bin/../lib/gcc/arm-none-eabi/10.3.1/../../../../arm-none-eabi/lib/thumb/v7e-m/nofp\libg.a(lib_a-vfiprintf.o)
 *fill*         0x0801227e        0x2 
 .rodata.blanks.1
                0x08012280       0x10 d:/programfiles/gnu arm embedded toolchain/10 2021.10/bin/../lib/gcc/arm-none-eabi/10.3.1/../../../../arm-none-eabi/lib/thumb/v7e-m/nofp\libg.a(lib_a-vfiprintf.o)
 .rodata.zeroes.0
                0x08012290       0x10 d:/programfiles/gnu arm embedded toolchain/10 2021.10/bin/../lib/gcc/arm-none-eabi/10.3.1/../../../../arm-none-eabi/lib/thumb/v7e-m/nofp\libg.a(lib_a-vfiprintf.o)
 .rodata._ctype_
                0x080122a0      0x101 d:/programfiles/gnu arm embedded toolchain/10 2021.10/bin/../lib/gcc/arm-none-eabi/10.3.1/../../../../arm-none-eabi/lib/thumb/v7e-m/nofp\libg.a(lib_a-ctype_.o)
                0x080122a0                _ctype_
                0x080123a4                . = ALIGN (0x4)
 *fill*         0x080123a1        0x3 

.ARM.extab      0x080123a4      0x1a8
                0x080123a4                . = ALIGN (0x4)
 *(.ARM.extab* .gnu.linkonce.armextab.*)
 .ARM.extab.text._Z7keycallv
                0x080123a4       0x18 CMakeFiles/car0.elf.dir/Bridge/Bridge.cpp.obj
 .ARM.extab.text.MyMian
                0x080123bc       0x1c CMakeFiles/car0.elf.dir/Bridge/Bridge.cpp.obj
 .ARM.extab.text._ZN4GPIO6toggleEv
                0x080123d8        0xc CMakeFiles/car0.elf.dir/myLib/Base_Hardware/Src/BaseGPIO.cpp.obj
 .ARM.extab.text._ZN4GPIOC2E8Pin_enum8GpioMode
                0x080123e4       0x18 CMakeFiles/car0.elf.dir/myLib/Base_Hardware/Src/BaseGPIO.cpp.obj
 .ARM.extab.text._ZN11GPIOFactory11greatMyGPIOEv
                0x080123fc       0x18 CMakeFiles/car0.elf.dir/myLib/Factory/Src/GPIOFactory.cpp.obj
 .ARM.extab.text._ZN6MyGPIO11gpio_deinitE8Pin_enum
                0x08012414        0xc CMakeFiles/car0.elf.dir/myLib/MCU_Hardware/Src/MyGPIO.cpp.obj
 .ARM.extab.text._ZN6MyGPIO10gpio_writeE8Pin_enumh
                0x08012420        0xc CMakeFiles/car0.elf.dir/myLib/MCU_Hardware/Src/MyGPIO.cpp.obj
 .ARM.extab.text._ZN6MyGPIO9gpio_readE8Pin_enum
                0x0801242c        0xc CMakeFiles/car0.elf.dir/myLib/MCU_Hardware/Src/MyGPIO.cpp.obj
 .ARM.extab.text._ZN6MyGPIO11gpio_toggleE8Pin_enum
                0x08012438        0xc CMakeFiles/car0.elf.dir/myLib/MCU_Hardware/Src/MyGPIO.cpp.obj
 .ARM.extab.text._ZN6MyGPIO21gpio_interrupt_deinitE8Pin_enum
                0x08012444        0xc CMakeFiles/car0.elf.dir/myLib/MCU_Hardware/Src/MyGPIO.cpp.obj
 .ARM.extab.text._ZL21base_of_encoded_valuehP15_Unwind_Context
                0x08012450        0xc d:/programfiles/gnu arm embedded toolchain/10 2021.10/bin/../lib/gcc/arm-none-eabi/10.3.1/../../../../arm-none-eabi/lib/thumb/v7e-m/nofp\libstdc++.a(eh_personality.o)
 .ARM.extab.text.__gxx_personality_v0
                0x0801245c       0x24 d:/programfiles/gnu arm embedded toolchain/10 2021.10/bin/../lib/gcc/arm-none-eabi/10.3.1/../../../../arm-none-eabi/lib/thumb/v7e-m/nofp\libstdc++.a(eh_personality.o)
 .ARM.extab.text._ZN10__cxxabiv111__terminateEPFvvE
                0x08012480       0x2c d:/programfiles/gnu arm embedded toolchain/10 2021.10/bin/../lib/gcc/arm-none-eabi/10.3.1/../../../../arm-none-eabi/lib/thumb/v7e-m/nofp\libstdc++.a(eh_terminate.o)
 .ARM.extab.text._ZN10__cxxabiv112__unexpectedEPFvvE
                0x080124ac        0xc d:/programfiles/gnu arm embedded toolchain/10 2021.10/bin/../lib/gcc/arm-none-eabi/10.3.1/../../../../arm-none-eabi/lib/thumb/v7e-m/nofp\libstdc++.a(eh_terminate.o)
 .ARM.extab.text._ZSt10unexpectedv